<!doctype html public "-//w3c//dtd html 4.0 transitional//en">
<html><head>
<title>Static Call Graph - [.\Objects\myProject.axf]</title></head>
<body><HR>
<H1>Static Call Graph for image .\Objects\myProject.axf</H1><HR>
<BR><P>#&#060CALLGRAPH&#062# ARM Linker, 6190004: Last Updated: Mon Jan  9 06:20:30 2023
<BR><P>
<H3>Maximum Stack Usage =       1040 bytes + Unknown(Cycles, Untraceable Function Pointers)</H3><H3>
Call chain for Maximum Stack Depth:</H3>
basic_all_tests_complete_message_handler &rArr; CU_print_run_results &rArr; CU_get_run_results_string &rArr; CU_get_elapsed_time &rArr; __aeabi_dsub &rArr; __aeabi_dadd &rArr; _double_epilogue &rArr; _double_round
<P>
<H3>
Mutually Recursive functions
</H3> <LI><a href="#[1]">NMI_Handler</a>&nbsp;&nbsp;&nbsp;&rArr;&nbsp;&nbsp;&nbsp;<a href="#[1]">NMI_Handler</a><BR>
 <LI><a href="#[2]">HardFault_Handler</a>&nbsp;&nbsp;&nbsp;&rArr;&nbsp;&nbsp;&nbsp;<a href="#[2]">HardFault_Handler</a><BR>
 <LI><a href="#[3]">MemManage_Handler</a>&nbsp;&nbsp;&nbsp;&rArr;&nbsp;&nbsp;&nbsp;<a href="#[3]">MemManage_Handler</a><BR>
 <LI><a href="#[4]">BusFault_Handler</a>&nbsp;&nbsp;&nbsp;&rArr;&nbsp;&nbsp;&nbsp;<a href="#[4]">BusFault_Handler</a><BR>
 <LI><a href="#[5]">UsageFault_Handler</a>&nbsp;&nbsp;&nbsp;&rArr;&nbsp;&nbsp;&nbsp;<a href="#[5]">UsageFault_Handler</a><BR>
 <LI><a href="#[7]">DebugMon_Handler</a>&nbsp;&nbsp;&nbsp;&rArr;&nbsp;&nbsp;&nbsp;<a href="#[7]">DebugMon_Handler</a><BR>
 <LI><a href="#[1c]">ADC_IRQHandler</a>&nbsp;&nbsp;&nbsp;&rArr;&nbsp;&nbsp;&nbsp;<a href="#[1c]">ADC_IRQHandler</a><BR>
</UL>
<P>
<H3>
Function Pointers
</H3><UL>
 <LI><a href="#[1c]">ADC_IRQHandler</a> from startup_stm32f429xx.o(.text) referenced from startup_stm32f429xx.o(RESET)
 <LI><a href="#[4]">BusFault_Handler</a> from startup_stm32f429xx.o(.text) referenced from startup_stm32f429xx.o(RESET)
 <LI><a href="#[1e]">CAN1_RX0_IRQHandler</a> from startup_stm32f429xx.o(.text) referenced from startup_stm32f429xx.o(RESET)
 <LI><a href="#[1f]">CAN1_RX1_IRQHandler</a> from startup_stm32f429xx.o(.text) referenced from startup_stm32f429xx.o(RESET)
 <LI><a href="#[20]">CAN1_SCE_IRQHandler</a> from startup_stm32f429xx.o(.text) referenced from startup_stm32f429xx.o(RESET)
 <LI><a href="#[1d]">CAN1_TX_IRQHandler</a> from startup_stm32f429xx.o(.text) referenced from startup_stm32f429xx.o(RESET)
 <LI><a href="#[4a]">CAN2_RX0_IRQHandler</a> from startup_stm32f429xx.o(.text) referenced from startup_stm32f429xx.o(RESET)
 <LI><a href="#[4b]">CAN2_RX1_IRQHandler</a> from startup_stm32f429xx.o(.text) referenced from startup_stm32f429xx.o(RESET)
 <LI><a href="#[4c]">CAN2_SCE_IRQHandler</a> from startup_stm32f429xx.o(.text) referenced from startup_stm32f429xx.o(RESET)
 <LI><a href="#[49]">CAN2_TX_IRQHandler</a> from startup_stm32f429xx.o(.text) referenced from startup_stm32f429xx.o(RESET)
 <LI><a href="#[58]">DCMI_IRQHandler</a> from startup_stm32f429xx.o(.text) referenced from startup_stm32f429xx.o(RESET)
 <LI><a href="#[15]">DMA1_Stream0_IRQHandler</a> from startup_stm32f429xx.o(.text) referenced from startup_stm32f429xx.o(RESET)
 <LI><a href="#[16]">DMA1_Stream1_IRQHandler</a> from startup_stm32f429xx.o(.text) referenced from startup_stm32f429xx.o(RESET)
 <LI><a href="#[17]">DMA1_Stream2_IRQHandler</a> from startup_stm32f429xx.o(.text) referenced from startup_stm32f429xx.o(RESET)
 <LI><a href="#[18]">DMA1_Stream3_IRQHandler</a> from startup_stm32f429xx.o(.text) referenced from startup_stm32f429xx.o(RESET)
 <LI><a href="#[19]">DMA1_Stream4_IRQHandler</a> from startup_stm32f429xx.o(.text) referenced from startup_stm32f429xx.o(RESET)
 <LI><a href="#[1a]">DMA1_Stream5_IRQHandler</a> from startup_stm32f429xx.o(.text) referenced from startup_stm32f429xx.o(RESET)
 <LI><a href="#[1b]">DMA1_Stream6_IRQHandler</a> from startup_stm32f429xx.o(.text) referenced from startup_stm32f429xx.o(RESET)
 <LI><a href="#[39]">DMA1_Stream7_IRQHandler</a> from startup_stm32f429xx.o(.text) referenced from startup_stm32f429xx.o(RESET)
 <LI><a href="#[63]">DMA2D_IRQHandler</a> from startup_stm32f429xx.o(.text) referenced from startup_stm32f429xx.o(RESET)
 <LI><a href="#[42]">DMA2_Stream0_IRQHandler</a> from startup_stm32f429xx.o(.text) referenced from startup_stm32f429xx.o(RESET)
 <LI><a href="#[43]">DMA2_Stream1_IRQHandler</a> from startup_stm32f429xx.o(.text) referenced from startup_stm32f429xx.o(RESET)
 <LI><a href="#[44]">DMA2_Stream2_IRQHandler</a> from startup_stm32f429xx.o(.text) referenced from startup_stm32f429xx.o(RESET)
 <LI><a href="#[45]">DMA2_Stream3_IRQHandler</a> from startup_stm32f429xx.o(.text) referenced from startup_stm32f429xx.o(RESET)
 <LI><a href="#[46]">DMA2_Stream4_IRQHandler</a> from startup_stm32f429xx.o(.text) referenced from startup_stm32f429xx.o(RESET)
 <LI><a href="#[4e]">DMA2_Stream5_IRQHandler</a> from startup_stm32f429xx.o(.text) referenced from startup_stm32f429xx.o(RESET)
 <LI><a href="#[4f]">DMA2_Stream6_IRQHandler</a> from startup_stm32f429xx.o(.text) referenced from startup_stm32f429xx.o(RESET)
 <LI><a href="#[50]">DMA2_Stream7_IRQHandler</a> from startup_stm32f429xx.o(.text) referenced from startup_stm32f429xx.o(RESET)
 <LI><a href="#[7]">DebugMon_Handler</a> from startup_stm32f429xx.o(.text) referenced from startup_stm32f429xx.o(RESET)
 <LI><a href="#[47]">ETH_IRQHandler</a> from startup_stm32f429xx.o(.text) referenced from startup_stm32f429xx.o(RESET)
 <LI><a href="#[48]">ETH_WKUP_IRQHandler</a> from startup_stm32f429xx.o(.text) referenced from startup_stm32f429xx.o(RESET)
 <LI><a href="#[10]">EXTI0_IRQHandler</a> from startup_stm32f429xx.o(.text) referenced from startup_stm32f429xx.o(RESET)
 <LI><a href="#[32]">EXTI15_10_IRQHandler</a> from startup_stm32f429xx.o(.text) referenced from startup_stm32f429xx.o(RESET)
 <LI><a href="#[11]">EXTI1_IRQHandler</a> from startup_stm32f429xx.o(.text) referenced from startup_stm32f429xx.o(RESET)
 <LI><a href="#[12]">EXTI2_IRQHandler</a> from startup_stm32f429xx.o(.text) referenced from startup_stm32f429xx.o(RESET)
 <LI><a href="#[13]">EXTI3_IRQHandler</a> from startup_stm32f429xx.o(.text) referenced from startup_stm32f429xx.o(RESET)
 <LI><a href="#[14]">EXTI4_IRQHandler</a> from startup_stm32f429xx.o(.text) referenced from startup_stm32f429xx.o(RESET)
 <LI><a href="#[21]">EXTI9_5_IRQHandler</a> from startup_stm32f429xx.o(.text) referenced from startup_stm32f429xx.o(RESET)
 <LI><a href="#[e]">FLASH_IRQHandler</a> from startup_stm32f429xx.o(.text) referenced from startup_stm32f429xx.o(RESET)
 <LI><a href="#[3a]">FMC_IRQHandler</a> from startup_stm32f429xx.o(.text) referenced from startup_stm32f429xx.o(RESET)
 <LI><a href="#[5a]">FPU_IRQHandler</a> from startup_stm32f429xx.o(.text) referenced from startup_stm32f429xx.o(RESET)
 <LI><a href="#[59]">HASH_RNG_IRQHandler</a> from startup_stm32f429xx.o(.text) referenced from startup_stm32f429xx.o(RESET)
 <LI><a href="#[2]">HardFault_Handler</a> from startup_stm32f429xx.o(.text) referenced from startup_stm32f429xx.o(RESET)
 <LI><a href="#[2a]">I2C1_ER_IRQHandler</a> from startup_stm32f429xx.o(.text) referenced from startup_stm32f429xx.o(RESET)
 <LI><a href="#[29]">I2C1_EV_IRQHandler</a> from startup_stm32f429xx.o(.text) referenced from startup_stm32f429xx.o(RESET)
 <LI><a href="#[2c]">I2C2_ER_IRQHandler</a> from startup_stm32f429xx.o(.text) referenced from startup_stm32f429xx.o(RESET)
 <LI><a href="#[2b]">I2C2_EV_IRQHandler</a> from startup_stm32f429xx.o(.text) referenced from startup_stm32f429xx.o(RESET)
 <LI><a href="#[53]">I2C3_ER_IRQHandler</a> from startup_stm32f429xx.o(.text) referenced from startup_stm32f429xx.o(RESET)
 <LI><a href="#[52]">I2C3_EV_IRQHandler</a> from startup_stm32f429xx.o(.text) referenced from startup_stm32f429xx.o(RESET)
 <LI><a href="#[62]">LTDC_ER_IRQHandler</a> from startup_stm32f429xx.o(.text) referenced from startup_stm32f429xx.o(RESET)
 <LI><a href="#[61]">LTDC_IRQHandler</a> from startup_stm32f429xx.o(.text) referenced from startup_stm32f429xx.o(RESET)
 <LI><a href="#[3]">MemManage_Handler</a> from startup_stm32f429xx.o(.text) referenced from startup_stm32f429xx.o(RESET)
 <LI><a href="#[1]">NMI_Handler</a> from startup_stm32f429xx.o(.text) referenced from startup_stm32f429xx.o(RESET)
 <LI><a href="#[4d]">OTG_FS_IRQHandler</a> from startup_stm32f429xx.o(.text) referenced from startup_stm32f429xx.o(RESET)
 <LI><a href="#[34]">OTG_FS_WKUP_IRQHandler</a> from startup_stm32f429xx.o(.text) referenced from startup_stm32f429xx.o(RESET)
 <LI><a href="#[55]">OTG_HS_EP1_IN_IRQHandler</a> from startup_stm32f429xx.o(.text) referenced from startup_stm32f429xx.o(RESET)
 <LI><a href="#[54]">OTG_HS_EP1_OUT_IRQHandler</a> from startup_stm32f429xx.o(.text) referenced from startup_stm32f429xx.o(RESET)
 <LI><a href="#[57]">OTG_HS_IRQHandler</a> from startup_stm32f429xx.o(.text) referenced from startup_stm32f429xx.o(RESET)
 <LI><a href="#[56]">OTG_HS_WKUP_IRQHandler</a> from startup_stm32f429xx.o(.text) referenced from startup_stm32f429xx.o(RESET)
 <LI><a href="#[b]">PVD_IRQHandler</a> from startup_stm32f429xx.o(.text) referenced from startup_stm32f429xx.o(RESET)
 <LI><a href="#[8]">PendSV_Handler</a> from port.o(.text.PendSV_Handler) referenced from startup_stm32f429xx.o(RESET)
 <LI><a href="#[f]">RCC_IRQHandler</a> from startup_stm32f429xx.o(.text) referenced from startup_stm32f429xx.o(RESET)
 <LI><a href="#[33]">RTC_Alarm_IRQHandler</a> from startup_stm32f429xx.o(.text) referenced from startup_stm32f429xx.o(RESET)
 <LI><a href="#[d]">RTC_WKUP_IRQHandler</a> from startup_stm32f429xx.o(.text) referenced from startup_stm32f429xx.o(RESET)
 <LI><a href="#[0]">Reset_Handler</a> from startup_stm32f429xx.o(.text) referenced from startup_stm32f429xx.o(RESET)
 <LI><a href="#[60]">SAI1_IRQHandler</a> from startup_stm32f429xx.o(.text) referenced from startup_stm32f429xx.o(RESET)
 <LI><a href="#[3b]">SDIO_IRQHandler</a> from startup_stm32f429xx.o(.text) referenced from startup_stm32f429xx.o(RESET)
 <LI><a href="#[2d]">SPI1_IRQHandler</a> from startup_stm32f429xx.o(.text) referenced from startup_stm32f429xx.o(RESET)
 <LI><a href="#[2e]">SPI2_IRQHandler</a> from startup_stm32f429xx.o(.text) referenced from startup_stm32f429xx.o(RESET)
 <LI><a href="#[3d]">SPI3_IRQHandler</a> from startup_stm32f429xx.o(.text) referenced from startup_stm32f429xx.o(RESET)
 <LI><a href="#[5d]">SPI4_IRQHandler</a> from startup_stm32f429xx.o(.text) referenced from startup_stm32f429xx.o(RESET)
 <LI><a href="#[5e]">SPI5_IRQHandler</a> from startup_stm32f429xx.o(.text) referenced from startup_stm32f429xx.o(RESET)
 <LI><a href="#[5f]">SPI6_IRQHandler</a> from startup_stm32f429xx.o(.text) referenced from startup_stm32f429xx.o(RESET)
 <LI><a href="#[6]">SVC_Handler</a> from port.o(.text.SVC_Handler) referenced from startup_stm32f429xx.o(RESET)
 <LI><a href="#[9]">SysTick_Handler</a> from cmsis_os2.o(.text.SysTick_Handler) referenced from startup_stm32f429xx.o(RESET)
 <LI><a href="#[65]">SystemInit</a> from system_stm32f4xx.o(.text.SystemInit) referenced from startup_stm32f429xx.o(.text)
 <LI><a href="#[c]">TAMP_STAMP_IRQHandler</a> from startup_stm32f429xx.o(.text) referenced from startup_stm32f429xx.o(RESET)
 <LI><a href="#[22]">TIM1_BRK_TIM9_IRQHandler</a> from startup_stm32f429xx.o(.text) referenced from startup_stm32f429xx.o(RESET)
 <LI><a href="#[25]">TIM1_CC_IRQHandler</a> from startup_stm32f429xx.o(.text) referenced from startup_stm32f429xx.o(RESET)
 <LI><a href="#[24]">TIM1_TRG_COM_TIM11_IRQHandler</a> from startup_stm32f429xx.o(.text) referenced from startup_stm32f429xx.o(RESET)
 <LI><a href="#[23]">TIM1_UP_TIM10_IRQHandler</a> from startup_stm32f429xx.o(.text) referenced from startup_stm32f429xx.o(RESET)
 <LI><a href="#[26]">TIM2_IRQHandler</a> from startup_stm32f429xx.o(.text) referenced from startup_stm32f429xx.o(RESET)
 <LI><a href="#[27]">TIM3_IRQHandler</a> from startup_stm32f429xx.o(.text) referenced from startup_stm32f429xx.o(RESET)
 <LI><a href="#[28]">TIM4_IRQHandler</a> from startup_stm32f429xx.o(.text) referenced from startup_stm32f429xx.o(RESET)
 <LI><a href="#[3c]">TIM5_IRQHandler</a> from startup_stm32f429xx.o(.text) referenced from startup_stm32f429xx.o(RESET)
 <LI><a href="#[40]">TIM6_DAC_IRQHandler</a> from startup_stm32f429xx.o(.text) referenced from startup_stm32f429xx.o(RESET)
 <LI><a href="#[41]">TIM7_IRQHandler</a> from startup_stm32f429xx.o(.text) referenced from startup_stm32f429xx.o(RESET)
 <LI><a href="#[35]">TIM8_BRK_TIM12_IRQHandler</a> from startup_stm32f429xx.o(.text) referenced from startup_stm32f429xx.o(RESET)
 <LI><a href="#[38]">TIM8_CC_IRQHandler</a> from startup_stm32f429xx.o(.text) referenced from startup_stm32f429xx.o(RESET)
 <LI><a href="#[37]">TIM8_TRG_COM_TIM14_IRQHandler</a> from startup_stm32f429xx.o(.text) referenced from startup_stm32f429xx.o(RESET)
 <LI><a href="#[36]">TIM8_UP_TIM13_IRQHandler</a> from startup_stm32f429xx.o(.text) referenced from startup_stm32f429xx.o(RESET)
 <LI><a href="#[3e]">UART4_IRQHandler</a> from startup_stm32f429xx.o(.text) referenced from startup_stm32f429xx.o(RESET)
 <LI><a href="#[3f]">UART5_IRQHandler</a> from startup_stm32f429xx.o(.text) referenced from startup_stm32f429xx.o(RESET)
 <LI><a href="#[5b]">UART7_IRQHandler</a> from startup_stm32f429xx.o(.text) referenced from startup_stm32f429xx.o(RESET)
 <LI><a href="#[5c]">UART8_IRQHandler</a> from startup_stm32f429xx.o(.text) referenced from startup_stm32f429xx.o(RESET)
 <LI><a href="#[2f]">USART1_IRQHandler</a> from startup_stm32f429xx.o(.text) referenced from startup_stm32f429xx.o(RESET)
 <LI><a href="#[30]">USART2_IRQHandler</a> from startup_stm32f429xx.o(.text) referenced from startup_stm32f429xx.o(RESET)
 <LI><a href="#[31]">USART3_IRQHandler</a> from startup_stm32f429xx.o(.text) referenced from startup_stm32f429xx.o(RESET)
 <LI><a href="#[51]">USART6_IRQHandler</a> from startup_stm32f429xx.o(.text) referenced from startup_stm32f429xx.o(RESET)
 <LI><a href="#[5]">UsageFault_Handler</a> from startup_stm32f429xx.o(.text) referenced from startup_stm32f429xx.o(RESET)
 <LI><a href="#[a]">WWDG_IRQHandler</a> from startup_stm32f429xx.o(.text) referenced from startup_stm32f429xx.o(RESET)
 <LI><a href="#[6d]">TEST_Mutex()</a> from test_06_mutex.o(.text._Z10TEST_Mutexv) referenced 2 times from test_osapi.o(.text._Z14taskOSAPI_TESTPv)
 <LI><a href="#[7b]">taskOSAPI_TEST(void*)</a> from test_osapi.o(.text._Z14taskOSAPI_TESTPv) referenced 2 times from main.o(.text.main)
 <LI><a href="#[69]">TEST_ThreadJoin()</a> from test_02_thread_join.o(.text._Z15TEST_ThreadJoinv) referenced 2 times from test_osapi.o(.text._Z14taskOSAPI_TESTPv)
 <LI><a href="#[67]">TEST_ThreadName()</a> from test_00_thread_name.o(.text._Z15TEST_ThreadNamev) referenced 2 times from test_osapi.o(.text._Z14taskOSAPI_TESTPv)
 <LI><a href="#[6c]">TEST_ThreadDelay()</a> from test_05_thread_delay.o(.text._Z16TEST_ThreadDelayv) referenced 2 times from test_osapi.o(.text._Z14taskOSAPI_TESTPv)
 <LI><a href="#[6f]">TEST_MortalThread()</a> from test_08_mortal_thread.o(.text._Z17TEST_MortalThreadv) referenced 2 times from test_osapi.o(.text._Z14taskOSAPI_TESTPv)
 <LI><a href="#[6e]">TEST_RecursiveMutex()</a> from test_07_recursive_mutex.o(.text._Z19TEST_RecursiveMutexv) referenced 2 times from test_osapi.o(.text._Z14taskOSAPI_TESTPv)
 <LI><a href="#[68]">TEST_ThreadCreation()</a> from test_01_thread_creation.o(.text._Z19TEST_ThreadCreationv) referenced 2 times from test_osapi.o(.text._Z14taskOSAPI_TESTPv)
 <LI><a href="#[6b]">TEST_ThreadPriority()</a> from test_04_thread_priority.o(.text._Z19TEST_ThreadPriorityv) referenced 2 times from test_osapi.o(.text._Z14taskOSAPI_TESTPv)
 <LI><a href="#[74]">TEST_ThreadStackSize()</a> from test_14_thread_stack_size.o(.text._Z20TEST_ThreadStackSizev) referenced 2 times from test_osapi.o(.text._Z14taskOSAPI_TESTPv)
 <LI><a href="#[71]">TEST_ThreadRunDetailed()</a> from test_11_thread_run_detailed.o(.text._Z22TEST_ThreadRunDetailedv) referenced 2 times from test_osapi.o(.text._Z14taskOSAPI_TESTPv)
 <LI><a href="#[72]">TEST_ThreadStateChecking()</a> from test_12_thread_state.o(.text._Z24TEST_ThreadStateCheckingv) referenced 2 times from test_osapi.o(.text._Z14taskOSAPI_TESTPv)
 <LI><a href="#[6a]">TEST_ThreadSuspendResume()</a> from test_03_thread_suspend_resume.o(.text._Z24TEST_ThreadSuspendResumev) referenced 2 times from test_osapi.o(.text._Z14taskOSAPI_TESTPv)
 <LI><a href="#[70]">TEST_ThreadPriorityChange()</a> from test_10_thread_priority_change.o(.text._Z25TEST_ThreadPriorityChangev) referenced 2 times from test_osapi.o(.text._Z14taskOSAPI_TESTPv)
 <LI><a href="#[73]">TEST_ThreadSuspendInactive()</a> from test_13_thread_suspend_inactive.o(.text._Z26TEST_ThreadSuspendInactivev) referenced 2 times from test_osapi.o(.text._Z14taskOSAPI_TESTPv)
 <LI><a href="#[90]">TestThread0::job()</a> from test_00_thread_name.o(.text._ZN11TestThread03jobEv) referenced from test_00_thread_name.o(.rodata._ZTV11TestThread0)
 <LI><a href="#[82]">TestThread0::~TestThread0__deallocating()</a> from test_00_thread_name.o(.text._ZN11TestThread0D0Ev) referenced from test_00_thread_name.o(.rodata._ZTV11TestThread0)
 <LI><a href="#[81]">TestThread0::~TestThread0__sub_object()</a> from test_00_thread_name.o(.text._ZN11TestThread0D2Ev) referenced from test_00_thread_name.o(.rodata._ZTV11TestThread0)
 <LI><a href="#[93]">TestThread1::job()</a> from test_01_thread_creation.o(.text._ZN11TestThread13jobEv) referenced from test_01_thread_creation.o(.rodata._ZTV11TestThread1)
 <LI><a href="#[92]">TestThread1::~TestThread1__deallocating()</a> from test_01_thread_creation.o(.text._ZN11TestThread1D0Ev) referenced from test_01_thread_creation.o(.rodata._ZTV11TestThread1)
 <LI><a href="#[91]">TestThread1::~TestThread1__sub_object()</a> from test_01_thread_creation.o(.text._ZN11TestThread1D2Ev) referenced from test_01_thread_creation.o(.rodata._ZTV11TestThread1)
 <LI><a href="#[96]">TestThread2::job()</a> from test_02_thread_join.o(.text._ZN11TestThread23jobEv) referenced from test_02_thread_join.o(.rodata._ZTV11TestThread2)
 <LI><a href="#[95]">TestThread2::~TestThread2__deallocating()</a> from test_02_thread_join.o(.text._ZN11TestThread2D0Ev) referenced from test_02_thread_join.o(.rodata._ZTV11TestThread2)
 <LI><a href="#[94]">TestThread2::~TestThread2__sub_object()</a> from test_02_thread_join.o(.text._ZN11TestThread2D2Ev) referenced from test_02_thread_join.o(.rodata._ZTV11TestThread2)
 <LI><a href="#[99]">TestThread3::job()</a> from test_03_thread_suspend_resume.o(.text._ZN11TestThread33jobEv) referenced from test_03_thread_suspend_resume.o(.rodata._ZTV11TestThread3)
 <LI><a href="#[98]">TestThread3::~TestThread3__deallocating()</a> from test_03_thread_suspend_resume.o(.text._ZN11TestThread3D0Ev) referenced from test_03_thread_suspend_resume.o(.rodata._ZTV11TestThread3)
 <LI><a href="#[97]">TestThread3::~TestThread3__sub_object()</a> from test_03_thread_suspend_resume.o(.text._ZN11TestThread3D2Ev) referenced from test_03_thread_suspend_resume.o(.rodata._ZTV11TestThread3)
 <LI><a href="#[9c]">TestThread4::job()</a> from test_04_thread_priority.o(.text._ZN11TestThread43jobEv) referenced from test_04_thread_priority.o(.rodata._ZTV11TestThread4)
 <LI><a href="#[9b]">TestThread4::~TestThread4__deallocating()</a> from test_04_thread_priority.o(.text._ZN11TestThread4D0Ev) referenced from test_04_thread_priority.o(.rodata._ZTV11TestThread4)
 <LI><a href="#[9a]">TestThread4::~TestThread4__sub_object()</a> from test_04_thread_priority.o(.text._ZN11TestThread4D2Ev) referenced from test_04_thread_priority.o(.rodata._ZTV11TestThread4)
 <LI><a href="#[9f]">TestThread5::job()</a> from test_05_thread_delay.o(.text._ZN11TestThread53jobEv) referenced from test_05_thread_delay.o(.rodata._ZTV11TestThread5)
 <LI><a href="#[9e]">TestThread5::~TestThread5__deallocating()</a> from test_05_thread_delay.o(.text._ZN11TestThread5D0Ev) referenced from test_05_thread_delay.o(.rodata._ZTV11TestThread5)
 <LI><a href="#[9d]">TestThread5::~TestThread5__sub_object()</a> from test_05_thread_delay.o(.text._ZN11TestThread5D2Ev) referenced from test_05_thread_delay.o(.rodata._ZTV11TestThread5)
 <LI><a href="#[a2]">TestThread11::job()</a> from test_11_thread_run_detailed.o(.text._ZN12TestThread113jobEv) referenced from test_11_thread_run_detailed.o(.rodata._ZTV12TestThread11)
 <LI><a href="#[a1]">TestThread11::~TestThread11__deallocating()</a> from test_11_thread_run_detailed.o(.text._ZN12TestThread11D0Ev) referenced from test_11_thread_run_detailed.o(.rodata._ZTV12TestThread11)
 <LI><a href="#[a0]">TestThread11::~TestThread11__sub_object()</a> from test_11_thread_run_detailed.o(.text._ZN12TestThread11D2Ev) referenced from test_11_thread_run_detailed.o(.rodata._ZTV12TestThread11)
 <LI><a href="#[a5]">TestThread12::job()</a> from test_12_thread_state.o(.text._ZN12TestThread123jobEv) referenced from test_12_thread_state.o(.rodata._ZTV12TestThread12)
 <LI><a href="#[a4]">TestThread12::~TestThread12__deallocating()</a> from test_12_thread_state.o(.text._ZN12TestThread12D0Ev) referenced from test_12_thread_state.o(.rodata._ZTV12TestThread12)
 <LI><a href="#[a3]">TestThread12::~TestThread12__sub_object()</a> from test_12_thread_state.o(.text._ZN12TestThread12D2Ev) referenced from test_12_thread_state.o(.rodata._ZTV12TestThread12)
 <LI><a href="#[a8]">TestThread13::job()</a> from test_13_thread_suspend_inactive.o(.text._ZN12TestThread133jobEv) referenced from test_13_thread_suspend_inactive.o(.rodata._ZTV12TestThread13)
 <LI><a href="#[a7]">TestThread13::~TestThread13__deallocating()</a> from test_13_thread_suspend_inactive.o(.text._ZN12TestThread13D0Ev) referenced from test_13_thread_suspend_inactive.o(.rodata._ZTV12TestThread13)
 <LI><a href="#[a6]">TestThread13::~TestThread13__sub_object()</a> from test_13_thread_suspend_inactive.o(.text._ZN12TestThread13D2Ev) referenced from test_13_thread_suspend_inactive.o(.rodata._ZTV12TestThread13)
 <LI><a href="#[ab]">TestThread14::job()</a> from test_14_thread_stack_size.o(.text._ZN12TestThread143jobEv) referenced from test_14_thread_stack_size.o(.rodata._ZTV12TestThread14)
 <LI><a href="#[aa]">TestThread14::~TestThread14__deallocating()</a> from test_14_thread_stack_size.o(.text._ZN12TestThread14D0Ev) referenced from test_14_thread_stack_size.o(.rodata._ZTV12TestThread14)
 <LI><a href="#[a9]">TestThread14::~TestThread14__sub_object()</a> from test_14_thread_stack_size.o(.text._ZN12TestThread14D2Ev) referenced from test_14_thread_stack_size.o(.rodata._ZTV12TestThread14)
 <LI><a href="#[ae]">TestThread10A::job()</a> from test_10_thread_priority_change.o(.text._ZN13TestThread10A3jobEv) referenced from test_10_thread_priority_change.o(.rodata._ZTV13TestThread10A)
 <LI><a href="#[ad]">TestThread10A::~TestThread10A__deallocating()</a> from test_10_thread_priority_change.o(.text._ZN13TestThread10AD0Ev) referenced from test_10_thread_priority_change.o(.rodata._ZTV13TestThread10A)
 <LI><a href="#[ac]">TestThread10A::~TestThread10A__sub_object()</a> from test_10_thread_priority_change.o(.text._ZN13TestThread10AD2Ev) referenced from test_10_thread_priority_change.o(.rodata._ZTV13TestThread10A)
 <LI><a href="#[b1]">TestThread10B::job()</a> from test_10_thread_priority_change.o(.text._ZN13TestThread10B3jobEv) referenced from test_10_thread_priority_change.o(.rodata._ZTV13TestThread10B)
 <LI><a href="#[b0]">TestThread10B::~TestThread10B__deallocating()</a> from test_10_thread_priority_change.o(.text._ZN13TestThread10BD0Ev) referenced from test_10_thread_priority_change.o(.rodata._ZTV13TestThread10B)
 <LI><a href="#[af]">TestThread10B::~TestThread10B__sub_object()</a> from test_10_thread_priority_change.o(.text._ZN13TestThread10BD2Ev) referenced from test_10_thread_priority_change.o(.rodata._ZTV13TestThread10B)
 <LI><a href="#[b7]">MyMortalThread::end()</a> from test_08_mortal_thread.o(.text._ZN14MyMortalThread3endEv) referenced from test_08_mortal_thread.o(.rodata._ZTV14MyMortalThread)
 <LI><a href="#[b6]">MyMortalThread::loop()</a> from test_08_mortal_thread.o(.text._ZN14MyMortalThread4loopEv) referenced from test_08_mortal_thread.o(.rodata._ZTV14MyMortalThread)
 <LI><a href="#[b5]">MyMortalThread::begin()</a> from test_08_mortal_thread.o(.text._ZN14MyMortalThread5beginEv) referenced from test_08_mortal_thread.o(.rodata._ZTV14MyMortalThread)
 <LI><a href="#[b3]">MyMortalThread::~MyMortalThread__deallocating()</a> from test_08_mortal_thread.o(.text._ZN14MyMortalThreadD0Ev) referenced from test_08_mortal_thread.o(.rodata._ZTV14MyMortalThread)
 <LI><a href="#[b2]">MyMortalThread::~MyMortalThread__sub_object()</a> from test_08_mortal_thread.o(.text._ZN14MyMortalThreadD2Ev) referenced from test_08_mortal_thread.o(.rodata._ZTV14MyMortalThread)
 <LI><a href="#[b4]">osapi::MortalThread::job()</a> from test_08_mortal_thread.o(.text._ZN5osapi12MortalThread3jobEv) referenced from test_08_mortal_thread.o(.rodata._ZTV14MyMortalThread)
 <LI><a href="#[b4]">osapi::MortalThread::job()</a> from test_08_mortal_thread.o(.text._ZN5osapi12MortalThread3jobEv) referenced from test_08_mortal_thread.o(.rodata._ZTVN5osapi12MortalThreadE)
 <LI><a href="#[b9]">osapi::MortalThread::~MortalThread__deallocating()</a> from test_08_mortal_thread.o(.text._ZN5osapi12MortalThreadD0Ev) referenced from test_08_mortal_thread.o(.rodata._ZTVN5osapi12MortalThreadE)
 <LI><a href="#[b8]">osapi::MortalThread::~MortalThread__sub_object()</a> from test_08_mortal_thread.o(.text._ZN5osapi12MortalThreadD2Ev) referenced from test_08_mortal_thread.o(.rodata._ZTVN5osapi12MortalThreadE)
 <LI><a href="#[bc]">osapi::ThreadInterface::~ThreadInterface__deallocating()</a> from test_00_thread_name.o(.text._ZN5osapi15ThreadInterfaceD0Ev) referenced from test_00_thread_name.o(.rodata._ZTVN5osapi15ThreadInterfaceE)
 <LI><a href="#[bb]">osapi::ThreadInterface::~ThreadInterface__sub_object()</a> from test_00_thread_name.o(.text._ZN5osapi15ThreadInterfaceD2Ev) referenced from test_00_thread_name.o(.rodata._ZTVN5osapi15ThreadInterfaceE)
 <LI><a href="#[86]">osapi::Thread::isJoinable()</a> from test_00_thread_name.o(.text._ZN5osapi6Thread10isJoinableEv) referenced from test_00_thread_name.o(.rodata._ZTV11TestThread0)
 <LI><a href="#[86]">osapi::Thread::isJoinable()</a> from test_00_thread_name.o(.text._ZN5osapi6Thread10isJoinableEv) referenced from test_01_thread_creation.o(.rodata._ZTV11TestThread1)
 <LI><a href="#[86]">osapi::Thread::isJoinable()</a> from test_00_thread_name.o(.text._ZN5osapi6Thread10isJoinableEv) referenced from test_02_thread_join.o(.rodata._ZTV11TestThread2)
 <LI><a href="#[86]">osapi::Thread::isJoinable()</a> from test_00_thread_name.o(.text._ZN5osapi6Thread10isJoinableEv) referenced from test_03_thread_suspend_resume.o(.rodata._ZTV11TestThread3)
 <LI><a href="#[86]">osapi::Thread::isJoinable()</a> from test_00_thread_name.o(.text._ZN5osapi6Thread10isJoinableEv) referenced from test_04_thread_priority.o(.rodata._ZTV11TestThread4)
 <LI><a href="#[86]">osapi::Thread::isJoinable()</a> from test_00_thread_name.o(.text._ZN5osapi6Thread10isJoinableEv) referenced from test_05_thread_delay.o(.rodata._ZTV11TestThread5)
 <LI><a href="#[86]">osapi::Thread::isJoinable()</a> from test_00_thread_name.o(.text._ZN5osapi6Thread10isJoinableEv) referenced from test_11_thread_run_detailed.o(.rodata._ZTV12TestThread11)
 <LI><a href="#[86]">osapi::Thread::isJoinable()</a> from test_00_thread_name.o(.text._ZN5osapi6Thread10isJoinableEv) referenced from test_12_thread_state.o(.rodata._ZTV12TestThread12)
 <LI><a href="#[86]">osapi::Thread::isJoinable()</a> from test_00_thread_name.o(.text._ZN5osapi6Thread10isJoinableEv) referenced from test_13_thread_suspend_inactive.o(.rodata._ZTV12TestThread13)
 <LI><a href="#[86]">osapi::Thread::isJoinable()</a> from test_00_thread_name.o(.text._ZN5osapi6Thread10isJoinableEv) referenced from test_14_thread_stack_size.o(.rodata._ZTV12TestThread14)
 <LI><a href="#[86]">osapi::Thread::isJoinable()</a> from test_00_thread_name.o(.text._ZN5osapi6Thread10isJoinableEv) referenced from test_10_thread_priority_change.o(.rodata._ZTV13TestThread10A)
 <LI><a href="#[86]">osapi::Thread::isJoinable()</a> from test_00_thread_name.o(.text._ZN5osapi6Thread10isJoinableEv) referenced from test_10_thread_priority_change.o(.rodata._ZTV13TestThread10B)
 <LI><a href="#[86]">osapi::Thread::isJoinable()</a> from test_00_thread_name.o(.text._ZN5osapi6Thread10isJoinableEv) referenced from test_08_mortal_thread.o(.rodata._ZTV14MyMortalThread)
 <LI><a href="#[86]">osapi::Thread::isJoinable()</a> from test_00_thread_name.o(.text._ZN5osapi6Thread10isJoinableEv) referenced from test_08_mortal_thread.o(.rodata._ZTVN5osapi12MortalThreadE)
 <LI><a href="#[86]">osapi::Thread::isJoinable()</a> from test_00_thread_name.o(.text._ZN5osapi6Thread10isJoinableEv) referenced from test_00_thread_name.o(.rodata._ZTVN5osapi6ThreadE)
 <LI><a href="#[8a]">osapi::Thread::getPriority()</a> from test_00_thread_name.o(.text._ZN5osapi6Thread11getPriorityEv) referenced from test_00_thread_name.o(.rodata._ZTV11TestThread0)
 <LI><a href="#[8a]">osapi::Thread::getPriority()</a> from test_00_thread_name.o(.text._ZN5osapi6Thread11getPriorityEv) referenced from test_01_thread_creation.o(.rodata._ZTV11TestThread1)
 <LI><a href="#[8a]">osapi::Thread::getPriority()</a> from test_00_thread_name.o(.text._ZN5osapi6Thread11getPriorityEv) referenced from test_02_thread_join.o(.rodata._ZTV11TestThread2)
 <LI><a href="#[8a]">osapi::Thread::getPriority()</a> from test_00_thread_name.o(.text._ZN5osapi6Thread11getPriorityEv) referenced from test_03_thread_suspend_resume.o(.rodata._ZTV11TestThread3)
 <LI><a href="#[8a]">osapi::Thread::getPriority()</a> from test_00_thread_name.o(.text._ZN5osapi6Thread11getPriorityEv) referenced from test_04_thread_priority.o(.rodata._ZTV11TestThread4)
 <LI><a href="#[8a]">osapi::Thread::getPriority()</a> from test_00_thread_name.o(.text._ZN5osapi6Thread11getPriorityEv) referenced from test_05_thread_delay.o(.rodata._ZTV11TestThread5)
 <LI><a href="#[8a]">osapi::Thread::getPriority()</a> from test_00_thread_name.o(.text._ZN5osapi6Thread11getPriorityEv) referenced from test_11_thread_run_detailed.o(.rodata._ZTV12TestThread11)
 <LI><a href="#[8a]">osapi::Thread::getPriority()</a> from test_00_thread_name.o(.text._ZN5osapi6Thread11getPriorityEv) referenced from test_12_thread_state.o(.rodata._ZTV12TestThread12)
 <LI><a href="#[8a]">osapi::Thread::getPriority()</a> from test_00_thread_name.o(.text._ZN5osapi6Thread11getPriorityEv) referenced from test_13_thread_suspend_inactive.o(.rodata._ZTV12TestThread13)
 <LI><a href="#[8a]">osapi::Thread::getPriority()</a> from test_00_thread_name.o(.text._ZN5osapi6Thread11getPriorityEv) referenced from test_14_thread_stack_size.o(.rodata._ZTV12TestThread14)
 <LI><a href="#[8a]">osapi::Thread::getPriority()</a> from test_00_thread_name.o(.text._ZN5osapi6Thread11getPriorityEv) referenced from test_10_thread_priority_change.o(.rodata._ZTV13TestThread10A)
 <LI><a href="#[8a]">osapi::Thread::getPriority()</a> from test_00_thread_name.o(.text._ZN5osapi6Thread11getPriorityEv) referenced from test_10_thread_priority_change.o(.rodata._ZTV13TestThread10B)
 <LI><a href="#[8a]">osapi::Thread::getPriority()</a> from test_00_thread_name.o(.text._ZN5osapi6Thread11getPriorityEv) referenced from test_08_mortal_thread.o(.rodata._ZTV14MyMortalThread)
 <LI><a href="#[8a]">osapi::Thread::getPriority()</a> from test_00_thread_name.o(.text._ZN5osapi6Thread11getPriorityEv) referenced from test_08_mortal_thread.o(.rodata._ZTVN5osapi12MortalThreadE)
 <LI><a href="#[8a]">osapi::Thread::getPriority()</a> from test_00_thread_name.o(.text._ZN5osapi6Thread11getPriorityEv) referenced from test_00_thread_name.o(.rodata._ZTVN5osapi6ThreadE)
 <LI><a href="#[89]">osapi::Thread::setPriority(int)</a> from test_00_thread_name.o(.text._ZN5osapi6Thread11setPriorityEi) referenced from test_00_thread_name.o(.rodata._ZTV11TestThread0)
 <LI><a href="#[89]">osapi::Thread::setPriority(int)</a> from test_00_thread_name.o(.text._ZN5osapi6Thread11setPriorityEi) referenced from test_01_thread_creation.o(.rodata._ZTV11TestThread1)
 <LI><a href="#[89]">osapi::Thread::setPriority(int)</a> from test_00_thread_name.o(.text._ZN5osapi6Thread11setPriorityEi) referenced from test_02_thread_join.o(.rodata._ZTV11TestThread2)
 <LI><a href="#[89]">osapi::Thread::setPriority(int)</a> from test_00_thread_name.o(.text._ZN5osapi6Thread11setPriorityEi) referenced from test_03_thread_suspend_resume.o(.rodata._ZTV11TestThread3)
 <LI><a href="#[89]">osapi::Thread::setPriority(int)</a> from test_00_thread_name.o(.text._ZN5osapi6Thread11setPriorityEi) referenced from test_04_thread_priority.o(.rodata._ZTV11TestThread4)
 <LI><a href="#[89]">osapi::Thread::setPriority(int)</a> from test_00_thread_name.o(.text._ZN5osapi6Thread11setPriorityEi) referenced from test_05_thread_delay.o(.rodata._ZTV11TestThread5)
 <LI><a href="#[89]">osapi::Thread::setPriority(int)</a> from test_00_thread_name.o(.text._ZN5osapi6Thread11setPriorityEi) referenced from test_11_thread_run_detailed.o(.rodata._ZTV12TestThread11)
 <LI><a href="#[89]">osapi::Thread::setPriority(int)</a> from test_00_thread_name.o(.text._ZN5osapi6Thread11setPriorityEi) referenced from test_12_thread_state.o(.rodata._ZTV12TestThread12)
 <LI><a href="#[89]">osapi::Thread::setPriority(int)</a> from test_00_thread_name.o(.text._ZN5osapi6Thread11setPriorityEi) referenced from test_13_thread_suspend_inactive.o(.rodata._ZTV12TestThread13)
 <LI><a href="#[89]">osapi::Thread::setPriority(int)</a> from test_00_thread_name.o(.text._ZN5osapi6Thread11setPriorityEi) referenced from test_14_thread_stack_size.o(.rodata._ZTV12TestThread14)
 <LI><a href="#[89]">osapi::Thread::setPriority(int)</a> from test_00_thread_name.o(.text._ZN5osapi6Thread11setPriorityEi) referenced from test_10_thread_priority_change.o(.rodata._ZTV13TestThread10A)
 <LI><a href="#[89]">osapi::Thread::setPriority(int)</a> from test_00_thread_name.o(.text._ZN5osapi6Thread11setPriorityEi) referenced from test_10_thread_priority_change.o(.rodata._ZTV13TestThread10B)
 <LI><a href="#[89]">osapi::Thread::setPriority(int)</a> from test_00_thread_name.o(.text._ZN5osapi6Thread11setPriorityEi) referenced from test_08_mortal_thread.o(.rodata._ZTV14MyMortalThread)
 <LI><a href="#[89]">osapi::Thread::setPriority(int)</a> from test_00_thread_name.o(.text._ZN5osapi6Thread11setPriorityEi) referenced from test_08_mortal_thread.o(.rodata._ZTVN5osapi12MortalThreadE)
 <LI><a href="#[89]">osapi::Thread::setPriority(int)</a> from test_00_thread_name.o(.text._ZN5osapi6Thread11setPriorityEi) referenced from test_00_thread_name.o(.rodata._ZTVN5osapi6ThreadE)
 <LI><a href="#[75]">osapi::Thread::threadFunction(void*)</a> from test_00_thread_name.o(.text._ZN5osapi6Thread14threadFunctionEPv) referenced 2 times from test_00_thread_name.o(.text._ZN5osapi6Thread3runEv)
 <LI><a href="#[8e]">osapi::Thread::getUsedStackSize()</a> from test_00_thread_name.o(.text._ZN5osapi6Thread16getUsedStackSizeEv) referenced from test_00_thread_name.o(.rodata._ZTV11TestThread0)
 <LI><a href="#[8e]">osapi::Thread::getUsedStackSize()</a> from test_00_thread_name.o(.text._ZN5osapi6Thread16getUsedStackSizeEv) referenced from test_01_thread_creation.o(.rodata._ZTV11TestThread1)
 <LI><a href="#[8e]">osapi::Thread::getUsedStackSize()</a> from test_00_thread_name.o(.text._ZN5osapi6Thread16getUsedStackSizeEv) referenced from test_02_thread_join.o(.rodata._ZTV11TestThread2)
 <LI><a href="#[8e]">osapi::Thread::getUsedStackSize()</a> from test_00_thread_name.o(.text._ZN5osapi6Thread16getUsedStackSizeEv) referenced from test_03_thread_suspend_resume.o(.rodata._ZTV11TestThread3)
 <LI><a href="#[8e]">osapi::Thread::getUsedStackSize()</a> from test_00_thread_name.o(.text._ZN5osapi6Thread16getUsedStackSizeEv) referenced from test_04_thread_priority.o(.rodata._ZTV11TestThread4)
 <LI><a href="#[8e]">osapi::Thread::getUsedStackSize()</a> from test_00_thread_name.o(.text._ZN5osapi6Thread16getUsedStackSizeEv) referenced from test_05_thread_delay.o(.rodata._ZTV11TestThread5)
 <LI><a href="#[8e]">osapi::Thread::getUsedStackSize()</a> from test_00_thread_name.o(.text._ZN5osapi6Thread16getUsedStackSizeEv) referenced from test_11_thread_run_detailed.o(.rodata._ZTV12TestThread11)
 <LI><a href="#[8e]">osapi::Thread::getUsedStackSize()</a> from test_00_thread_name.o(.text._ZN5osapi6Thread16getUsedStackSizeEv) referenced from test_12_thread_state.o(.rodata._ZTV12TestThread12)
 <LI><a href="#[8e]">osapi::Thread::getUsedStackSize()</a> from test_00_thread_name.o(.text._ZN5osapi6Thread16getUsedStackSizeEv) referenced from test_13_thread_suspend_inactive.o(.rodata._ZTV12TestThread13)
 <LI><a href="#[8e]">osapi::Thread::getUsedStackSize()</a> from test_00_thread_name.o(.text._ZN5osapi6Thread16getUsedStackSizeEv) referenced from test_14_thread_stack_size.o(.rodata._ZTV12TestThread14)
 <LI><a href="#[8e]">osapi::Thread::getUsedStackSize()</a> from test_00_thread_name.o(.text._ZN5osapi6Thread16getUsedStackSizeEv) referenced from test_10_thread_priority_change.o(.rodata._ZTV13TestThread10A)
 <LI><a href="#[8e]">osapi::Thread::getUsedStackSize()</a> from test_00_thread_name.o(.text._ZN5osapi6Thread16getUsedStackSizeEv) referenced from test_10_thread_priority_change.o(.rodata._ZTV13TestThread10B)
 <LI><a href="#[8e]">osapi::Thread::getUsedStackSize()</a> from test_00_thread_name.o(.text._ZN5osapi6Thread16getUsedStackSizeEv) referenced from test_08_mortal_thread.o(.rodata._ZTV14MyMortalThread)
 <LI><a href="#[8e]">osapi::Thread::getUsedStackSize()</a> from test_00_thread_name.o(.text._ZN5osapi6Thread16getUsedStackSizeEv) referenced from test_08_mortal_thread.o(.rodata._ZTVN5osapi12MortalThreadE)
 <LI><a href="#[8e]">osapi::Thread::getUsedStackSize()</a> from test_00_thread_name.o(.text._ZN5osapi6Thread16getUsedStackSizeEv) referenced from test_00_thread_name.o(.rodata._ZTVN5osapi6ThreadE)
 <LI><a href="#[8d]">osapi::Thread::getTotalStackSize()</a> from test_00_thread_name.o(.text._ZN5osapi6Thread17getTotalStackSizeEv) referenced from test_00_thread_name.o(.rodata._ZTV11TestThread0)
 <LI><a href="#[8d]">osapi::Thread::getTotalStackSize()</a> from test_00_thread_name.o(.text._ZN5osapi6Thread17getTotalStackSizeEv) referenced from test_01_thread_creation.o(.rodata._ZTV11TestThread1)
 <LI><a href="#[8d]">osapi::Thread::getTotalStackSize()</a> from test_00_thread_name.o(.text._ZN5osapi6Thread17getTotalStackSizeEv) referenced from test_02_thread_join.o(.rodata._ZTV11TestThread2)
 <LI><a href="#[8d]">osapi::Thread::getTotalStackSize()</a> from test_00_thread_name.o(.text._ZN5osapi6Thread17getTotalStackSizeEv) referenced from test_03_thread_suspend_resume.o(.rodata._ZTV11TestThread3)
 <LI><a href="#[8d]">osapi::Thread::getTotalStackSize()</a> from test_00_thread_name.o(.text._ZN5osapi6Thread17getTotalStackSizeEv) referenced from test_04_thread_priority.o(.rodata._ZTV11TestThread4)
 <LI><a href="#[8d]">osapi::Thread::getTotalStackSize()</a> from test_00_thread_name.o(.text._ZN5osapi6Thread17getTotalStackSizeEv) referenced from test_05_thread_delay.o(.rodata._ZTV11TestThread5)
 <LI><a href="#[8d]">osapi::Thread::getTotalStackSize()</a> from test_00_thread_name.o(.text._ZN5osapi6Thread17getTotalStackSizeEv) referenced from test_11_thread_run_detailed.o(.rodata._ZTV12TestThread11)
 <LI><a href="#[8d]">osapi::Thread::getTotalStackSize()</a> from test_00_thread_name.o(.text._ZN5osapi6Thread17getTotalStackSizeEv) referenced from test_12_thread_state.o(.rodata._ZTV12TestThread12)
 <LI><a href="#[8d]">osapi::Thread::getTotalStackSize()</a> from test_00_thread_name.o(.text._ZN5osapi6Thread17getTotalStackSizeEv) referenced from test_13_thread_suspend_inactive.o(.rodata._ZTV12TestThread13)
 <LI><a href="#[8d]">osapi::Thread::getTotalStackSize()</a> from test_00_thread_name.o(.text._ZN5osapi6Thread17getTotalStackSizeEv) referenced from test_14_thread_stack_size.o(.rodata._ZTV12TestThread14)
 <LI><a href="#[8d]">osapi::Thread::getTotalStackSize()</a> from test_00_thread_name.o(.text._ZN5osapi6Thread17getTotalStackSizeEv) referenced from test_10_thread_priority_change.o(.rodata._ZTV13TestThread10A)
 <LI><a href="#[8d]">osapi::Thread::getTotalStackSize()</a> from test_00_thread_name.o(.text._ZN5osapi6Thread17getTotalStackSizeEv) referenced from test_10_thread_priority_change.o(.rodata._ZTV13TestThread10B)
 <LI><a href="#[8d]">osapi::Thread::getTotalStackSize()</a> from test_00_thread_name.o(.text._ZN5osapi6Thread17getTotalStackSizeEv) referenced from test_08_mortal_thread.o(.rodata._ZTV14MyMortalThread)
 <LI><a href="#[8d]">osapi::Thread::getTotalStackSize()</a> from test_00_thread_name.o(.text._ZN5osapi6Thread17getTotalStackSizeEv) referenced from test_08_mortal_thread.o(.rodata._ZTVN5osapi12MortalThreadE)
 <LI><a href="#[8d]">osapi::Thread::getTotalStackSize()</a> from test_00_thread_name.o(.text._ZN5osapi6Thread17getTotalStackSizeEv) referenced from test_00_thread_name.o(.rodata._ZTVN5osapi6ThreadE)
 <LI><a href="#[83]">osapi::Thread::run()</a> from test_00_thread_name.o(.text._ZN5osapi6Thread3runEv) referenced from test_00_thread_name.o(.rodata._ZTV11TestThread0)
 <LI><a href="#[83]">osapi::Thread::run()</a> from test_00_thread_name.o(.text._ZN5osapi6Thread3runEv) referenced from test_01_thread_creation.o(.rodata._ZTV11TestThread1)
 <LI><a href="#[83]">osapi::Thread::run()</a> from test_00_thread_name.o(.text._ZN5osapi6Thread3runEv) referenced from test_02_thread_join.o(.rodata._ZTV11TestThread2)
 <LI><a href="#[83]">osapi::Thread::run()</a> from test_00_thread_name.o(.text._ZN5osapi6Thread3runEv) referenced from test_03_thread_suspend_resume.o(.rodata._ZTV11TestThread3)
 <LI><a href="#[83]">osapi::Thread::run()</a> from test_00_thread_name.o(.text._ZN5osapi6Thread3runEv) referenced from test_04_thread_priority.o(.rodata._ZTV11TestThread4)
 <LI><a href="#[83]">osapi::Thread::run()</a> from test_00_thread_name.o(.text._ZN5osapi6Thread3runEv) referenced from test_05_thread_delay.o(.rodata._ZTV11TestThread5)
 <LI><a href="#[83]">osapi::Thread::run()</a> from test_00_thread_name.o(.text._ZN5osapi6Thread3runEv) referenced from test_11_thread_run_detailed.o(.rodata._ZTV12TestThread11)
 <LI><a href="#[83]">osapi::Thread::run()</a> from test_00_thread_name.o(.text._ZN5osapi6Thread3runEv) referenced from test_12_thread_state.o(.rodata._ZTV12TestThread12)
 <LI><a href="#[83]">osapi::Thread::run()</a> from test_00_thread_name.o(.text._ZN5osapi6Thread3runEv) referenced from test_13_thread_suspend_inactive.o(.rodata._ZTV12TestThread13)
 <LI><a href="#[83]">osapi::Thread::run()</a> from test_00_thread_name.o(.text._ZN5osapi6Thread3runEv) referenced from test_14_thread_stack_size.o(.rodata._ZTV12TestThread14)
 <LI><a href="#[83]">osapi::Thread::run()</a> from test_00_thread_name.o(.text._ZN5osapi6Thread3runEv) referenced from test_10_thread_priority_change.o(.rodata._ZTV13TestThread10A)
 <LI><a href="#[83]">osapi::Thread::run()</a> from test_00_thread_name.o(.text._ZN5osapi6Thread3runEv) referenced from test_10_thread_priority_change.o(.rodata._ZTV13TestThread10B)
 <LI><a href="#[83]">osapi::Thread::run()</a> from test_00_thread_name.o(.text._ZN5osapi6Thread3runEv) referenced from test_08_mortal_thread.o(.rodata._ZTV14MyMortalThread)
 <LI><a href="#[83]">osapi::Thread::run()</a> from test_00_thread_name.o(.text._ZN5osapi6Thread3runEv) referenced from test_08_mortal_thread.o(.rodata._ZTVN5osapi12MortalThreadE)
 <LI><a href="#[83]">osapi::Thread::run()</a> from test_00_thread_name.o(.text._ZN5osapi6Thread3runEv) referenced from test_00_thread_name.o(.rodata._ZTVN5osapi6ThreadE)
 <LI><a href="#[85]">osapi::Thread::join(unsigned int)</a> from test_00_thread_name.o(.text._ZN5osapi6Thread4joinEj) referenced from test_00_thread_name.o(.rodata._ZTV11TestThread0)
 <LI><a href="#[85]">osapi::Thread::join(unsigned int)</a> from test_00_thread_name.o(.text._ZN5osapi6Thread4joinEj) referenced from test_01_thread_creation.o(.rodata._ZTV11TestThread1)
 <LI><a href="#[85]">osapi::Thread::join(unsigned int)</a> from test_00_thread_name.o(.text._ZN5osapi6Thread4joinEj) referenced from test_02_thread_join.o(.rodata._ZTV11TestThread2)
 <LI><a href="#[85]">osapi::Thread::join(unsigned int)</a> from test_00_thread_name.o(.text._ZN5osapi6Thread4joinEj) referenced from test_03_thread_suspend_resume.o(.rodata._ZTV11TestThread3)
 <LI><a href="#[85]">osapi::Thread::join(unsigned int)</a> from test_00_thread_name.o(.text._ZN5osapi6Thread4joinEj) referenced from test_04_thread_priority.o(.rodata._ZTV11TestThread4)
 <LI><a href="#[85]">osapi::Thread::join(unsigned int)</a> from test_00_thread_name.o(.text._ZN5osapi6Thread4joinEj) referenced from test_05_thread_delay.o(.rodata._ZTV11TestThread5)
 <LI><a href="#[85]">osapi::Thread::join(unsigned int)</a> from test_00_thread_name.o(.text._ZN5osapi6Thread4joinEj) referenced from test_11_thread_run_detailed.o(.rodata._ZTV12TestThread11)
 <LI><a href="#[85]">osapi::Thread::join(unsigned int)</a> from test_00_thread_name.o(.text._ZN5osapi6Thread4joinEj) referenced from test_12_thread_state.o(.rodata._ZTV12TestThread12)
 <LI><a href="#[85]">osapi::Thread::join(unsigned int)</a> from test_00_thread_name.o(.text._ZN5osapi6Thread4joinEj) referenced from test_13_thread_suspend_inactive.o(.rodata._ZTV12TestThread13)
 <LI><a href="#[85]">osapi::Thread::join(unsigned int)</a> from test_00_thread_name.o(.text._ZN5osapi6Thread4joinEj) referenced from test_14_thread_stack_size.o(.rodata._ZTV12TestThread14)
 <LI><a href="#[85]">osapi::Thread::join(unsigned int)</a> from test_00_thread_name.o(.text._ZN5osapi6Thread4joinEj) referenced from test_10_thread_priority_change.o(.rodata._ZTV13TestThread10A)
 <LI><a href="#[85]">osapi::Thread::join(unsigned int)</a> from test_00_thread_name.o(.text._ZN5osapi6Thread4joinEj) referenced from test_10_thread_priority_change.o(.rodata._ZTV13TestThread10B)
 <LI><a href="#[85]">osapi::Thread::join(unsigned int)</a> from test_00_thread_name.o(.text._ZN5osapi6Thread4joinEj) referenced from test_08_mortal_thread.o(.rodata._ZTV14MyMortalThread)
 <LI><a href="#[85]">osapi::Thread::join(unsigned int)</a> from test_00_thread_name.o(.text._ZN5osapi6Thread4joinEj) referenced from test_08_mortal_thread.o(.rodata._ZTVN5osapi12MortalThreadE)
 <LI><a href="#[85]">osapi::Thread::join(unsigned int)</a> from test_00_thread_name.o(.text._ZN5osapi6Thread4joinEj) referenced from test_00_thread_name.o(.rodata._ZTVN5osapi6ThreadE)
 <LI><a href="#[8f]">osapi::Thread::sleep(unsigned int)</a> from test_00_thread_name.o(.text._ZN5osapi6Thread5sleepEj) referenced from test_00_thread_name.o(.rodata._ZTV11TestThread0)
 <LI><a href="#[8f]">osapi::Thread::sleep(unsigned int)</a> from test_00_thread_name.o(.text._ZN5osapi6Thread5sleepEj) referenced from test_01_thread_creation.o(.rodata._ZTV11TestThread1)
 <LI><a href="#[8f]">osapi::Thread::sleep(unsigned int)</a> from test_00_thread_name.o(.text._ZN5osapi6Thread5sleepEj) referenced from test_02_thread_join.o(.rodata._ZTV11TestThread2)
 <LI><a href="#[8f]">osapi::Thread::sleep(unsigned int)</a> from test_00_thread_name.o(.text._ZN5osapi6Thread5sleepEj) referenced from test_03_thread_suspend_resume.o(.rodata._ZTV11TestThread3)
 <LI><a href="#[8f]">osapi::Thread::sleep(unsigned int)</a> from test_00_thread_name.o(.text._ZN5osapi6Thread5sleepEj) referenced from test_04_thread_priority.o(.rodata._ZTV11TestThread4)
 <LI><a href="#[8f]">osapi::Thread::sleep(unsigned int)</a> from test_00_thread_name.o(.text._ZN5osapi6Thread5sleepEj) referenced from test_05_thread_delay.o(.rodata._ZTV11TestThread5)
 <LI><a href="#[8f]">osapi::Thread::sleep(unsigned int)</a> from test_00_thread_name.o(.text._ZN5osapi6Thread5sleepEj) referenced from test_11_thread_run_detailed.o(.rodata._ZTV12TestThread11)
 <LI><a href="#[8f]">osapi::Thread::sleep(unsigned int)</a> from test_00_thread_name.o(.text._ZN5osapi6Thread5sleepEj) referenced from test_12_thread_state.o(.rodata._ZTV12TestThread12)
 <LI><a href="#[8f]">osapi::Thread::sleep(unsigned int)</a> from test_00_thread_name.o(.text._ZN5osapi6Thread5sleepEj) referenced from test_13_thread_suspend_inactive.o(.rodata._ZTV12TestThread13)
 <LI><a href="#[8f]">osapi::Thread::sleep(unsigned int)</a> from test_00_thread_name.o(.text._ZN5osapi6Thread5sleepEj) referenced from test_14_thread_stack_size.o(.rodata._ZTV12TestThread14)
 <LI><a href="#[8f]">osapi::Thread::sleep(unsigned int)</a> from test_00_thread_name.o(.text._ZN5osapi6Thread5sleepEj) referenced from test_10_thread_priority_change.o(.rodata._ZTV13TestThread10A)
 <LI><a href="#[8f]">osapi::Thread::sleep(unsigned int)</a> from test_00_thread_name.o(.text._ZN5osapi6Thread5sleepEj) referenced from test_10_thread_priority_change.o(.rodata._ZTV13TestThread10B)
 <LI><a href="#[8f]">osapi::Thread::sleep(unsigned int)</a> from test_00_thread_name.o(.text._ZN5osapi6Thread5sleepEj) referenced from test_08_mortal_thread.o(.rodata._ZTV14MyMortalThread)
 <LI><a href="#[8f]">osapi::Thread::sleep(unsigned int)</a> from test_00_thread_name.o(.text._ZN5osapi6Thread5sleepEj) referenced from test_08_mortal_thread.o(.rodata._ZTVN5osapi12MortalThreadE)
 <LI><a href="#[8f]">osapi::Thread::sleep(unsigned int)</a> from test_00_thread_name.o(.text._ZN5osapi6Thread5sleepEj) referenced from test_00_thread_name.o(.rodata._ZTVN5osapi6ThreadE)
 <LI><a href="#[88]">osapi::Thread::resume()</a> from test_00_thread_name.o(.text._ZN5osapi6Thread6resumeEv) referenced from test_00_thread_name.o(.rodata._ZTV11TestThread0)
 <LI><a href="#[88]">osapi::Thread::resume()</a> from test_00_thread_name.o(.text._ZN5osapi6Thread6resumeEv) referenced from test_01_thread_creation.o(.rodata._ZTV11TestThread1)
 <LI><a href="#[88]">osapi::Thread::resume()</a> from test_00_thread_name.o(.text._ZN5osapi6Thread6resumeEv) referenced from test_02_thread_join.o(.rodata._ZTV11TestThread2)
 <LI><a href="#[88]">osapi::Thread::resume()</a> from test_00_thread_name.o(.text._ZN5osapi6Thread6resumeEv) referenced from test_03_thread_suspend_resume.o(.rodata._ZTV11TestThread3)
 <LI><a href="#[88]">osapi::Thread::resume()</a> from test_00_thread_name.o(.text._ZN5osapi6Thread6resumeEv) referenced from test_04_thread_priority.o(.rodata._ZTV11TestThread4)
 <LI><a href="#[88]">osapi::Thread::resume()</a> from test_00_thread_name.o(.text._ZN5osapi6Thread6resumeEv) referenced from test_05_thread_delay.o(.rodata._ZTV11TestThread5)
 <LI><a href="#[88]">osapi::Thread::resume()</a> from test_00_thread_name.o(.text._ZN5osapi6Thread6resumeEv) referenced from test_11_thread_run_detailed.o(.rodata._ZTV12TestThread11)
 <LI><a href="#[88]">osapi::Thread::resume()</a> from test_00_thread_name.o(.text._ZN5osapi6Thread6resumeEv) referenced from test_12_thread_state.o(.rodata._ZTV12TestThread12)
 <LI><a href="#[88]">osapi::Thread::resume()</a> from test_00_thread_name.o(.text._ZN5osapi6Thread6resumeEv) referenced from test_13_thread_suspend_inactive.o(.rodata._ZTV12TestThread13)
 <LI><a href="#[88]">osapi::Thread::resume()</a> from test_00_thread_name.o(.text._ZN5osapi6Thread6resumeEv) referenced from test_14_thread_stack_size.o(.rodata._ZTV12TestThread14)
 <LI><a href="#[88]">osapi::Thread::resume()</a> from test_00_thread_name.o(.text._ZN5osapi6Thread6resumeEv) referenced from test_10_thread_priority_change.o(.rodata._ZTV13TestThread10A)
 <LI><a href="#[88]">osapi::Thread::resume()</a> from test_00_thread_name.o(.text._ZN5osapi6Thread6resumeEv) referenced from test_10_thread_priority_change.o(.rodata._ZTV13TestThread10B)
 <LI><a href="#[88]">osapi::Thread::resume()</a> from test_00_thread_name.o(.text._ZN5osapi6Thread6resumeEv) referenced from test_08_mortal_thread.o(.rodata._ZTV14MyMortalThread)
 <LI><a href="#[88]">osapi::Thread::resume()</a> from test_00_thread_name.o(.text._ZN5osapi6Thread6resumeEv) referenced from test_08_mortal_thread.o(.rodata._ZTVN5osapi12MortalThreadE)
 <LI><a href="#[88]">osapi::Thread::resume()</a> from test_00_thread_name.o(.text._ZN5osapi6Thread6resumeEv) referenced from test_00_thread_name.o(.rodata._ZTVN5osapi6ThreadE)
 <LI><a href="#[8b]">osapi::Thread::getName()</a> from test_00_thread_name.o(.text._ZN5osapi6Thread7getNameEv) referenced from test_00_thread_name.o(.rodata._ZTV11TestThread0)
 <LI><a href="#[8b]">osapi::Thread::getName()</a> from test_00_thread_name.o(.text._ZN5osapi6Thread7getNameEv) referenced from test_01_thread_creation.o(.rodata._ZTV11TestThread1)
 <LI><a href="#[8b]">osapi::Thread::getName()</a> from test_00_thread_name.o(.text._ZN5osapi6Thread7getNameEv) referenced from test_02_thread_join.o(.rodata._ZTV11TestThread2)
 <LI><a href="#[8b]">osapi::Thread::getName()</a> from test_00_thread_name.o(.text._ZN5osapi6Thread7getNameEv) referenced from test_03_thread_suspend_resume.o(.rodata._ZTV11TestThread3)
 <LI><a href="#[8b]">osapi::Thread::getName()</a> from test_00_thread_name.o(.text._ZN5osapi6Thread7getNameEv) referenced from test_04_thread_priority.o(.rodata._ZTV11TestThread4)
 <LI><a href="#[8b]">osapi::Thread::getName()</a> from test_00_thread_name.o(.text._ZN5osapi6Thread7getNameEv) referenced from test_05_thread_delay.o(.rodata._ZTV11TestThread5)
 <LI><a href="#[8b]">osapi::Thread::getName()</a> from test_00_thread_name.o(.text._ZN5osapi6Thread7getNameEv) referenced from test_11_thread_run_detailed.o(.rodata._ZTV12TestThread11)
 <LI><a href="#[8b]">osapi::Thread::getName()</a> from test_00_thread_name.o(.text._ZN5osapi6Thread7getNameEv) referenced from test_12_thread_state.o(.rodata._ZTV12TestThread12)
 <LI><a href="#[8b]">osapi::Thread::getName()</a> from test_00_thread_name.o(.text._ZN5osapi6Thread7getNameEv) referenced from test_13_thread_suspend_inactive.o(.rodata._ZTV12TestThread13)
 <LI><a href="#[8b]">osapi::Thread::getName()</a> from test_00_thread_name.o(.text._ZN5osapi6Thread7getNameEv) referenced from test_14_thread_stack_size.o(.rodata._ZTV12TestThread14)
 <LI><a href="#[8b]">osapi::Thread::getName()</a> from test_00_thread_name.o(.text._ZN5osapi6Thread7getNameEv) referenced from test_10_thread_priority_change.o(.rodata._ZTV13TestThread10A)
 <LI><a href="#[8b]">osapi::Thread::getName()</a> from test_00_thread_name.o(.text._ZN5osapi6Thread7getNameEv) referenced from test_10_thread_priority_change.o(.rodata._ZTV13TestThread10B)
 <LI><a href="#[8b]">osapi::Thread::getName()</a> from test_00_thread_name.o(.text._ZN5osapi6Thread7getNameEv) referenced from test_08_mortal_thread.o(.rodata._ZTV14MyMortalThread)
 <LI><a href="#[8b]">osapi::Thread::getName()</a> from test_00_thread_name.o(.text._ZN5osapi6Thread7getNameEv) referenced from test_08_mortal_thread.o(.rodata._ZTVN5osapi12MortalThreadE)
 <LI><a href="#[8b]">osapi::Thread::getName()</a> from test_00_thread_name.o(.text._ZN5osapi6Thread7getNameEv) referenced from test_00_thread_name.o(.rodata._ZTVN5osapi6ThreadE)
 <LI><a href="#[87]">osapi::Thread::suspend()</a> from test_00_thread_name.o(.text._ZN5osapi6Thread7suspendEv) referenced from test_00_thread_name.o(.rodata._ZTV11TestThread0)
 <LI><a href="#[87]">osapi::Thread::suspend()</a> from test_00_thread_name.o(.text._ZN5osapi6Thread7suspendEv) referenced from test_01_thread_creation.o(.rodata._ZTV11TestThread1)
 <LI><a href="#[87]">osapi::Thread::suspend()</a> from test_00_thread_name.o(.text._ZN5osapi6Thread7suspendEv) referenced from test_02_thread_join.o(.rodata._ZTV11TestThread2)
 <LI><a href="#[87]">osapi::Thread::suspend()</a> from test_00_thread_name.o(.text._ZN5osapi6Thread7suspendEv) referenced from test_03_thread_suspend_resume.o(.rodata._ZTV11TestThread3)
 <LI><a href="#[87]">osapi::Thread::suspend()</a> from test_00_thread_name.o(.text._ZN5osapi6Thread7suspendEv) referenced from test_04_thread_priority.o(.rodata._ZTV11TestThread4)
 <LI><a href="#[87]">osapi::Thread::suspend()</a> from test_00_thread_name.o(.text._ZN5osapi6Thread7suspendEv) referenced from test_05_thread_delay.o(.rodata._ZTV11TestThread5)
 <LI><a href="#[87]">osapi::Thread::suspend()</a> from test_00_thread_name.o(.text._ZN5osapi6Thread7suspendEv) referenced from test_11_thread_run_detailed.o(.rodata._ZTV12TestThread11)
 <LI><a href="#[87]">osapi::Thread::suspend()</a> from test_00_thread_name.o(.text._ZN5osapi6Thread7suspendEv) referenced from test_12_thread_state.o(.rodata._ZTV12TestThread12)
 <LI><a href="#[87]">osapi::Thread::suspend()</a> from test_00_thread_name.o(.text._ZN5osapi6Thread7suspendEv) referenced from test_13_thread_suspend_inactive.o(.rodata._ZTV12TestThread13)
 <LI><a href="#[87]">osapi::Thread::suspend()</a> from test_00_thread_name.o(.text._ZN5osapi6Thread7suspendEv) referenced from test_14_thread_stack_size.o(.rodata._ZTV12TestThread14)
 <LI><a href="#[87]">osapi::Thread::suspend()</a> from test_00_thread_name.o(.text._ZN5osapi6Thread7suspendEv) referenced from test_10_thread_priority_change.o(.rodata._ZTV13TestThread10A)
 <LI><a href="#[87]">osapi::Thread::suspend()</a> from test_00_thread_name.o(.text._ZN5osapi6Thread7suspendEv) referenced from test_10_thread_priority_change.o(.rodata._ZTV13TestThread10B)
 <LI><a href="#[87]">osapi::Thread::suspend()</a> from test_00_thread_name.o(.text._ZN5osapi6Thread7suspendEv) referenced from test_08_mortal_thread.o(.rodata._ZTV14MyMortalThread)
 <LI><a href="#[87]">osapi::Thread::suspend()</a> from test_00_thread_name.o(.text._ZN5osapi6Thread7suspendEv) referenced from test_08_mortal_thread.o(.rodata._ZTVN5osapi12MortalThreadE)
 <LI><a href="#[87]">osapi::Thread::suspend()</a> from test_00_thread_name.o(.text._ZN5osapi6Thread7suspendEv) referenced from test_00_thread_name.o(.rodata._ZTVN5osapi6ThreadE)
 <LI><a href="#[8c]">osapi::Thread::getState()</a> from test_00_thread_name.o(.text._ZN5osapi6Thread8getStateEv) referenced from test_00_thread_name.o(.rodata._ZTV11TestThread0)
 <LI><a href="#[8c]">osapi::Thread::getState()</a> from test_00_thread_name.o(.text._ZN5osapi6Thread8getStateEv) referenced from test_01_thread_creation.o(.rodata._ZTV11TestThread1)
 <LI><a href="#[8c]">osapi::Thread::getState()</a> from test_00_thread_name.o(.text._ZN5osapi6Thread8getStateEv) referenced from test_02_thread_join.o(.rodata._ZTV11TestThread2)
 <LI><a href="#[8c]">osapi::Thread::getState()</a> from test_00_thread_name.o(.text._ZN5osapi6Thread8getStateEv) referenced from test_03_thread_suspend_resume.o(.rodata._ZTV11TestThread3)
 <LI><a href="#[8c]">osapi::Thread::getState()</a> from test_00_thread_name.o(.text._ZN5osapi6Thread8getStateEv) referenced from test_04_thread_priority.o(.rodata._ZTV11TestThread4)
 <LI><a href="#[8c]">osapi::Thread::getState()</a> from test_00_thread_name.o(.text._ZN5osapi6Thread8getStateEv) referenced from test_05_thread_delay.o(.rodata._ZTV11TestThread5)
 <LI><a href="#[8c]">osapi::Thread::getState()</a> from test_00_thread_name.o(.text._ZN5osapi6Thread8getStateEv) referenced from test_11_thread_run_detailed.o(.rodata._ZTV12TestThread11)
 <LI><a href="#[8c]">osapi::Thread::getState()</a> from test_00_thread_name.o(.text._ZN5osapi6Thread8getStateEv) referenced from test_12_thread_state.o(.rodata._ZTV12TestThread12)
 <LI><a href="#[8c]">osapi::Thread::getState()</a> from test_00_thread_name.o(.text._ZN5osapi6Thread8getStateEv) referenced from test_13_thread_suspend_inactive.o(.rodata._ZTV12TestThread13)
 <LI><a href="#[8c]">osapi::Thread::getState()</a> from test_00_thread_name.o(.text._ZN5osapi6Thread8getStateEv) referenced from test_14_thread_stack_size.o(.rodata._ZTV12TestThread14)
 <LI><a href="#[8c]">osapi::Thread::getState()</a> from test_00_thread_name.o(.text._ZN5osapi6Thread8getStateEv) referenced from test_10_thread_priority_change.o(.rodata._ZTV13TestThread10A)
 <LI><a href="#[8c]">osapi::Thread::getState()</a> from test_00_thread_name.o(.text._ZN5osapi6Thread8getStateEv) referenced from test_10_thread_priority_change.o(.rodata._ZTV13TestThread10B)
 <LI><a href="#[8c]">osapi::Thread::getState()</a> from test_00_thread_name.o(.text._ZN5osapi6Thread8getStateEv) referenced from test_08_mortal_thread.o(.rodata._ZTV14MyMortalThread)
 <LI><a href="#[8c]">osapi::Thread::getState()</a> from test_00_thread_name.o(.text._ZN5osapi6Thread8getStateEv) referenced from test_08_mortal_thread.o(.rodata._ZTVN5osapi12MortalThreadE)
 <LI><a href="#[8c]">osapi::Thread::getState()</a> from test_00_thread_name.o(.text._ZN5osapi6Thread8getStateEv) referenced from test_00_thread_name.o(.rodata._ZTVN5osapi6ThreadE)
 <LI><a href="#[84]">osapi::Thread::isRunning()</a> from test_00_thread_name.o(.text._ZN5osapi6Thread9isRunningEv) referenced from test_00_thread_name.o(.rodata._ZTV11TestThread0)
 <LI><a href="#[84]">osapi::Thread::isRunning()</a> from test_00_thread_name.o(.text._ZN5osapi6Thread9isRunningEv) referenced from test_01_thread_creation.o(.rodata._ZTV11TestThread1)
 <LI><a href="#[84]">osapi::Thread::isRunning()</a> from test_00_thread_name.o(.text._ZN5osapi6Thread9isRunningEv) referenced from test_02_thread_join.o(.rodata._ZTV11TestThread2)
 <LI><a href="#[84]">osapi::Thread::isRunning()</a> from test_00_thread_name.o(.text._ZN5osapi6Thread9isRunningEv) referenced from test_03_thread_suspend_resume.o(.rodata._ZTV11TestThread3)
 <LI><a href="#[84]">osapi::Thread::isRunning()</a> from test_00_thread_name.o(.text._ZN5osapi6Thread9isRunningEv) referenced from test_04_thread_priority.o(.rodata._ZTV11TestThread4)
 <LI><a href="#[84]">osapi::Thread::isRunning()</a> from test_00_thread_name.o(.text._ZN5osapi6Thread9isRunningEv) referenced from test_05_thread_delay.o(.rodata._ZTV11TestThread5)
 <LI><a href="#[84]">osapi::Thread::isRunning()</a> from test_00_thread_name.o(.text._ZN5osapi6Thread9isRunningEv) referenced from test_11_thread_run_detailed.o(.rodata._ZTV12TestThread11)
 <LI><a href="#[84]">osapi::Thread::isRunning()</a> from test_00_thread_name.o(.text._ZN5osapi6Thread9isRunningEv) referenced from test_12_thread_state.o(.rodata._ZTV12TestThread12)
 <LI><a href="#[84]">osapi::Thread::isRunning()</a> from test_00_thread_name.o(.text._ZN5osapi6Thread9isRunningEv) referenced from test_13_thread_suspend_inactive.o(.rodata._ZTV12TestThread13)
 <LI><a href="#[84]">osapi::Thread::isRunning()</a> from test_00_thread_name.o(.text._ZN5osapi6Thread9isRunningEv) referenced from test_14_thread_stack_size.o(.rodata._ZTV12TestThread14)
 <LI><a href="#[84]">osapi::Thread::isRunning()</a> from test_00_thread_name.o(.text._ZN5osapi6Thread9isRunningEv) referenced from test_10_thread_priority_change.o(.rodata._ZTV13TestThread10A)
 <LI><a href="#[84]">osapi::Thread::isRunning()</a> from test_00_thread_name.o(.text._ZN5osapi6Thread9isRunningEv) referenced from test_10_thread_priority_change.o(.rodata._ZTV13TestThread10B)
 <LI><a href="#[84]">osapi::Thread::isRunning()</a> from test_00_thread_name.o(.text._ZN5osapi6Thread9isRunningEv) referenced from test_08_mortal_thread.o(.rodata._ZTV14MyMortalThread)
 <LI><a href="#[84]">osapi::Thread::isRunning()</a> from test_00_thread_name.o(.text._ZN5osapi6Thread9isRunningEv) referenced from test_08_mortal_thread.o(.rodata._ZTVN5osapi12MortalThreadE)
 <LI><a href="#[84]">osapi::Thread::isRunning()</a> from test_00_thread_name.o(.text._ZN5osapi6Thread9isRunningEv) referenced from test_00_thread_name.o(.rodata._ZTVN5osapi6ThreadE)
 <LI><a href="#[be]">osapi::Thread::~Thread__deallocating()</a> from test_00_thread_name.o(.text._ZN5osapi6ThreadD0Ev) referenced from test_00_thread_name.o(.rodata._ZTVN5osapi6ThreadE)
 <LI><a href="#[bd]">osapi::Thread::~Thread__sub_object()</a> from test_00_thread_name.o(.text._ZN5osapi6ThreadD2Ev) referenced from test_00_thread_name.o(.rodata._ZTVN5osapi6ThreadE)
 <LI><a href="#[ba]">__cxa_pure_virtual</a> from cxa_virtual.cpp.o(.text.__cxa_pure_virtual) referenced 3 times from test_08_mortal_thread.o(.rodata._ZTVN5osapi12MortalThreadE)
 <LI><a href="#[ba]">__cxa_pure_virtual</a> from cxa_virtual.cpp.o(.text.__cxa_pure_virtual) referenced 14 times from test_00_thread_name.o(.rodata._ZTVN5osapi15ThreadInterfaceE)
 <LI><a href="#[ba]">__cxa_pure_virtual</a> from cxa_virtual.cpp.o(.text.__cxa_pure_virtual) referenced from test_00_thread_name.o(.rodata._ZTVN5osapi6ThreadE)
 <LI><a href="#[66]">__main</a> from entry.o(.ARM.Collect$$$$00000000) referenced from startup_stm32f429xx.o(.text)
 <LI><a href="#[80]">_snputc</a> from printfa.o(i._snputc) referenced from printfa.o(i.__0snprintf)
 <LI><a href="#[78]">basic_all_tests_complete_message_handler</a> from basic.o(.text.basic_all_tests_complete_message_handler) referenced 2 times from basic.o(.text.basic_initialize)
 <LI><a href="#[7a]">basic_suite_cleanup_failure_message_handler</a> from basic.o(.text.basic_suite_cleanup_failure_message_handler) referenced 2 times from basic.o(.text.basic_initialize)
 <LI><a href="#[79]">basic_suite_init_failure_message_handler</a> from basic.o(.text.basic_suite_init_failure_message_handler) referenced 2 times from basic.o(.text.basic_initialize)
 <LI><a href="#[77]">basic_test_complete_message_handler</a> from basic.o(.text.basic_test_complete_message_handler) referenced 2 times from basic.o(.text.basic_initialize)
 <LI><a href="#[76]">basic_test_start_message_handler</a> from basic.o(.text.basic_test_start_message_handler) referenced 2 times from basic.o(.text.basic_initialize)
 <LI><a href="#[7f]">fputc</a> from retarget_io.o(.text.fputc) referenced from printfa.o(i.__0fprintf)
 <LI><a href="#[7f]">fputc</a> from retarget_io.o(.text.fputc) referenced from printfa.o(i.__0printf)
 <LI><a href="#[64]">main</a> from main.o(.text.main) referenced from entry9a.o(.ARM.Collect$$$$0000000B)
 <LI><a href="#[7d]">prvIdleTask</a> from tasks.o(.text.prvIdleTask) referenced 2 times from tasks.o(.text.vTaskStartScheduler)
 <LI><a href="#[7c]">prvTaskExitError</a> from port.o(.text.prvTaskExitError) referenced 2 times from port.o(.text.pxPortInitialiseStack)
 <LI><a href="#[7e]">prvTimerTask</a> from timers.o(.text.prvTimerTask) referenced 2 times from timers.o(.text.xTimerCreateTimerTask)
</UL>
<P>
<H3>
Global Symbols
</H3>
<P><STRONG><a name="[66]"></a>__main</STRONG> (Thumb, 0 bytes, Stack size unknown bytes, entry.o(.ARM.Collect$$$$00000000))
<BR>[Address Reference Count : 1]<UL><LI> startup_stm32f429xx.o(.text)
</UL>
<P><STRONG><a name="[188]"></a>_main_stk</STRONG> (Thumb, 0 bytes, Stack size unknown bytes, entry2.o(.ARM.Collect$$$$00000001))

<P><STRONG><a name="[c0]"></a>_main_scatterload</STRONG> (Thumb, 0 bytes, Stack size unknown bytes, entry5.o(.ARM.Collect$$$$00000004))
<BR><BR>[Calls]<UL><LI><a href="#[c1]">&gt;&gt;</a>&nbsp;&nbsp;&nbsp;__scatterload
</UL>

<P><STRONG><a name="[d2]"></a>__main_after_scatterload</STRONG> (Thumb, 0 bytes, Stack size unknown bytes, entry5.o(.ARM.Collect$$$$00000004))
<BR><BR>[Called By]<UL><LI><a href="#[c1]">&gt;&gt;</a>&nbsp;&nbsp;&nbsp;__scatterload
</UL>

<P><STRONG><a name="[189]"></a>_main_clock</STRONG> (Thumb, 0 bytes, Stack size unknown bytes, entry7b.o(.ARM.Collect$$$$00000008))

<P><STRONG><a name="[18a]"></a>_main_cpp_init</STRONG> (Thumb, 0 bytes, Stack size unknown bytes, entry8b.o(.ARM.Collect$$$$0000000A))

<P><STRONG><a name="[18b]"></a>_main_init</STRONG> (Thumb, 0 bytes, Stack size unknown bytes, entry9a.o(.ARM.Collect$$$$0000000B))

<P><STRONG><a name="[18c]"></a>__rt_final_cpp</STRONG> (Thumb, 0 bytes, Stack size unknown bytes, entry10a.o(.ARM.Collect$$$$0000000D))

<P><STRONG><a name="[18d]"></a>__rt_final_exit</STRONG> (Thumb, 0 bytes, Stack size unknown bytes, entry11a.o(.ARM.Collect$$$$0000000F))

<P><STRONG><a name="[0]"></a>Reset_Handler</STRONG> (Thumb, 8 bytes, Stack size 0 bytes, startup_stm32f429xx.o(.text))
<BR>[Address Reference Count : 1]<UL><LI> startup_stm32f429xx.o(RESET)
</UL>
<P><STRONG><a name="[1]"></a>NMI_Handler</STRONG> (Thumb, 2 bytes, Stack size 0 bytes, startup_stm32f429xx.o(.text))
<BR><BR>[Calls]<UL><LI><a href="#[1]">&gt;&gt;</a>&nbsp;&nbsp;&nbsp;NMI_Handler
</UL>
<BR>[Called By]<UL><LI><a href="#[1]">&gt;&gt;</a>&nbsp;&nbsp;&nbsp;NMI_Handler
</UL>
<BR>[Address Reference Count : 1]<UL><LI> startup_stm32f429xx.o(RESET)
</UL>
<P><STRONG><a name="[2]"></a>HardFault_Handler</STRONG> (Thumb, 2 bytes, Stack size 0 bytes, startup_stm32f429xx.o(.text))
<BR><BR>[Calls]<UL><LI><a href="#[2]">&gt;&gt;</a>&nbsp;&nbsp;&nbsp;HardFault_Handler
</UL>
<BR>[Called By]<UL><LI><a href="#[2]">&gt;&gt;</a>&nbsp;&nbsp;&nbsp;HardFault_Handler
</UL>
<BR>[Address Reference Count : 1]<UL><LI> startup_stm32f429xx.o(RESET)
</UL>
<P><STRONG><a name="[3]"></a>MemManage_Handler</STRONG> (Thumb, 2 bytes, Stack size 0 bytes, startup_stm32f429xx.o(.text))
<BR><BR>[Calls]<UL><LI><a href="#[3]">&gt;&gt;</a>&nbsp;&nbsp;&nbsp;MemManage_Handler
</UL>
<BR>[Called By]<UL><LI><a href="#[3]">&gt;&gt;</a>&nbsp;&nbsp;&nbsp;MemManage_Handler
</UL>
<BR>[Address Reference Count : 1]<UL><LI> startup_stm32f429xx.o(RESET)
</UL>
<P><STRONG><a name="[4]"></a>BusFault_Handler</STRONG> (Thumb, 2 bytes, Stack size 0 bytes, startup_stm32f429xx.o(.text))
<BR><BR>[Calls]<UL><LI><a href="#[4]">&gt;&gt;</a>&nbsp;&nbsp;&nbsp;BusFault_Handler
</UL>
<BR>[Called By]<UL><LI><a href="#[4]">&gt;&gt;</a>&nbsp;&nbsp;&nbsp;BusFault_Handler
</UL>
<BR>[Address Reference Count : 1]<UL><LI> startup_stm32f429xx.o(RESET)
</UL>
<P><STRONG><a name="[5]"></a>UsageFault_Handler</STRONG> (Thumb, 2 bytes, Stack size 0 bytes, startup_stm32f429xx.o(.text))
<BR><BR>[Calls]<UL><LI><a href="#[5]">&gt;&gt;</a>&nbsp;&nbsp;&nbsp;UsageFault_Handler
</UL>
<BR>[Called By]<UL><LI><a href="#[5]">&gt;&gt;</a>&nbsp;&nbsp;&nbsp;UsageFault_Handler
</UL>
<BR>[Address Reference Count : 1]<UL><LI> startup_stm32f429xx.o(RESET)
</UL>
<P><STRONG><a name="[7]"></a>DebugMon_Handler</STRONG> (Thumb, 2 bytes, Stack size 0 bytes, startup_stm32f429xx.o(.text))
<BR><BR>[Calls]<UL><LI><a href="#[7]">&gt;&gt;</a>&nbsp;&nbsp;&nbsp;DebugMon_Handler
</UL>
<BR>[Called By]<UL><LI><a href="#[7]">&gt;&gt;</a>&nbsp;&nbsp;&nbsp;DebugMon_Handler
</UL>
<BR>[Address Reference Count : 1]<UL><LI> startup_stm32f429xx.o(RESET)
</UL>
<P><STRONG><a name="[1c]"></a>ADC_IRQHandler</STRONG> (Thumb, 0 bytes, Stack size 0 bytes, startup_stm32f429xx.o(.text))
<BR><BR>[Calls]<UL><LI><a href="#[1c]">&gt;&gt;</a>&nbsp;&nbsp;&nbsp;ADC_IRQHandler
</UL>
<BR>[Called By]<UL><LI><a href="#[1c]">&gt;&gt;</a>&nbsp;&nbsp;&nbsp;ADC_IRQHandler
</UL>
<BR>[Address Reference Count : 1]<UL><LI> startup_stm32f429xx.o(RESET)
</UL>
<P><STRONG><a name="[1e]"></a>CAN1_RX0_IRQHandler</STRONG> (Thumb, 0 bytes, Stack size 0 bytes, startup_stm32f429xx.o(.text))
<BR>[Address Reference Count : 1]<UL><LI> startup_stm32f429xx.o(RESET)
</UL>
<P><STRONG><a name="[1f]"></a>CAN1_RX1_IRQHandler</STRONG> (Thumb, 0 bytes, Stack size 0 bytes, startup_stm32f429xx.o(.text))
<BR>[Address Reference Count : 1]<UL><LI> startup_stm32f429xx.o(RESET)
</UL>
<P><STRONG><a name="[20]"></a>CAN1_SCE_IRQHandler</STRONG> (Thumb, 0 bytes, Stack size 0 bytes, startup_stm32f429xx.o(.text))
<BR>[Address Reference Count : 1]<UL><LI> startup_stm32f429xx.o(RESET)
</UL>
<P><STRONG><a name="[1d]"></a>CAN1_TX_IRQHandler</STRONG> (Thumb, 0 bytes, Stack size 0 bytes, startup_stm32f429xx.o(.text))
<BR>[Address Reference Count : 1]<UL><LI> startup_stm32f429xx.o(RESET)
</UL>
<P><STRONG><a name="[4a]"></a>CAN2_RX0_IRQHandler</STRONG> (Thumb, 0 bytes, Stack size 0 bytes, startup_stm32f429xx.o(.text))
<BR>[Address Reference Count : 1]<UL><LI> startup_stm32f429xx.o(RESET)
</UL>
<P><STRONG><a name="[4b]"></a>CAN2_RX1_IRQHandler</STRONG> (Thumb, 0 bytes, Stack size 0 bytes, startup_stm32f429xx.o(.text))
<BR>[Address Reference Count : 1]<UL><LI> startup_stm32f429xx.o(RESET)
</UL>
<P><STRONG><a name="[4c]"></a>CAN2_SCE_IRQHandler</STRONG> (Thumb, 0 bytes, Stack size 0 bytes, startup_stm32f429xx.o(.text))
<BR>[Address Reference Count : 1]<UL><LI> startup_stm32f429xx.o(RESET)
</UL>
<P><STRONG><a name="[49]"></a>CAN2_TX_IRQHandler</STRONG> (Thumb, 0 bytes, Stack size 0 bytes, startup_stm32f429xx.o(.text))
<BR>[Address Reference Count : 1]<UL><LI> startup_stm32f429xx.o(RESET)
</UL>
<P><STRONG><a name="[58]"></a>DCMI_IRQHandler</STRONG> (Thumb, 0 bytes, Stack size 0 bytes, startup_stm32f429xx.o(.text))
<BR>[Address Reference Count : 1]<UL><LI> startup_stm32f429xx.o(RESET)
</UL>
<P><STRONG><a name="[15]"></a>DMA1_Stream0_IRQHandler</STRONG> (Thumb, 0 bytes, Stack size 0 bytes, startup_stm32f429xx.o(.text))
<BR>[Address Reference Count : 1]<UL><LI> startup_stm32f429xx.o(RESET)
</UL>
<P><STRONG><a name="[16]"></a>DMA1_Stream1_IRQHandler</STRONG> (Thumb, 0 bytes, Stack size 0 bytes, startup_stm32f429xx.o(.text))
<BR>[Address Reference Count : 1]<UL><LI> startup_stm32f429xx.o(RESET)
</UL>
<P><STRONG><a name="[17]"></a>DMA1_Stream2_IRQHandler</STRONG> (Thumb, 0 bytes, Stack size 0 bytes, startup_stm32f429xx.o(.text))
<BR>[Address Reference Count : 1]<UL><LI> startup_stm32f429xx.o(RESET)
</UL>
<P><STRONG><a name="[18]"></a>DMA1_Stream3_IRQHandler</STRONG> (Thumb, 0 bytes, Stack size 0 bytes, startup_stm32f429xx.o(.text))
<BR>[Address Reference Count : 1]<UL><LI> startup_stm32f429xx.o(RESET)
</UL>
<P><STRONG><a name="[19]"></a>DMA1_Stream4_IRQHandler</STRONG> (Thumb, 0 bytes, Stack size 0 bytes, startup_stm32f429xx.o(.text))
<BR>[Address Reference Count : 1]<UL><LI> startup_stm32f429xx.o(RESET)
</UL>
<P><STRONG><a name="[1a]"></a>DMA1_Stream5_IRQHandler</STRONG> (Thumb, 0 bytes, Stack size 0 bytes, startup_stm32f429xx.o(.text))
<BR>[Address Reference Count : 1]<UL><LI> startup_stm32f429xx.o(RESET)
</UL>
<P><STRONG><a name="[1b]"></a>DMA1_Stream6_IRQHandler</STRONG> (Thumb, 0 bytes, Stack size 0 bytes, startup_stm32f429xx.o(.text))
<BR>[Address Reference Count : 1]<UL><LI> startup_stm32f429xx.o(RESET)
</UL>
<P><STRONG><a name="[39]"></a>DMA1_Stream7_IRQHandler</STRONG> (Thumb, 0 bytes, Stack size 0 bytes, startup_stm32f429xx.o(.text))
<BR>[Address Reference Count : 1]<UL><LI> startup_stm32f429xx.o(RESET)
</UL>
<P><STRONG><a name="[63]"></a>DMA2D_IRQHandler</STRONG> (Thumb, 0 bytes, Stack size 0 bytes, startup_stm32f429xx.o(.text))
<BR>[Address Reference Count : 1]<UL><LI> startup_stm32f429xx.o(RESET)
</UL>
<P><STRONG><a name="[42]"></a>DMA2_Stream0_IRQHandler</STRONG> (Thumb, 0 bytes, Stack size 0 bytes, startup_stm32f429xx.o(.text))
<BR>[Address Reference Count : 1]<UL><LI> startup_stm32f429xx.o(RESET)
</UL>
<P><STRONG><a name="[43]"></a>DMA2_Stream1_IRQHandler</STRONG> (Thumb, 0 bytes, Stack size 0 bytes, startup_stm32f429xx.o(.text))
<BR>[Address Reference Count : 1]<UL><LI> startup_stm32f429xx.o(RESET)
</UL>
<P><STRONG><a name="[44]"></a>DMA2_Stream2_IRQHandler</STRONG> (Thumb, 0 bytes, Stack size 0 bytes, startup_stm32f429xx.o(.text))
<BR>[Address Reference Count : 1]<UL><LI> startup_stm32f429xx.o(RESET)
</UL>
<P><STRONG><a name="[45]"></a>DMA2_Stream3_IRQHandler</STRONG> (Thumb, 0 bytes, Stack size 0 bytes, startup_stm32f429xx.o(.text))
<BR>[Address Reference Count : 1]<UL><LI> startup_stm32f429xx.o(RESET)
</UL>
<P><STRONG><a name="[46]"></a>DMA2_Stream4_IRQHandler</STRONG> (Thumb, 0 bytes, Stack size 0 bytes, startup_stm32f429xx.o(.text))
<BR>[Address Reference Count : 1]<UL><LI> startup_stm32f429xx.o(RESET)
</UL>
<P><STRONG><a name="[4e]"></a>DMA2_Stream5_IRQHandler</STRONG> (Thumb, 0 bytes, Stack size 0 bytes, startup_stm32f429xx.o(.text))
<BR>[Address Reference Count : 1]<UL><LI> startup_stm32f429xx.o(RESET)
</UL>
<P><STRONG><a name="[4f]"></a>DMA2_Stream6_IRQHandler</STRONG> (Thumb, 0 bytes, Stack size 0 bytes, startup_stm32f429xx.o(.text))
<BR>[Address Reference Count : 1]<UL><LI> startup_stm32f429xx.o(RESET)
</UL>
<P><STRONG><a name="[50]"></a>DMA2_Stream7_IRQHandler</STRONG> (Thumb, 0 bytes, Stack size 0 bytes, startup_stm32f429xx.o(.text))
<BR>[Address Reference Count : 1]<UL><LI> startup_stm32f429xx.o(RESET)
</UL>
<P><STRONG><a name="[47]"></a>ETH_IRQHandler</STRONG> (Thumb, 0 bytes, Stack size 0 bytes, startup_stm32f429xx.o(.text))
<BR>[Address Reference Count : 1]<UL><LI> startup_stm32f429xx.o(RESET)
</UL>
<P><STRONG><a name="[48]"></a>ETH_WKUP_IRQHandler</STRONG> (Thumb, 0 bytes, Stack size 0 bytes, startup_stm32f429xx.o(.text))
<BR>[Address Reference Count : 1]<UL><LI> startup_stm32f429xx.o(RESET)
</UL>
<P><STRONG><a name="[10]"></a>EXTI0_IRQHandler</STRONG> (Thumb, 0 bytes, Stack size 0 bytes, startup_stm32f429xx.o(.text))
<BR>[Address Reference Count : 1]<UL><LI> startup_stm32f429xx.o(RESET)
</UL>
<P><STRONG><a name="[32]"></a>EXTI15_10_IRQHandler</STRONG> (Thumb, 0 bytes, Stack size 0 bytes, startup_stm32f429xx.o(.text))
<BR>[Address Reference Count : 1]<UL><LI> startup_stm32f429xx.o(RESET)
</UL>
<P><STRONG><a name="[11]"></a>EXTI1_IRQHandler</STRONG> (Thumb, 0 bytes, Stack size 0 bytes, startup_stm32f429xx.o(.text))
<BR>[Address Reference Count : 1]<UL><LI> startup_stm32f429xx.o(RESET)
</UL>
<P><STRONG><a name="[12]"></a>EXTI2_IRQHandler</STRONG> (Thumb, 0 bytes, Stack size 0 bytes, startup_stm32f429xx.o(.text))
<BR>[Address Reference Count : 1]<UL><LI> startup_stm32f429xx.o(RESET)
</UL>
<P><STRONG><a name="[13]"></a>EXTI3_IRQHandler</STRONG> (Thumb, 0 bytes, Stack size 0 bytes, startup_stm32f429xx.o(.text))
<BR>[Address Reference Count : 1]<UL><LI> startup_stm32f429xx.o(RESET)
</UL>
<P><STRONG><a name="[14]"></a>EXTI4_IRQHandler</STRONG> (Thumb, 0 bytes, Stack size 0 bytes, startup_stm32f429xx.o(.text))
<BR>[Address Reference Count : 1]<UL><LI> startup_stm32f429xx.o(RESET)
</UL>
<P><STRONG><a name="[21]"></a>EXTI9_5_IRQHandler</STRONG> (Thumb, 0 bytes, Stack size 0 bytes, startup_stm32f429xx.o(.text))
<BR>[Address Reference Count : 1]<UL><LI> startup_stm32f429xx.o(RESET)
</UL>
<P><STRONG><a name="[e]"></a>FLASH_IRQHandler</STRONG> (Thumb, 0 bytes, Stack size 0 bytes, startup_stm32f429xx.o(.text))
<BR>[Address Reference Count : 1]<UL><LI> startup_stm32f429xx.o(RESET)
</UL>
<P><STRONG><a name="[3a]"></a>FMC_IRQHandler</STRONG> (Thumb, 0 bytes, Stack size 0 bytes, startup_stm32f429xx.o(.text))
<BR>[Address Reference Count : 1]<UL><LI> startup_stm32f429xx.o(RESET)
</UL>
<P><STRONG><a name="[5a]"></a>FPU_IRQHandler</STRONG> (Thumb, 0 bytes, Stack size 0 bytes, startup_stm32f429xx.o(.text))
<BR>[Address Reference Count : 1]<UL><LI> startup_stm32f429xx.o(RESET)
</UL>
<P><STRONG><a name="[59]"></a>HASH_RNG_IRQHandler</STRONG> (Thumb, 0 bytes, Stack size 0 bytes, startup_stm32f429xx.o(.text))
<BR>[Address Reference Count : 1]<UL><LI> startup_stm32f429xx.o(RESET)
</UL>
<P><STRONG><a name="[2a]"></a>I2C1_ER_IRQHandler</STRONG> (Thumb, 0 bytes, Stack size 0 bytes, startup_stm32f429xx.o(.text))
<BR>[Address Reference Count : 1]<UL><LI> startup_stm32f429xx.o(RESET)
</UL>
<P><STRONG><a name="[29]"></a>I2C1_EV_IRQHandler</STRONG> (Thumb, 0 bytes, Stack size 0 bytes, startup_stm32f429xx.o(.text))
<BR>[Address Reference Count : 1]<UL><LI> startup_stm32f429xx.o(RESET)
</UL>
<P><STRONG><a name="[2c]"></a>I2C2_ER_IRQHandler</STRONG> (Thumb, 0 bytes, Stack size 0 bytes, startup_stm32f429xx.o(.text))
<BR>[Address Reference Count : 1]<UL><LI> startup_stm32f429xx.o(RESET)
</UL>
<P><STRONG><a name="[2b]"></a>I2C2_EV_IRQHandler</STRONG> (Thumb, 0 bytes, Stack size 0 bytes, startup_stm32f429xx.o(.text))
<BR>[Address Reference Count : 1]<UL><LI> startup_stm32f429xx.o(RESET)
</UL>
<P><STRONG><a name="[53]"></a>I2C3_ER_IRQHandler</STRONG> (Thumb, 0 bytes, Stack size 0 bytes, startup_stm32f429xx.o(.text))
<BR>[Address Reference Count : 1]<UL><LI> startup_stm32f429xx.o(RESET)
</UL>
<P><STRONG><a name="[52]"></a>I2C3_EV_IRQHandler</STRONG> (Thumb, 0 bytes, Stack size 0 bytes, startup_stm32f429xx.o(.text))
<BR>[Address Reference Count : 1]<UL><LI> startup_stm32f429xx.o(RESET)
</UL>
<P><STRONG><a name="[62]"></a>LTDC_ER_IRQHandler</STRONG> (Thumb, 0 bytes, Stack size 0 bytes, startup_stm32f429xx.o(.text))
<BR>[Address Reference Count : 1]<UL><LI> startup_stm32f429xx.o(RESET)
</UL>
<P><STRONG><a name="[61]"></a>LTDC_IRQHandler</STRONG> (Thumb, 0 bytes, Stack size 0 bytes, startup_stm32f429xx.o(.text))
<BR>[Address Reference Count : 1]<UL><LI> startup_stm32f429xx.o(RESET)
</UL>
<P><STRONG><a name="[4d]"></a>OTG_FS_IRQHandler</STRONG> (Thumb, 0 bytes, Stack size 0 bytes, startup_stm32f429xx.o(.text))
<BR>[Address Reference Count : 1]<UL><LI> startup_stm32f429xx.o(RESET)
</UL>
<P><STRONG><a name="[34]"></a>OTG_FS_WKUP_IRQHandler</STRONG> (Thumb, 0 bytes, Stack size 0 bytes, startup_stm32f429xx.o(.text))
<BR>[Address Reference Count : 1]<UL><LI> startup_stm32f429xx.o(RESET)
</UL>
<P><STRONG><a name="[55]"></a>OTG_HS_EP1_IN_IRQHandler</STRONG> (Thumb, 0 bytes, Stack size 0 bytes, startup_stm32f429xx.o(.text))
<BR>[Address Reference Count : 1]<UL><LI> startup_stm32f429xx.o(RESET)
</UL>
[...]
</UL>
<BR>[Calls]<UL><LI><a href="#[166]">&gt;&gt;</a>&nbsp;&nbsp;&nbsp;setjmp
<LI><a href="#[e0]">&gt;&gt;</a>&nbsp;&nbsp;&nbsp;add_failure
<LI><a href="#[d6]">&gt;&gt;</a>&nbsp;&nbsp;&nbsp;__aeabi_assert
</UL>
<BR>[Called By]<UL><LI><a href="#[fb]">&gt;&gt;</a>&nbsp;&nbsp;&nbsp;run_single_suite
</UL>

<P><STRONG><a name="[139]"></a>stdout_putchar</STRONG> (Thumb, 16 bytes, Stack size 16 bytes, retarget_io.o(.text.stdout_putchar))
<BR><BR>[Stack]<UL><LI>Max Depth = 20<LI>Call Chain = stdout_putchar &rArr; ITM_SendChar
</UL>
<BR>[Calls]<UL><LI><a href="#[167]">&gt;&gt;</a>&nbsp;&nbsp;&nbsp;ITM_SendChar
</UL>
<BR>[Called By]<UL><LI><a href="#[7f]">&gt;&gt;</a>&nbsp;&nbsp;&nbsp;fputc
</UL>

<P><STRONG><a name="[7c]"></a>prvTaskExitError</STRONG> (Thumb, 38 bytes, Stack size 8 bytes, port.o(.text.prvTaskExitError))
<BR><BR>[Stack]<UL><LI>Max Depth = 8<LI>Call Chain = prvTaskExitError
</UL>
<BR>[Called By]<UL><LI><a href="#[171]">&gt;&gt;</a>&nbsp;&nbsp;&nbsp;xPortStartScheduler
</UL>
<BR>[Address Reference Count : 1]<UL><LI> port.o(.text.pxPortInitialiseStack)
</UL>
<P><STRONG><a name="[174]"></a>vPortEnableVFP</STRONG> (Thumb, 20 bytes, Stack size 0 bytes, port.o(.text.vPortEnableVFP))
<BR><BR>[Called By]<UL><LI><a href="#[171]">&gt;&gt;</a>&nbsp;&nbsp;&nbsp;xPortStartScheduler
</UL>

<P><STRONG><a name="[175]"></a>prvPortStartFirstTask</STRONG> (Thumb, 40 bytes, Stack size 0 bytes, port.o(.text.prvPortStartFirstTask))
<BR><BR>[Called By]<UL><LI><a href="#[171]">&gt;&gt;</a>&nbsp;&nbsp;&nbsp;xPortStartScheduler
</UL>

<P><STRONG><a name="[163]"></a>prvHeapInit</STRONG> (Thumb, 188 bytes, Stack size 16 bytes, heap_4.o(.text.prvHeapInit))
<BR><BR>[Stack]<UL><LI>Max Depth = 16<LI>Call Chain = prvHeapInit
</UL>
<BR>[Called By]<UL><LI><a href="#[162]">&gt;&gt;</a>&nbsp;&nbsp;&nbsp;pvPortMalloc
</UL>

<P><STRONG><a name="[164]"></a>prvInsertBlockIntoFreeList</STRONG> (Thumb, 198 bytes, Stack size 12 bytes, heap_4.o(.text.prvInsertBlockIntoFreeList))
<BR><BR>[Stack]<UL><LI>Max Depth = 12<LI>Call Chain = prvInsertBlockIntoFreeList
</UL>
<BR>[Called By]<UL><LI><a href="#[14a]">&gt;&gt;</a>&nbsp;&nbsp;&nbsp;vPortFree
<LI><a href="#[162]">&gt;&gt;</a>&nbsp;&nbsp;&nbsp;pvPortMalloc
</UL>

<P><STRONG><a name="[14b]"></a>prvInitialiseNewQueue</STRONG> (Thumb, 72 bytes, Stack size 24 bytes, queue.o(.text.prvInitialiseNewQueue))
<BR><BR>[Stack]<UL><LI>Max Depth = 84<LI>Call Chain = prvInitialiseNewQueue &rArr; xQueueGenericReset &rArr; xTaskRemoveFromEventList &rArr; vListInsertEnd
</UL>
<BR>[Calls]<UL><LI><a href="#[14c]">&gt;&gt;</a>&nbsp;&nbsp;&nbsp;xQueueGenericReset
</UL>
<BR>[Called By]<UL><LI><a href="#[129]">&gt;&gt;</a>&nbsp;&nbsp;&nbsp;xQueueGenericCreate
<LI><a href="#[143]">&gt;&gt;</a>&nbsp;&nbsp;&nbsp;xQueueGenericCreateStatic
</UL>

<P><STRONG><a name="[148]"></a>prvCopyDataToQueue</STRONG> (Thumb, 204 bytes, Stack size 32 bytes, queue.o(.text.prvCopyDataToQueue))
<BR><BR>[Stack]<UL><LI>Max Depth = 68<LI>Call Chain = prvCopyDataToQueue &rArr; xTaskPriorityDisinherit &rArr; vListInsertEnd
</UL>
<BR>[Calls]<UL><LI><a href="#[147]">&gt;&gt;</a>&nbsp;&nbsp;&nbsp;__aeabi_memcpy
<LI><a href="#[149]">&gt;&gt;</a>&nbsp;&nbsp;&nbsp;xTaskPriorityDisinherit
</UL>
<BR>[Called By]<UL><LI><a href="#[121]">&gt;&gt;</a>&nbsp;&nbsp;&nbsp;xQueueGenericSend
<LI><a href="#[179]">&gt;&gt;</a>&nbsp;&nbsp;&nbsp;xQueueGenericSendFromISR
</UL>

<P><STRONG><a name="[153]"></a>prvIsQueueFull</STRONG> (Thumb, 46 bytes, Stack size 16 bytes, queue.o(.text.prvIsQueueFull))
<BR><BR>[Stack]<UL><LI>Max Depth = 20<LI>Call Chain = prvIsQueueFull &rArr; vPortExitCritical
</UL>
<BR>[Calls]<UL><LI><a href="#[138]">&gt;&gt;</a>&nbsp;&nbsp;&nbsp;vPortExitCritical
<LI><a href="#[137]">&gt;&gt;</a>&nbsp;&nbsp;&nbsp;vPortEnterCritical
</UL>
<BR>[Called By]<UL><LI><a href="#[121]">&gt;&gt;</a>&nbsp;&nbsp;&nbsp;xQueueGenericSend
</UL>

<P><STRONG><a name="[15f]"></a>prvUnlockQueue</STRONG> (Thumb, 174 bytes, Stack size 16 bytes, queue.o(.text.prvUnlockQueue))
<BR><BR>[Stack]<UL><LI>Max Depth = 52<LI>Call Chain = prvUnlockQueue &rArr; xTaskRemoveFromEventList &rArr; vListInsertEnd
</UL>
<BR>[Calls]<UL><LI><a href="#[138]">&gt;&gt;</a>&nbsp;&nbsp;&nbsp;vPortExitCritical
<LI><a href="#[137]">&gt;&gt;</a>&nbsp;&nbsp;&nbsp;vPortEnterCritical
<LI><a href="#[161]">&gt;&gt;</a>&nbsp;&nbsp;&nbsp;vTaskMissedYield
<LI><a href="#[160]">&gt;&gt;</a>&nbsp;&nbsp;&nbsp;xTaskRemoveFromEventList
</UL>
<BR>[Called By]<UL><LI><a href="#[121]">&gt;&gt;</a>&nbsp;&nbsp;&nbsp;xQueueGenericSend
<LI><a href="#[124]">&gt;&gt;</a>&nbsp;&nbsp;&nbsp;xQueueSemaphoreTake
<LI><a href="#[157]">&gt;&gt;</a>&nbsp;&nbsp;&nbsp;xQueueReceive
<LI><a href="#[15c]">&gt;&gt;</a>&nbsp;&nbsp;&nbsp;vQueueWaitForMessageRestricted
</UL>

<P><STRONG><a name="[152]"></a>prvIsQueueEmpty</STRONG> (Thumb, 40 bytes, Stack size 16 bytes, queue.o(.text.prvIsQueueEmpty))
<BR><BR>[Stack]<UL><LI>Max Depth = 20<LI>Call Chain = prvIsQueueEmpty &rArr; vPortExitCritical
</UL>
<BR>[Calls]<UL><LI><a href="#[138]">&gt;&gt;</a>&nbsp;&nbsp;&nbsp;vPortExitCritical
<LI><a href="#[137]">&gt;&gt;</a>&nbsp;&nbsp;&nbsp;vPortEnterCritical
</UL>
<BR>[Called By]<UL><LI><a href="#[124]">&gt;&gt;</a>&nbsp;&nbsp;&nbsp;xQueueSemaphoreTake
<LI><a href="#[157]">&gt;&gt;</a>&nbsp;&nbsp;&nbsp;xQueueReceive
</UL>

<P><STRONG><a name="[17c]"></a>prvGetDisinheritPriorityAfterTimeout</STRONG> (Thumb, 38 bytes, Stack size 8 bytes, queue.o(.text.prvGetDisinheritPriorityAfterTimeout))
<BR><BR>[Stack]<UL><LI>Max Depth = 8<LI>Call Chain = prvGetDisinheritPriorityAfterTimeout
</UL>
<BR>[Called By]<UL><LI><a href="#[124]">&gt;&gt;</a>&nbsp;&nbsp;&nbsp;xQueueSemaphoreTake
</UL>

<P><STRONG><a name="[146]"></a>prvCopyDataFromQueue</STRONG> (Thumb, 66 bytes, Stack size 16 bytes, queue.o(.text.prvCopyDataFromQueue))
<BR><BR>[Stack]<UL><LI>Max Depth = 16<LI>Call Chain = prvCopyDataFromQueue
</UL>
<BR>[Calls]<UL><LI><a href="#[147]">&gt;&gt;</a>&nbsp;&nbsp;&nbsp;__aeabi_memcpy
</UL>
<BR>[Called By]<UL><LI><a href="#[157]">&gt;&gt;</a>&nbsp;&nbsp;&nbsp;xQueueReceive
</UL>

<P><STRONG><a name="[14d]"></a>prvInitialiseNewTask</STRONG> (Thumb, 258 bytes, Stack size 40 bytes, tasks.o(.text.prvInitialiseNewTask))
<BR><BR>[Stack]<UL><LI>Max Depth = 52<LI>Call Chain = prvInitialiseNewTask &rArr; pxPortInitialiseStack
</UL>
<BR>[Calls]<UL><LI><a href="#[150]">&gt;&gt;</a>&nbsp;&nbsp;&nbsp;pxPortInitialiseStack
<LI><a href="#[14f]">&gt;&gt;</a>&nbsp;&nbsp;&nbsp;vListInitialiseItem
<LI><a href="#[14e]">&gt;&gt;</a>&nbsp;&nbsp;&nbsp;__aeabi_memset4
</UL>
<BR>[Called By]<UL><LI><a href="#[123]">&gt;&gt;</a>&nbsp;&nbsp;&nbsp;xTaskCreate
<LI><a href="#[16f]">&gt;&gt;</a>&nbsp;&nbsp;&nbsp;xTaskCreateStatic
</UL>

<P><STRONG><a name="[13f]"></a>prvAddNewTaskToReadyList</STRONG> (Thumb, 290 bytes, Stack size 16 bytes, tasks.o(.text.prvAddNewTaskToReadyList))
<BR><BR>[Stack]<UL><LI>Max Depth = 44<LI>Call Chain = prvAddNewTaskToReadyList &rArr; prvInitialiseTaskLists &rArr; vListInitialise
</UL>
<BR>[Calls]<UL><LI><a href="#[13d]">&gt;&gt;</a>&nbsp;&nbsp;&nbsp;vListInsertEnd
<LI><a href="#[138]">&gt;&gt;</a>&nbsp;&nbsp;&nbsp;vPortExitCritical
<LI><a href="#[137]">&gt;&gt;</a>&nbsp;&nbsp;&nbsp;vPortEnterCritical
<LI><a href="#[140]">&gt;&gt;</a>&nbsp;&nbsp;&nbsp;prvInitialiseTaskLists
</UL>
<BR>[Called By]<UL><LI><a href="#[123]">&gt;&gt;</a>&nbsp;&nbsp;&nbsp;xTaskCreate
<LI><a href="#[16f]">&gt;&gt;</a>&nbsp;&nbsp;&nbsp;xTaskCreateStatic
</UL>

<P><STRONG><a name="[140]"></a>prvInitialiseTaskLists</STRONG> (Thumb, 142 bytes, Stack size 24 bytes, tasks.o(.text.prvInitialiseTaskLists))
<BR><BR>[Stack]<UL><LI>Max Depth = 28<LI>Call Chain = prvInitialiseTaskLists &rArr; vListInitialise
</UL>
<BR>[Calls]<UL><LI><a href="#[142]">&gt;&gt;</a>&nbsp;&nbsp;&nbsp;vListInitialise
</UL>
<BR>[Called By]<UL><LI><a href="#[13f]">&gt;&gt;</a>&nbsp;&nbsp;&nbsp;prvAddNewTaskToReadyList
</UL>

<P><STRONG><a name="[145]"></a>prvDeleteTCB</STRONG> (Thumb, 60 bytes, Stack size 16 bytes, tasks.o(.text.prvDeleteTCB))
<BR><BR>[Stack]<UL><LI>Max Depth = 108<LI>Call Chain = prvDeleteTCB &rArr; vPortFree &rArr; xTaskResumeAll &rArr; xTaskIncrementTick &rArr; vListInsertEnd
</UL>
<BR>[Calls]<UL><LI><a href="#[14a]">&gt;&gt;</a>&nbsp;&nbsp;&nbsp;vPortFree
</UL>
<BR>[Called By]<UL><LI><a href="#[106]">&gt;&gt;</a>&nbsp;&nbsp;&nbsp;vTaskDelete
<LI><a href="#[144]">&gt;&gt;</a>&nbsp;&nbsp;&nbsp;prvCheckTasksWaitingTermination
</UL>

<P><STRONG><a name="[16a]"></a>prvResetNextTaskUnblockTime</STRONG> (Thumb, 60 bytes, Stack size 0 bytes, tasks.o(.text.prvResetNextTaskUnblockTime))
<BR><BR>[Called By]<UL><LI><a href="#[106]">&gt;&gt;</a>&nbsp;&nbsp;&nbsp;vTaskDelete
<LI><a href="#[126]">&gt;&gt;</a>&nbsp;&nbsp;&nbsp;vTaskSuspend
<LI><a href="#[176]">&gt;&gt;</a>&nbsp;&nbsp;&nbsp;xTaskIncrementTick
<LI><a href="#[15b]">&gt;&gt;</a>&nbsp;&nbsp;&nbsp;xTaskResumeAll
</UL>

<P><STRONG><a name="[13b]"></a>prvAddCurrentTaskToDelayedList</STRONG> (Thumb, 212 bytes, Stack size 24 bytes, tasks.o(.text.prvAddCurrentTaskToDelayedList))
<BR><BR>[Stack]<UL><LI>Max Depth = 40<LI>Call Chain = prvAddCurrentTaskToDelayedList &rArr; vListInsert
</UL>
<BR>[Calls]<UL><LI><a href="#[13c]">&gt;&gt;</a>&nbsp;&nbsp;&nbsp;uxListRemove
<LI><a href="#[13e]">&gt;&gt;</a>&nbsp;&nbsp;&nbsp;vListInsert
<LI><a href="#[13d]">&gt;&gt;</a>&nbsp;&nbsp;&nbsp;vListInsertEnd
</UL>
<BR>[Called By]<UL><LI><a href="#[108]">&gt;&gt;</a>&nbsp;&nbsp;&nbsp;vTaskDelay
<LI><a href="#[169]">&gt;&gt;</a>&nbsp;&nbsp;&nbsp;vTaskPlaceOnEventListRestricted
<LI><a href="#[16b]">&gt;&gt;</a>&nbsp;&nbsp;&nbsp;vTaskPlaceOnEventList
</UL>

<P><STRONG><a name="[16d]"></a>prvTaskIsTaskSuspended</STRONG> (Thumb, 78 bytes, Stack size 12 bytes, tasks.o(.text.prvTaskIsTaskSuspended))
<BR><BR>[Stack]<UL><LI>Max Depth = 12<LI>Call Chain = prvTaskIsTaskSuspended
</UL>
<BR>[Called By]<UL><LI><a href="#[125]">&gt;&gt;</a>&nbsp;&nbsp;&nbsp;vTaskResume
</UL>

<P><STRONG><a name="[7d]"></a>prvIdleTask</STRONG> (Thumb, 56 bytes, Stack size 16 bytes, tasks.o(.text.prvIdleTask))
<BR><BR>[Stack]<UL><LI>Max Depth = 140<LI>Call Chain = prvIdleTask &rArr; prvCheckTasksWaitingTermination &rArr; prvDeleteTCB &rArr; vPortFree &rArr; xTaskResumeAll &rArr; xTaskIncrementTick &rArr; vListInsertEnd
</UL>
<BR>[Calls]<UL><LI><a href="#[144]">&gt;&gt;</a>&nbsp;&nbsp;&nbsp;prvCheckTasksWaitingTermination
</UL>
<BR>[Address Reference Count : 1]<UL><LI> tasks.o(.text.vTaskStartScheduler)
</UL>
<P><STRONG><a name="[144]"></a>prvCheckTasksWaitingTermination</STRONG> (Thumb, 90 bytes, Stack size 16 bytes, tasks.o(.text.prvCheckTasksWaitingTermination))
<BR><BR>[Stack]<UL><LI>Max Depth = 124<LI>Call Chain = prvCheckTasksWaitingTermination &rArr; prvDeleteTCB &rArr; vPortFree &rArr; xTaskResumeAll &rArr; xTaskIncrementTick &rArr; vListInsertEnd
</UL>
<BR>[Calls]<UL><LI><a href="#[13c]">&gt;&gt;</a>&nbsp;&nbsp;&nbsp;uxListRemove
<LI><a href="#[138]">&gt;&gt;</a>&nbsp;&nbsp;&nbsp;vPortExitCritical
<LI><a href="#[137]">&gt;&gt;</a>&nbsp;&nbsp;&nbsp;vPortEnterCritical
<LI><a href="#[145]">&gt;&gt;</a>&nbsp;&nbsp;&nbsp;prvDeleteTCB
</UL>
<BR>[Called By]<UL><LI><a href="#[7d]">&gt;&gt;</a>&nbsp;&nbsp;&nbsp;prvIdleTask
</UL>

<P><STRONG><a name="[168]"></a>prvTaskCheckFreeStackSpace</STRONG> (Thumb, 48 bytes, Stack size 8 bytes, tasks.o(.text.prvTaskCheckFreeStackSpace))
<BR><BR>[Stack]<UL><LI>Max Depth = 8<LI>Call Chain = prvTaskCheckFreeStackSpace
</UL>
<BR>[Called By]<UL><LI><a href="#[122]">&gt;&gt;</a>&nbsp;&nbsp;&nbsp;uxTaskGetStackHighWaterMark
</UL>

<P><STRONG><a name="[141]"></a>prvCheckForValidListAndQueue</STRONG> (Thumb, 126 bytes, Stack size 24 bytes, timers.o(.text.prvCheckForValidListAndQueue))
<BR><BR>[Stack]<UL><LI>Max Depth = 148<LI>Call Chain = prvCheckForValidListAndQueue &rArr; xQueueGenericCreateStatic &rArr; prvInitialiseNewQueue &rArr; xQueueGenericReset &rArr; xTaskRemoveFromEventList &rArr; vListInsertEnd
</UL>
<BR>[Calls]<UL><LI><a href="#[142]">&gt;&gt;</a>&nbsp;&nbsp;&nbsp;vListInitialise
<LI><a href="#[138]">&gt;&gt;</a>&nbsp;&nbsp;&nbsp;vPortExitCritical
<LI><a href="#[137]">&gt;&gt;</a>&nbsp;&nbsp;&nbsp;vPortEnterCritical
<LI><a href="#[143]">&gt;&gt;</a>&nbsp;&nbsp;&nbsp;xQueueGenericCreateStatic
</UL>
<BR>[Called By]<UL><LI><a href="#[170]">&gt;&gt;</a>&nbsp;&nbsp;&nbsp;xTimerCreateTimerTask
</UL>

<P><STRONG><a name="[7e]"></a>prvTimerTask</STRONG> (Thumb, 30 bytes, Stack size 24 bytes, timers.o(.text.prvTimerTask))
<BR><BR>[Stack]<UL><LI>Max Depth = 300<LI>Call Chain = prvTimerTask &rArr; prvProcessReceivedCommands &rArr; prvSampleTimeNow &rArr; prvSwitchTimerLists &rArr; xTimerGenericCommand &rArr; xQueueGenericSendFromISR &rArr; prvCopyDataToQueue &rArr; xTaskPriorityDisinherit &rArr; vListInsertEnd
</UL>
<BR>[Calls]<UL><LI><a href="#[156]">&gt;&gt;</a>&nbsp;&nbsp;&nbsp;prvProcessReceivedCommands
<LI><a href="#[159]">&gt;&gt;</a>&nbsp;&nbsp;&nbsp;prvProcessTimerOrBlockTask
<LI><a href="#[15e]">&gt;&gt;</a>&nbsp;&nbsp;&nbsp;prvGetNextExpireTime
</UL>
<BR>[Address Reference Count : 1]<UL><LI> timers.o(.text.xTimerCreateTimerTask)
</UL>
<P><STRONG><a name="[15e]"></a>prvGetNextExpireTime</STRONG> (Thumb, 64 bytes, Stack size 8 bytes, timers.o(.text.prvGetNextExpireTime))
<BR><BR>[Stack]<UL><LI>Max Depth = 8<LI>Call Chain = prvGetNextExpireTime
</UL>
<BR>[Called By]<UL><LI><a href="#[7e]">&gt;&gt;</a>&nbsp;&nbsp;&nbsp;prvTimerTask
</UL>

<P><STRONG><a name="[159]"></a>prvProcessTimerOrBlockTask</STRONG> (Thumb, 154 bytes, Stack size 24 bytes, timers.o(.text.prvProcessTimerOrBlockTask))
<BR><BR>[Stack]<UL><LI>Max Depth = 244<LI>Call Chain = prvProcessTimerOrBlockTask &rArr; prvSampleTimeNow &rArr; prvSwitchTimerLists &rArr; xTimerGenericCommand &rArr; xQueueGenericSendFromISR &rArr; prvCopyDataToQueue &rArr; xTaskPriorityDisinherit &rArr; vListInsertEnd
</UL>
<BR>[Calls]<UL><LI><a href="#[15b]">&gt;&gt;</a>&nbsp;&nbsp;&nbsp;xTaskResumeAll
<LI><a href="#[15a]">&gt;&gt;</a>&nbsp;&nbsp;&nbsp;vTaskSuspendAll
<LI><a href="#[154]">&gt;&gt;</a>&nbsp;&nbsp;&nbsp;prvProcessExpiredTimer
<LI><a href="#[158]">&gt;&gt;</a>&nbsp;&nbsp;&nbsp;prvSampleTimeNow
<LI><a href="#[15c]">&gt;&gt;</a>&nbsp;&nbsp;&nbsp;vQueueWaitForMessageRestricted
</UL>
<BR>[Called By]<UL><LI><a href="#[7e]">&gt;&gt;</a>&nbsp;&nbsp;&nbsp;prvTimerTask
</UL>

<P><STRONG><a name="[156]"></a>prvProcessReceivedCommands</STRONG> (Thumb, 314 bytes, Stack size 56 bytes, timers.o(.text.prvProcessReceivedCommands))
<BR><BR>[Stack]<UL><LI>Max Depth = 276<LI>Call Chain = prvProcessReceivedCommands &rArr; prvSampleTimeNow &rArr; prvSwitchTimerLists &rArr; xTimerGenericCommand &rArr; xQueueGenericSendFromISR &rArr; prvCopyDataToQueue &rArr; xTaskPriorityDisinherit &rArr; vListInsertEnd
</UL>
<BR>[Calls]<UL><LI><a href="#[13c]">&gt;&gt;</a>&nbsp;&nbsp;&nbsp;uxListRemove
<LI><a href="#[157]">&gt;&gt;</a>&nbsp;&nbsp;&nbsp;xQueueReceive
<LI><a href="#[155]">&gt;&gt;</a>&nbsp;&nbsp;&nbsp;xTimerGenericCommand
<LI><a href="#[14a]">&gt;&gt;</a>&nbsp;&nbsp;&nbsp;vPortFree
<LI><a href="#[151]">&gt;&gt;</a>&nbsp;&nbsp;&nbsp;prvInsertTimerInActiveList
<LI><a href="#[158]">&gt;&gt;</a>&nbsp;&nbsp;&nbsp;prvSampleTimeNow
</UL>
<BR>[Called By]<UL><LI><a href="#[7e]">&gt;&gt;</a>&nbsp;&nbsp;&nbsp;prvTimerTask
</UL>

<P><STRONG><a name="[158]"></a>prvSampleTimeNow</STRONG> (Thumb, 68 bytes, Stack size 16 bytes, timers.o(.text.prvSampleTimeNow))
<BR><BR>[Stack]<UL><LI>Max Depth = 220<LI>Call Chain = prvSampleTimeNow &rArr; prvSwitchTimerLists &rArr; xTimerGenericCommand &rArr; xQueueGenericSendFromISR &rArr; prvCopyDataToQueue &rArr; xTaskPriorityDisinherit &rArr; vListInsertEnd
</UL>
<BR>[Calls]<UL><LI><a href="#[11f]">&gt;&gt;</a>&nbsp;&nbsp;&nbsp;xTaskGetTickCount
<LI><a href="#[15d]">&gt;&gt;</a>&nbsp;&nbsp;&nbsp;prvSwitchTimerLists
</UL>
<BR>[Called By]<UL><LI><a href="#[156]">&gt;&gt;</a>&nbsp;&nbsp;&nbsp;prvProcessReceivedCommands
<LI><a href="#[159]">&gt;&gt;</a>&nbsp;&nbsp;&nbsp;prvProcessTimerOrBlockTask
</UL>

<P><STRONG><a name="[154]"></a>prvProcessExpiredTimer</STRONG> (Thumb, 114 bytes, Stack size 32 bytes, timers.o(.text.prvProcessExpiredTimer))
<BR><BR>[Stack]<UL><LI>Max Depth = 204<LI>Call Chain = prvProcessExpiredTimer &rArr; xTimerGenericCommand &rArr; xQueueGenericSendFromISR &rArr; prvCopyDataToQueue &rArr; xTaskPriorityDisinherit &rArr; vListInsertEnd
</UL>
<BR>[Calls]<UL><LI><a href="#[13c]">&gt;&gt;</a>&nbsp;&nbsp;&nbsp;uxListRemove
<LI><a href="#[155]">&gt;&gt;</a>&nbsp;&nbsp;&nbsp;xTimerGenericCommand
<LI><a href="#[151]">&gt;&gt;</a>&nbsp;&nbsp;&nbsp;prvInsertTimerInActiveList
</UL>
<BR>[Called By]<UL><LI><a href="#[159]">&gt;&gt;</a>&nbsp;&nbsp;&nbsp;prvProcessTimerOrBlockTask
</UL>

<P><STRONG><a name="[151]"></a>prvInsertTimerInActiveList</STRONG> (Thumb, 134 bytes, Stack size 32 bytes, timers.o(.text.prvInsertTimerInActiveList))
<BR><BR>[Stack]<UL><LI>Max Depth = 48<LI>Call Chain = prvInsertTimerInActiveList &rArr; vListInsert
</UL>
<BR>[Calls]<UL><LI><a href="#[13e]">&gt;&gt;</a>&nbsp;&nbsp;&nbsp;vListInsert
</UL>
<BR>[Called By]<UL><LI><a href="#[154]">&gt;&gt;</a>&nbsp;&nbsp;&nbsp;prvProcessExpiredTimer
<LI><a href="#[156]">&gt;&gt;</a>&nbsp;&nbsp;&nbsp;prvProcessReceivedCommands
</UL>

<P><STRONG><a name="[15d]"></a>prvSwitchTimerLists</STRONG> (Thumb, 184 bytes, Stack size 32 bytes, timers.o(.text.prvSwitchTimerLists))
<BR><BR>[Stack]<UL><LI>Max Depth = 204<LI>Call Chain = prvSwitchTimerLists &rArr; xTimerGenericCommand &rArr; xQueueGenericSendFromISR &rArr; prvCopyDataToQueue &rArr; xTaskPriorityDisinherit &rArr; vListInsertEnd
</UL>
<BR>[Calls]<UL><LI><a href="#[13c]">&gt;&gt;</a>&nbsp;&nbsp;&nbsp;uxListRemove
<LI><a href="#[13e]">&gt;&gt;</a>&nbsp;&nbsp;&nbsp;vListInsert
<LI><a href="#[155]">&gt;&gt;</a>&nbsp;&nbsp;&nbsp;xTimerGenericCommand
</UL>
<BR>[Called By]<UL><LI><a href="#[158]">&gt;&gt;</a>&nbsp;&nbsp;&nbsp;prvSampleTimeNow
</UL>

<P><STRONG><a name="[183]"></a>_fp_digits</STRONG> (Thumb, 366 bytes, Stack size 64 bytes, printfa.o(i._fp_digits), UNUSED)
<BR><BR>[Calls]<UL><LI><a href="#[ce]">&gt;&gt;</a>&nbsp;&nbsp;&nbsp;__aeabi_ddiv
<LI><a href="#[d0]">&gt;&gt;</a>&nbsp;&nbsp;&nbsp;__aeabi_dmul
<LI><a href="#[c8]">&gt;&gt;</a>&nbsp;&nbsp;&nbsp;__aeabi_dadd
<LI><a href="#[d1]">&gt;&gt;</a>&nbsp;&nbsp;&nbsp;__aeabi_d2ulz
<LI><a href="#[184]">&gt;&gt;</a>&nbsp;&nbsp;&nbsp;__aeabi_cdrcmple
<LI><a href="#[c2]">&gt;&gt;</a>&nbsp;&nbsp;&nbsp;__aeabi_uldivmod
</UL>
<BR>[Called By]<UL><LI><a href="#[17f]">&gt;&gt;</a>&nbsp;&nbsp;&nbsp;_printf_core
</UL>

<P><STRONG><a name="[17f]"></a>_printf_core</STRONG> (Thumb, 1744 bytes, Stack size 136 bytes, printfa.o(i._printf_core), UNUSED)
<BR><BR>[Calls]<UL><LI><a href="#[187]">&gt;&gt;</a>&nbsp;&nbsp;&nbsp;__aeabi_uidivmod
<LI><a href="#[185]">&gt;&gt;</a>&nbsp;&nbsp;&nbsp;_printf_pre_padding
<LI><a href="#[186]">&gt;&gt;</a>&nbsp;&nbsp;&nbsp;_printf_post_padding
<LI><a href="#[183]">&gt;&gt;</a>&nbsp;&nbsp;&nbsp;_fp_digits
<LI><a href="#[c2]">&gt;&gt;</a>&nbsp;&nbsp;&nbsp;__aeabi_uldivmod
</UL>
<BR>[Called By]<UL><LI><a href="#[181]">&gt;&gt;</a>&nbsp;&nbsp;&nbsp;__0snprintf
<LI><a href="#[180]">&gt;&gt;</a>&nbsp;&nbsp;&nbsp;__0printf
<LI><a href="#[17e]">&gt;&gt;</a>&nbsp;&nbsp;&nbsp;__0fprintf
</UL>

<P><STRONG><a name="[186]"></a>_printf_post_padding</STRONG> (Thumb, 36 bytes, Stack size 24 bytes, printfa.o(i._printf_post_padding), UNUSED)
<BR><BR>[Called By]<UL><LI><a href="#[17f]">&gt;&gt;</a>&nbsp;&nbsp;&nbsp;_printf_core
</UL>

<P><STRONG><a name="[185]"></a>_printf_pre_padding</STRONG> (Thumb, 46 bytes, Stack size 24 bytes, printfa.o(i._printf_pre_padding), UNUSED)
<BR><BR>[Called By]<UL><LI><a href="#[17f]">&gt;&gt;</a>&nbsp;&nbsp;&nbsp;_printf_core
</UL>

<P><STRONG><a name="[80]"></a>_snputc</STRONG> (Thumb, 22 bytes, Stack size 0 bytes, printfa.o(i._snputc))
<BR>[Address Reference Count : 1]<UL><LI> printfa.o(i.__0snprintf)
</UL><P>
<H3>
Undefined Global Symbols
</H3><HR></body></html>
