Component: Arm Compiler for Embedded 6.19 Tool: armlink [5e73cb00]

==============================================================================

Section Cross References

    main.o(.ARM.exidx.text.exit) refers to main.o(.text.exit) for [Anonymous Symbol]
    main.o(.text.main) refers to main.o(.rodata.str1.1) for .L.str
    main.o(.text.main) refers to printfa.o(i.__0printf) for printf
    main.o(.text.main) refers to test_osapi.o(.text._Z14taskOSAPI_TESTPv) for taskOSAPI_TEST(void*)
    main.o(.text.main) refers to tasks.o(.text.xTaskCreate) for xTaskCreate
    main.o(.text.main) refers to tasks.o(.text.vTaskStartScheduler) for vTaskStartScheduler
    main.o(.ARM.exidx.text.main) refers to main.o(.text.main) for [Anonymous Symbol]
    basic.o(.text.CU_basic_run_tests) refers to testdb.o(.text.CU_get_registry) for CU_get_registry
    basic.o(.text.CU_basic_run_tests) refers to basic.o(.bss.f_run_mode) for f_run_mode
    basic.o(.text.CU_basic_run_tests) refers to stderr.o(.data) for __stderr
    basic.o(.text.CU_basic_run_tests) refers to basic.o(.rodata.str1.1) for .L.str
    basic.o(.text.CU_basic_run_tests) refers to printfa.o(i.__0fprintf) for fprintf
    basic.o(.text.CU_basic_run_tests) refers to basic.o(.text.basic_initialize) for basic_initialize
    basic.o(.text.CU_basic_run_tests) refers to basic.o(.text.basic_run_all_tests) for basic_run_all_tests
    basic.o(.ARM.exidx.text.CU_basic_run_tests) refers to basic.o(.text.CU_basic_run_tests) for [Anonymous Symbol]
    basic.o(.text.basic_initialize) refers to stdout.o(.data) for __stdout
    basic.o(.text.basic_initialize) refers to stderr.o(.data) for __stderr
    basic.o(.text.basic_initialize) refers to cuerror.o(.text.CU_set_error) for CU_set_error
    basic.o(.text.basic_initialize) refers to basic.o(.bss.f_run_mode) for f_run_mode
    basic.o(.text.basic_initialize) refers to basic.o(.rodata.str1.1) for .L.str.4
    basic.o(.text.basic_initialize) refers to printfa.o(i.__0fprintf) for fprintf
    basic.o(.text.basic_initialize) refers to basic.o(.text.basic_test_start_message_handler) for basic_test_start_message_handler
    basic.o(.text.basic_initialize) refers to testrun.o(.text.CU_set_test_start_handler) for CU_set_test_start_handler
    basic.o(.text.basic_initialize) refers to basic.o(.text.basic_test_complete_message_handler) for basic_test_complete_message_handler
    basic.o(.text.basic_initialize) refers to testrun.o(.text.CU_set_test_complete_handler) for CU_set_test_complete_handler
    basic.o(.text.basic_initialize) refers to basic.o(.text.basic_all_tests_complete_message_handler) for basic_all_tests_complete_message_handler
    basic.o(.text.basic_initialize) refers to testrun.o(.text.CU_set_all_test_complete_handler) for CU_set_all_test_complete_handler
    basic.o(.text.basic_initialize) refers to basic.o(.text.basic_suite_init_failure_message_handler) for basic_suite_init_failure_message_handler
    basic.o(.text.basic_initialize) refers to testrun.o(.text.CU_set_suite_init_failure_handler) for CU_set_suite_init_failure_handler
    basic.o(.text.basic_initialize) refers to basic.o(.text.basic_suite_cleanup_failure_message_handler) for basic_suite_cleanup_failure_message_handler
    basic.o(.text.basic_initialize) refers to testrun.o(.text.CU_set_suite_cleanup_failure_handler) for CU_set_suite_cleanup_failure_handler
    basic.o(.text.basic_initialize) refers to cuerror.o(.text.CU_get_error) for CU_get_error
    basic.o(.ARM.exidx.text.basic_initialize) refers to basic.o(.text.basic_initialize) for [Anonymous Symbol]
    basic.o(.text.basic_run_all_tests) refers to basic.o(.bss.f_pRunningSuite) for f_pRunningSuite
    basic.o(.text.basic_run_all_tests) refers to testdb.o(.text.CU_set_registry) for CU_set_registry
    basic.o(.text.basic_run_all_tests) refers to testrun.o(.text.CU_run_all_tests) for CU_run_all_tests
    basic.o(.ARM.exidx.text.basic_run_all_tests) refers to basic.o(.text.basic_run_all_tests) for [Anonymous Symbol]
    basic.o(.text.CU_basic_run_suite) refers to basic.o(.text.basic_initialize) for basic_initialize
    basic.o(.text.CU_basic_run_suite) refers to basic.o(.text.basic_run_suite) for basic_run_suite
    basic.o(.ARM.exidx.text.CU_basic_run_suite) refers to basic.o(.text.CU_basic_run_suite) for [Anonymous Symbol]
    basic.o(.text.basic_run_suite) refers to basic.o(.bss.f_pRunningSuite) for f_pRunningSuite
    basic.o(.text.basic_run_suite) refers to testrun.o(.text.CU_run_suite) for CU_run_suite
    basic.o(.ARM.exidx.text.basic_run_suite) refers to basic.o(.text.basic_run_suite) for [Anonymous Symbol]
    basic.o(.text.CU_basic_run_test) refers to basic.o(.text.basic_initialize) for basic_initialize
    basic.o(.text.CU_basic_run_test) refers to basic.o(.text.basic_run_single_test) for basic_run_single_test
    basic.o(.ARM.exidx.text.CU_basic_run_test) refers to basic.o(.text.CU_basic_run_test) for [Anonymous Symbol]
[...]
    strcpy                                   0x080002c5   Thumb Code    18  strcpy.o(.text)
    __aeabi_dadd                             0x080002d7   Thumb Code   322  dadd.o(.text)
    __aeabi_dsub                             0x08000419   Thumb Code     6  dadd.o(.text)
    __aeabi_drsub                            0x0800041f   Thumb Code     6  dadd.o(.text)
    __aeabi_ddiv                             0x08000425   Thumb Code   222  ddiv.o(.text)
    __aeabi_ui2d                             0x08000503   Thumb Code    26  dfltui.o(.text)
    setjmp                                   0x0800051d   Thumb Code    26  setjmp.o(.text)
    longjmp                                  0x08000537   Thumb Code    36  setjmp.o(.text)
    __aeabi_uidiv                            0x0800055b   Thumb Code     0  uidiv.o(.text)
    __aeabi_uidivmod                         0x0800055b   Thumb Code    44  uidiv.o(.text)
    __aeabi_llsl                             0x08000587   Thumb Code    30  llshl.o(.text)
    _ll_shift_l                              0x08000587   Thumb Code     0  llshl.o(.text)
    __aeabi_llsr                             0x080005a5   Thumb Code    32  llushr.o(.text)
    _ll_ushift_r                             0x080005a5   Thumb Code     0  llushr.o(.text)
    __aeabi_lasr                             0x080005c5   Thumb Code    36  llsshr.o(.text)
    _ll_sshift_r                             0x080005c5   Thumb Code     0  llsshr.o(.text)
    __I$use$fp                               0x080005e9   Thumb Code     0  iusefp.o(.text)
    _double_round                            0x080005e9   Thumb Code    30  depilogue.o(.text)
    _double_epilogue                         0x08000607   Thumb Code   156  depilogue.o(.text)
    __aeabi_dmul                             0x080006a3   Thumb Code   228  dmul.o(.text)
    __aeabi_d2ulz                            0x08000787   Thumb Code    48  dfixul.o(.text)
    __aeabi_cdrcmple                         0x080007b9   Thumb Code    48  cdrcmple.o(.text)
    __scatterload                            0x080007e9   Thumb Code    28  init.o(.text)
    __scatterload_rt2                        0x080007e9   Thumb Code     0  init.o(.text)
    CU_add_suite                             0x0800080d   Thumb Code    32  testdb.o(.text.CU_add_suite)
    CU_add_suite_with_setup_and_teardown     0x0800082d   Thumb Code   196  testdb.o(.text.CU_add_suite_with_setup_and_teardown)
    CU_add_test                              0x080008f1   Thumb Code   210  testdb.o(.text.CU_add_test)
    CU_assertImplementation                  0x080009c5   Thumb Code   238  testrun.o(.text.CU_assertImplementation)
    CU_basic_run_tests                       0x08000ab5   Thumb Code   100  basic.o(.text.CU_basic_run_tests)
    CU_basic_set_mode                        0x08000b19   Thumb Code    24  basic.o(.text.CU_basic_set_mode)
    CU_basic_show_failures                   0x08000b31   Thumb Code   144  basic.o(.text.CU_basic_show_failures)
    CU_cleanup_registry                      0x08000bc1   Thumb Code    58  testdb.o(.text.CU_cleanup_registry)
    CU_clear_previous_results                0x08000bfd   Thumb Code    24  testrun.o(.text.CU_clear_previous_results)
    CU_compare_strings                       0x08000c15   Thumb Code   164  util.o(.text.CU_compare_strings)
    CU_create_new_registry                   0x08000cb9   Thumb Code    40  testdb.o(.text.CU_create_new_registry)
    CU_destroy_existing_registry             0x08000ce1   Thumb Code    74  testdb.o(.text.CU_destroy_existing_registry)
    CU_get_elapsed_time                      0x08000d31   Thumb Code   136  testrun.o(.text.CU_get_elapsed_time)
    CU_get_error                             0x08000db9   Thumb Code    12  cuerror.o(.text.CU_get_error)
    CU_get_error_action                      0x08000dc5   Thumb Code    12  cuerror.o(.text.CU_get_error_action)
    CU_get_failure_list                      0x08000dd1   Thumb Code    12  testrun.o(.text.CU_get_failure_list)
    CU_get_registry                          0x08000ddd   Thumb Code    12  testdb.o(.text.CU_get_registry)
    CU_get_run_results_string                0x08000de9   Thumb Code  3764  testrun.o(.text.CU_get_run_results_string)
    CU_initialize_registry                   0x08001c9d   Thumb Code   108  testdb.o(.text.CU_initialize_registry)
    CU_is_test_running                       0x08001d09   Thumb Code    12  testrun.o(.text.CU_is_test_running)
    CU_number_width                          0x08001d15   Thumb Code    44  util.o(.text.CU_number_width)
    CU_print_run_results                     0x08001d41   Thumb Code    94  testrun.o(.text.CU_print_run_results)
    CU_run_all_tests                         0x08001da1   Thumb Code   360  testrun.o(.text.CU_run_all_tests)
    CU_set_all_test_complete_handler         0x08001f09   Thumb Code    20  testrun.o(.text.CU_set_all_test_complete_handler)
    CU_set_error                             0x08001f1d   Thumb Code    92  cuerror.o(.text.CU_set_error)
    CU_set_registry                          0x08001f79   Thumb Code    74  testdb.o(.text.CU_set_registry)
    CU_set_suite_cleanup_failure_handler     0x08001fc5   Thumb Code    20  testrun.o(.text.CU_set_suite_cleanup_failure_handler)
    CU_set_suite_init_failure_handler        0x08001fd9   Thumb Code    20  testrun.o(.text.CU_set_suite_init_failure_handler)
    CU_set_test_complete_handler             0x08001fed   Thumb Code    20  testrun.o(.text.CU_set_test_complete_handler)
    CU_set_test_start_handler                0x08002001   Thumb Code    20  testrun.o(.text.CU_set_test_start_handler)
    ITM_SendChar                             0x08002015   Thumb Code    66  retarget_io.o(.text.ITM_SendChar)
    PendSV_Handler                           0x08002061   Thumb Code   100  port.o(.text.PendSV_Handler)
    SVC_Handler                              0x080020d1   Thumb Code    36  port.o(.text.SVC_Handler)
    SysTick_Handler                          0x080020f5   Thumb Code    30  cmsis_os2.o(.text.SysTick_Handler)
    SystemInit                               0x08002115   Thumb Code    18  system_stm32f4xx.o(.text.SystemInit)
    TEST_Mutex()                             0x08002129   Thumb Code   160  test_06_mutex.o(.text._Z10TEST_Mutexv)
    taskOSAPI_TEST(void*)                    0x080021c9   Thumb Code   448  test_osapi.o(.text._Z14taskOSAPI_TESTPv)
    TEST_ThreadJoin()                        0x08002389   Thumb Code   360  test_02_thread_join.o(.text._Z15TEST_ThreadJoinv)
    TEST_ThreadName()                        0x080024f1   Thumb Code   104  test_00_thread_name.o(.text._Z15TEST_ThreadNamev)
    TEST_ThreadDelay()                       0x08002559   Thumb Code   166  test_05_thread_delay.o(.text._Z16TEST_ThreadDelayv)
    TEST_MortalThread()                      0x08002601   Thumb Code   354  test_08_mortal_thread.o(.text._Z17TEST_MortalThreadv)
    TEST_RecursiveMutex()                    0x08002765   Thumb Code   212  test_07_recursive_mutex.o(.text._Z19TEST_RecursiveMutexv)
    TEST_ThreadCreation()                    0x08002839   Thumb Code   154  test_01_thread_creation.o(.text._Z19TEST_ThreadCreationv)
    TEST_ThreadPriority()                    0x080028d5   Thumb Code   166  test_04_thread_priority.o(.text._Z19TEST_ThreadPriorityv)
    TEST_ThreadStackSize()                   0x0800297d   Thumb Code   372  test_14_thread_stack_size.o(.text._Z20TEST_ThreadStackSizev)
    TEST_ThreadRunDetailed()                 0x08002af1   Thumb Code   386  test_11_thread_run_detailed.o(.text._Z22TEST_ThreadRunDetailedv)
    TEST_ThreadStateChecking()               0x08002c75   Thumb Code   558  test_12_thread_state.o(.text._Z24TEST_ThreadStateCheckingv)
    TEST_ThreadSuspendResume()               0x08002ea5   Thumb Code   404  test_03_thread_suspend_resume.o(.text._Z24TEST_ThreadSuspendResumev)
    TEST_ThreadPriorityChange()              0x08003039   Thumb Code   450  test_10_thread_priority_change.o(.text._Z25TEST_ThreadPriorityChangev)
    TEST_ThreadSuspendInactive()             0x080031fd   Thumb Code   172  test_13_thread_suspend_inactive.o(.text._Z26TEST_ThreadSuspendInactivev)
    TestThread0::job()                       0x080032a9   Thumb Code     8  test_00_thread_name.o(.text._ZN11TestThread03jobEv)
    TestThread0::TestThread0__sub_object()   0x080032b1   Thumb Code    54  test_00_thread_name.o(.text._ZN11TestThread0C2Ev)
    TestThread0::~TestThread0__deallocating() 0x080032e9   Thumb Code    24  test_00_thread_name.o(.text._ZN11TestThread0D0Ev)
    TestThread0::~TestThread0__sub_object()  0x08003301   Thumb Code    20  test_00_thread_name.o(.text._ZN11TestThread0D2Ev)
    TestThread1::job()                       0x08003315   Thumb Code    20  test_01_thread_creation.o(.text._ZN11TestThread13jobEv)
    TestThread1::TestThread1__sub_object()   0x08003329   Thumb Code    52  test_01_thread_creation.o(.text._ZN11TestThread1C2Ev)
    TestThread1::~TestThread1__deallocating() 0x0800335d   Thumb Code    24  test_01_thread_creation.o(.text._ZN11TestThread1D0Ev)
    TestThread1::~TestThread1__sub_object()  0x08003375   Thumb Code    20  test_01_thread_creation.o(.text._ZN11TestThread1D2Ev)
    TestThread2::job()                       0x08003389   Thumb Code   112  test_02_thread_join.o(.text._ZN11TestThread23jobEv)
    TestThread2::TestThread2__sub_object()   0x080033f9   Thumb Code    60  test_02_thread_join.o(.text._ZN11TestThread2C2Ev)
    TestThread2::~TestThread2__deallocating() 0x08003435   Thumb Code    24  test_02_thread_join.o(.text._ZN11TestThread2D0Ev)
    TestThread2::~TestThread2__sub_object()  0x0800344d   Thumb Code    20  test_02_thread_join.o(.text._ZN11TestThread2D2Ev)
    TestThread3::job()                       0x08003461   Thumb Code    66  test_03_thread_suspend_resume.o(.text._ZN11TestThread33jobEv)
    TestThread3::TestThread3__sub_object()   0x080034a5   Thumb Code    60  test_03_thread_suspend_resume.o(.text._ZN11TestThread3C2Ev)
    TestThread3::~TestThread3__deallocating() 0x080034e1   Thumb Code    24  test_03_thread_suspend_resume.o(.text._ZN11TestThread3D0Ev)
    TestThread3::~TestThread3__sub_object()  0x080034f9   Thumb Code    20  test_03_thread_suspend_resume.o(.text._ZN11TestThread3D2Ev)
    TestThread4::job()                       0x0800350d   Thumb Code    42  test_04_thread_priority.o(.text._ZN11TestThread43jobEv)
    TestThread4::TestThread4__sub_object()   0x08003539   Thumb Code    60  test_04_thread_priority.o(.text._ZN11TestThread4C2Ev)
    TestThread4::~TestThread4__deallocating() 0x08003575   Thumb Code    24  test_04_thread_priority.o(.text._ZN11TestThread4D0Ev)
    TestThread4::~TestThread4__sub_object()  0x0800358d   Thumb Code    20  test_04_thread_priority.o(.text._ZN11TestThread4D2Ev)
    TestThread5::job()                       0x080035a1   Thumb Code    22  test_05_thread_delay.o(.text._ZN11TestThread53jobEv)
    TestThread5::TestThread5__sub_object()   0x080035b9   Thumb Code    60  test_05_thread_delay.o(.text._ZN11TestThread5C2Ev)
    TestThread5::~TestThread5__deallocating() 0x080035f5   Thumb Code    24  test_05_thread_delay.o(.text._ZN11TestThread5D0Ev)
    TestThread5::~TestThread5__sub_object()  0x0800360d   Thumb Code    20  test_05_thread_delay.o(.text._ZN11TestThread5D2Ev)
    TestThread11::job()                      0x08003621   Thumb Code    54  test_11_thread_run_detailed.o(.text._ZN12TestThread113jobEv)
    TestThread11::TestThread11__sub_object() 0x08003659   Thumb Code    52  test_11_thread_run_detailed.o(.text._ZN12TestThread11C2Ev)
    TestThread11::~TestThread11__deallocating() 0x0800368d   Thumb Code    24  test_11_thread_run_detailed.o(.text._ZN12TestThread11D0Ev)
    TestThread11::~TestThread11__sub_object() 0x080036a5   Thumb Code    20  test_11_thread_run_detailed.o(.text._ZN12TestThread11D2Ev)
    TestThread12::job()                      0x080036b9   Thumb Code    58  test_12_thread_state.o(.text._ZN12TestThread123jobEv)
    TestThread12::TestThread12__sub_object() 0x080036f5   Thumb Code    52  test_12_thread_state.o(.text._ZN12TestThread12C2Ev)
    TestThread12::~TestThread12__deallocating() 0x08003729   Thumb Code    24  test_12_thread_state.o(.text._ZN12TestThread12D0Ev)
    TestThread12::~TestThread12__sub_object() 0x08003741   Thumb Code    20  test_12_thread_state.o(.text._ZN12TestThread12D2Ev)
    TestThread13::job()                      0x08003755   Thumb Code     8  test_13_thread_suspend_inactive.o(.text._ZN12TestThread133jobEv)
    TestThread13::TestThread13__sub_object() 0x0800375d   Thumb Code    52  test_13_thread_suspend_inactive.o(.text._ZN12TestThread13C2Ev)
    TestThread13::~TestThread13__deallocating() 0x08003791   Thumb Code    24  test_13_thread_suspend_inactive.o(.text._ZN12TestThread13D0Ev)
    TestThread13::~TestThread13__sub_object() 0x080037a9   Thumb Code    20  test_13_thread_suspend_inactive.o(.text._ZN12TestThread13D2Ev)
    TestThread14::job()                      0x080037bd   Thumb Code    42  test_14_thread_stack_size.o(.text._ZN12TestThread143jobEv)
    TestThread14::TestThread14__sub_object() 0x080037e9   Thumb Code    52  test_14_thread_stack_size.o(.text._ZN12TestThread14C2Ev)
    TestThread14::~TestThread14__deallocating() 0x0800381d   Thumb Code    24  test_14_thread_stack_size.o(.text._ZN12TestThread14D0Ev)
    TestThread14::~TestThread14__sub_object() 0x08003835   Thumb Code    20  test_14_thread_stack_size.o(.text._ZN12TestThread14D2Ev)
    TestThread10A::job()                     0x08003849   Thumb Code   104  test_10_thread_priority_change.o(.text._ZN13TestThread10A3jobEv)
    TestThread10A::TestThread10A__sub_object() 0x080038b1   Thumb Code    60  test_10_thread_priority_change.o(.text._ZN13TestThread10AC2Ev)
    TestThread10A::~TestThread10A__deallocating() 0x080038ed   Thumb Code    24  test_10_thread_priority_change.o(.text._ZN13TestThread10AD0Ev)
    TestThread10A::~TestThread10A__sub_object() 0x08003905   Thumb Code    20  test_10_thread_priority_change.o(.text._ZN13TestThread10AD2Ev)
    TestThread10B::job()                     0x08003919   Thumb Code   104  test_10_thread_priority_change.o(.text._ZN13TestThread10B3jobEv)
    TestThread10B::TestThread10B__sub_object() 0x08003981   Thumb Code    60  test_10_thread_priority_change.o(.text._ZN13TestThread10BC2Ev)
    TestThread10B::~TestThread10B__deallocating() 0x080039bd   Thumb Code    24  test_10_thread_priority_change.o(.text._ZN13TestThread10BD0Ev)
    TestThread10B::~TestThread10B__sub_object() 0x080039d5   Thumb Code    20  test_10_thread_priority_change.o(.text._ZN13TestThread10BD2Ev)
    MyMortalThread::end()                    0x080039e9   Thumb Code    20  test_08_mortal_thread.o(.text._ZN14MyMortalThread3endEv)
    MyMortalThread::loop()                   0x080039fd   Thumb Code    32  test_08_mortal_thread.o(.text._ZN14MyMortalThread4loopEv)
    MyMortalThread::begin()                  0x08003a1d   Thumb Code    20  test_08_mortal_thread.o(.text._ZN14MyMortalThread5beginEv)
    MyMortalThread::MyMortalThread__sub_object() 0x08003a31   Thumb Code    46  test_08_mortal_thread.o(.text._ZN14MyMortalThreadC2Ev)
    MyMortalThread::~MyMortalThread__deallocating() 0x08003a61   Thumb Code    24  test_08_mortal_thread.o(.text._ZN14MyMortalThreadD0Ev)
    MyMortalThread::~MyMortalThread__sub_object() 0x08003a79   Thumb Code    20  test_08_mortal_thread.o(.text._ZN14MyMortalThreadD2Ev)
    osapi::MortalThread::job()               0x08003a8d   Thumb Code    50  test_08_mortal_thread.o(.text._ZN5osapi12MortalThread3jobEv)
    osapi::MortalThread::kill()              0x08003ac1   Thumb Code    14  test_08_mortal_thread.o(.text._ZN5osapi12MortalThread4killEv)
    osapi::MortalThread::MortalThread__sub_object(int, unsigned int, char const*) 0x08003ad1   Thumb Code    56  test_08_mortal_thread.o(.text._ZN5osapi12MortalThreadC2EijPKc)
    osapi::MortalThread::~MortalThread__deallocating() 0x08003b09   Thumb Code     6  test_08_mortal_thread.o(.text._ZN5osapi12MortalThreadD0Ev)
    osapi::MortalThread::~MortalThread__sub_object() 0x08003b11   Thumb Code    32  test_08_mortal_thread.o(.text._ZN5osapi12MortalThreadD2Ev)
    osapi::getSystemTime()                   0x08003b31   Thumb Code     8  osapi_freertos.o(.text._ZN5osapi13getSystemTimeEv)
    osapi::RecursiveMutex::lock(unsigned int) 0x08003b39   Thumb Code    60  test_07_recursive_mutex.o(.text._ZN5osapi14RecursiveMutex4lockEj)
    osapi::RecursiveMutex::unlock()          0x08003b75   Thumb Code    42  test_07_recursive_mutex.o(.text._ZN5osapi14RecursiveMutex6unlockEv)
    osapi::ThreadInterface::ThreadInterface__sub_object() 0x08003ba1   Thumb Code    22  test_00_thread_name.o(.text._ZN5osapi15ThreadInterfaceC2Ev)
    osapi::ThreadInterface::~ThreadInterface__deallocating() 0x08003bb9   Thumb Code     6  test_00_thread_name.o(.text._ZN5osapi15ThreadInterfaceD0Ev)
    osapi::ThreadInterface::~ThreadInterface__sub_object() 0x08003bc1   Thumb Code    10  test_00_thread_name.o(.text._ZN5osapi15ThreadInterfaceD2Ev)
    osapi::Mutex::lock(unsigned int)         0x08003bcd   Thumb Code    46  test_06_mutex.o(.text._ZN5osapi5Mutex4lockEj)
    osapi::Mutex::unlock()                   0x08003bfd   Thumb Code    14  test_06_mutex.o(.text._ZN5osapi5Mutex6unlockEv)
    osapi::Thread::isJoinable()              0x08003c0d   Thumb Code    18  test_00_thread_name.o(.text._ZN5osapi6Thread10isJoinableEv)
    osapi::Thread::getPriority()             0x08003c21   Thumb Code    18  test_00_thread_name.o(.text._ZN5osapi6Thread11getPriorityEv)
    osapi::Thread::setPriority(int)          0x08003c35   Thumb Code    56  test_00_thread_name.o(.text._ZN5osapi6Thread11setPriorityEi)
    osapi::Thread::threadFunction(void*)     0x08003c6d   Thumb Code    60  test_00_thread_name.o(.text._ZN5osapi6Thread14threadFunctionEPv)
    osapi::Thread::getUsedStackSize()        0x08003ca9   Thumb Code    50  test_00_thread_name.o(.text._ZN5osapi6Thread16getUsedStackSizeEv)
    osapi::Thread::getTotalStackSize()       0x08003cdd   Thumb Code    12  test_00_thread_name.o(.text._ZN5osapi6Thread17getTotalStackSizeEv)
    osapi::Thread::run()                     0x08003ce9   Thumb Code    94  test_00_thread_name.o(.text._ZN5osapi6Thread3runEv)
    osapi::Thread::join(unsigned int)        0x08003d49   Thumb Code    70  test_00_thread_name.o(.text._ZN5osapi6Thread4joinEj)
    osapi::Thread::sleep(unsigned int)       0x08003d91   Thumb Code    18  test_00_thread_name.o(.text._ZN5osapi6Thread5sleepEj)
    osapi::Thread::resume()                  0x08003da5   Thumb Code    54  test_00_thread_name.o(.text._ZN5osapi6Thread6resumeEv)
    osapi::Thread::getName()                 0x08003ddd   Thumb Code    12  test_00_thread_name.o(.text._ZN5osapi6Thread7getNameEv)
    osapi::Thread::suspend()                 0x08003de9   Thumb Code    70  test_00_thread_name.o(.text._ZN5osapi6Thread7suspendEv)
    osapi::Thread::getState()                0x08003e31   Thumb Code   152  test_00_thread_name.o(.text._ZN5osapi6Thread8getStateEv)
    osapi::Thread::isRunning()               0x08003ec9   Thumb Code   104  test_00_thread_name.o(.text._ZN5osapi6Thread9isRunningEv)
    osapi::Thread::Thread__sub_object(int, unsigned int, osapi::Joinable, char const*) 0x08003f31   Thumb Code   104  test_00_thread_name.o(.text._ZN5osapi6ThreadC2EijNS_8JoinableEPKc)
    osapi::Thread::~Thread__deallocating()   0x08003f99   Thumb Code     6  test_00_thread_name.o(.text._ZN5osapi6ThreadD0Ev)
    osapi::Thread::~Thread__sub_object()     0x08003fa1   Thumb Code    20  test_00_thread_name.o(.text._ZN5osapi6ThreadD2Ev)
    operator delete(void*)                   0x08003fb5   Thumb Code     4  new.cpp.o(.text._ZdlPv)
    __aeabi_assert                           0x08003fb9   Thumb Code   188  retarget_io.o(.text.__aeabi_assert)
    __cxa_pure_virtual                       0x08004075   Thumb Code     8  cxa_virtual.cpp.o(.text.__cxa_pure_virtual)
    abort                                    0x0800409d   Thumb Code     4  retarget_io.o(.text.abort)
    abort_message                            0x080040a1   Thumb Code     4  abort_message.cpp.o(.text.abort_message)
    eTaskGetState                            0x08004a25   Thumb Code   244  tasks.o(.text.eTaskGetState)
    exit                                     0x08004b19   Thumb Code     8  main.o(.text.exit)
    fputc                                    0x08004b21   Thumb Code    48  retarget_io.o(.text.fputc)
    main                                     0x08004da9   Thumb Code    62  main.o(.text.main)
    pvPortMalloc                             0x08005c0d   Thumb Code   434  heap_4.o(.text.pvPortMalloc)
    pvTaskIncrementMutexHeldCount            0x08005dc1   Thumb Code    44  tasks.o(.text.pvTaskIncrementMutexHeldCount)
    pxPortInitialiseStack                    0x08005ded   Thumb Code    94  port.o(.text.pxPortInitialiseStack)
    uxListRemove                             0x08006525   Thumb Code    72  list.o(.text.uxListRemove)
    uxTaskGetNumberOfTasks                   0x0800656d   Thumb Code    12  tasks.o(.text.uxTaskGetNumberOfTasks)
    uxTaskGetStackHighWaterMark              0x08006579   Thumb Code    56  tasks.o(.text.uxTaskGetStackHighWaterMark)
    uxTaskPriorityGet                        0x080065b1   Thumb Code    56  tasks.o(.text.uxTaskPriorityGet)
    vApplicationGetIdleTaskMemory            0x080065e9   Thumb Code    42  cmsis_os2.o(.text.vApplicationGetIdleTaskMemory)
    vApplicationGetTimerTaskMemory           0x08006615   Thumb Code    42  cmsis_os2.o(.text.vApplicationGetTimerTaskMemory)
    vApplicationStackOverflowHook            0x08006641   Thumb Code    10  cmsis_os2.o(.text.vApplicationStackOverflowHook)
    vListInitialise                          0x0800664d   Thumb Code    46  list.o(.text.vListInitialise)
    vListInitialiseItem                      0x0800667d   Thumb Code    14  list.o(.text.vListInitialiseItem)
    vListInsert                              0x0800668d   Thumb Code   106  list.o(.text.vListInsert)
    vListInsertEnd                           0x080066f9   Thumb Code    58  list.o(.text.vListInsertEnd)
    vPortEnterCritical                       0x08006749   Thumb Code    48  port.o(.text.vPortEnterCritical)
    vPortExitCritical                        0x08006779   Thumb Code    38  port.o(.text.vPortExitCritical)
    vPortFree                                0x080067a1   Thumb Code   132  heap_4.o(.text.vPortFree)
    vPortSetupTimerInterrupt                 0x08006825   Thumb Code    68  port.o(.text.vPortSetupTimerInterrupt)
    vQueueWaitForMessageRestricted           0x08006869   Thumb Code   100  queue.o(.text.vQueueWaitForMessageRestricted)
    vTaskDelay                               0x080068cd   Thumb Code    74  tasks.o(.text.vTaskDelay)
    vTaskDelete                              0x08006919   Thumb Code   234  tasks.o(.text.vTaskDelete)
    vTaskInternalSetTimeOutState             0x08006a05   Thumb Code    36  tasks.o(.text.vTaskInternalSetTimeOutState)
    vTaskMissedYield                         0x08006a29   Thumb Code    14  tasks.o(.text.vTaskMissedYield)
    vTaskPlaceOnEventList                    0x08006a39   Thumb Code    38  tasks.o(.text.vTaskPlaceOnEventList)
    vTaskPlaceOnEventListRestricted          0x08006a61   Thumb Code    54  tasks.o(.text.vTaskPlaceOnEventListRestricted)
    vTaskPriorityDisinheritAfterTimeout      0x08006a99   Thumb Code   236  tasks.o(.text.vTaskPriorityDisinheritAfterTimeout)
    vTaskPrioritySet                         0x08006b85   Thumb Code   382  tasks.o(.text.vTaskPrioritySet)
    vTaskResume                              0x08006d05   Thumb Code   186  tasks.o(.text.vTaskResume)
    vTaskStartScheduler                      0x08006dc1   Thumb Code   204  tasks.o(.text.vTaskStartScheduler)
    vTaskSuspend                             0x08006e8d   Thumb Code   292  tasks.o(.text.vTaskSuspend)
    vTaskSuspendAll                          0x08006fb1   Thumb Code    16  tasks.o(.text.vTaskSuspendAll)
    vTaskSwitchContext                       0x08006fc1   Thumb Code   260  tasks.o(.text.vTaskSwitchContext)
    xPortStartScheduler                      0x080070c5   Thumb Code    84  port.o(.text.xPortStartScheduler)
    xPortSysTickHandler                      0x08007119   Thumb Code    60  port.o(.text.xPortSysTickHandler)
    xQueueGenericCreate                      0x08007155   Thumb Code    88  queue.o(.text.xQueueGenericCreate)
    xQueueGenericCreateStatic                0x080071ad   Thumb Code    74  queue.o(.text.xQueueGenericCreateStatic)
    xQueueGenericReset                       0x080071f9   Thumb Code   158  queue.o(.text.xQueueGenericReset)
    xQueueGenericSend                        0x08007299   Thumb Code   362  queue.o(.text.xQueueGenericSend)
    xQueueGenericSendFromISR                 0x08007405   Thumb Code   190  queue.o(.text.xQueueGenericSendFromISR)
    xQueueReceive                            0x080074c5   Thumb Code   338  queue.o(.text.xQueueReceive)
    xQueueSemaphoreTake                      0x08007619   Thumb Code   414  queue.o(.text.xQueueSemaphoreTake)
    xTaskCheckForTimeOut                     0x080077b9   Thumb Code   154  tasks.o(.text.xTaskCheckForTimeOut)
    xTaskCreate                              0x08007855   Thumb Code   158  tasks.o(.text.xTaskCreate)
    xTaskCreateStatic                        0x080078f5   Thumb Code   114  tasks.o(.text.xTaskCreateStatic)
    xTaskGetSchedulerState                   0x08007969   Thumb Code    56  tasks.o(.text.xTaskGetSchedulerState)
    xTaskGetTickCount                        0x080079a1   Thumb Code    20  tasks.o(.text.xTaskGetTickCount)
    xTaskIncrementTick                       0x080079b5   Thumb Code   414  tasks.o(.text.xTaskIncrementTick)
    xTaskPriorityDisinherit                  0x08007b55   Thumb Code   166  tasks.o(.text.xTaskPriorityDisinherit)
    xTaskPriorityInherit                     0x08007bfd   Thumb Code   270  tasks.o(.text.xTaskPriorityInherit)
    xTaskRemoveFromEventList                 0x08007d0d   Thumb Code   178  tasks.o(.text.xTaskRemoveFromEventList)
    xTaskResumeAll                           0x08007dc1   Thumb Code   354  tasks.o(.text.xTaskResumeAll)
    xTimerCreateTimerTask                    0x08007f25   Thumb Code   120  timers.o(.text.xTimerCreateTimerTask)
    xTimerGenericCommand                     0x08007f9d   Thumb Code   148  timers.o(.text.xTimerGenericCommand)
    __0fprintf                               0x08008031   Thumb Code    22  printfa.o(i.__0fprintf)
    __1fprintf                               0x08008031   Thumb Code     0  printfa.o(i.__0fprintf)
    __2fprintf                               0x08008031   Thumb Code     0  printfa.o(i.__0fprintf)
    __c89fprintf                             0x08008031   Thumb Code     0  printfa.o(i.__0fprintf)
    fprintf                                  0x08008031   Thumb Code     0  printfa.o(i.__0fprintf)
    __0printf                                0x0800804d   Thumb Code    22  printfa.o(i.__0printf)
    __1printf                                0x0800804d   Thumb Code     0  printfa.o(i.__0printf)
    __2printf                                0x0800804d   Thumb Code     0  printfa.o(i.__0printf)
    __c89printf                              0x0800804d   Thumb Code     0  printfa.o(i.__0printf)
    printf                                   0x0800804d   Thumb Code     0  printfa.o(i.__0printf)
    __0snprintf                              0x0800806d   Thumb Code    48  printfa.o(i.__0snprintf)
    __1snprintf                              0x0800806d   Thumb Code     0  printfa.o(i.__0snprintf)
    __2snprintf                              0x0800806d   Thumb Code     0  printfa.o(i.__0snprintf)
    __c89snprintf                            0x0800806d   Thumb Code     0  printfa.o(i.__0snprintf)
    snprintf                                 0x0800806d   Thumb Code     0  printfa.o(i.__0snprintf)
    __aligned_malloc                         0x080080a1   Thumb Code   142  malloca.o(i.__aligned_malloc)
    free                                     0x08008141   Thumb Code    76  malloca.o(i.__free$memalign)
    malloc                                   0x08008191   Thumb Code     6  malloca.o(i.__malloc$memalign)
    __scatterload_copy                       0x08008197   Thumb Code    14  handlers.o(i.__scatterload_copy)
    __scatterload_null                       0x080081a5   Thumb Code     2  handlers.o(i.__scatterload_null)
    __scatterload_zeroinit                   0x080081a7   Thumb Code    14  handlers.o(i.__scatterload_zeroinit)
    fputs                                    0x08008a7d   Thumb Code    24  fputs.o(i.fputs)
    vtable for TestThread0                   0x08008a94   Data          72  test_00_thread_name.o(.rodata._ZTV11TestThread0)
    vtable for TestThread1                   0x08008adc   Data          72  test_01_thread_creation.o(.rodata._ZTV11TestThread1)
    vtable for TestThread2                   0x08008b24   Data          72  test_02_thread_join.o(.rodata._ZTV11TestThread2)
    vtable for TestThread3                   0x08008b6c   Data          72  test_03_thread_suspend_resume.o(.rodata._ZTV11TestThread3)
    vtable for TestThread4                   0x08008bb4   Data          72  test_04_thread_priority.o(.rodata._ZTV11TestThread4)
    vtable for TestThread5                   0x08008bfc   Data          72  test_05_thread_delay.o(.rodata._ZTV11TestThread5)
    vtable for TestThread11                  0x08008c44   Data          72  test_11_thread_run_detailed.o(.rodata._ZTV12TestThread11)
    vtable for TestThread12                  0x08008c8c   Data          72  test_12_thread_state.o(.rodata._ZTV12TestThread12)
    vtable for TestThread13                  0x08008cd4   Data          72  test_13_thread_suspend_inactive.o(.rodata._ZTV12TestThread13)
    vtable for TestThread14                  0x08008d1c   Data          72  test_14_thread_stack_size.o(.rodata._ZTV12TestThread14)
    vtable for TestThread10A                 0x08008d64   Data          72  test_10_thread_priority_change.o(.rodata._ZTV13TestThread10A)
    vtable for TestThread10B                 0x08008dac   Data          72  test_10_thread_priority_change.o(.rodata._ZTV13TestThread10B)
    vtable for MyMortalThread                0x08008df4   Data          84  test_08_mortal_thread.o(.rodata._ZTV14MyMortalThread)
    vtable for osapi::MortalThread           0x08008e48   Data          84  test_08_mortal_thread.o(.rodata._ZTVN5osapi12MortalThreadE)
    vtable for osapi::ThreadInterface        0x08008e9c   Data          72  test_00_thread_name.o(.rodata._ZTVN5osapi15ThreadInterfaceE)
    vtable for osapi::Thread                 0x08008ee4   Data          72  test_00_thread_name.o(.rodata._ZTVN5osapi6ThreadE)
    uxTopUsedPriority                        0x0800a184   Data           4  tasks.o(.rodata.uxTopUsedPriority)
    Region$$Table$$Base                      0x0800a188   Number         0  anon$$obj.o(Region$$Table)
    Region$$Table$$Limit                     0x0800a1a8   Number         0  anon$$obj.o(Region$$Table)
    __stdout                                 0x20000000   Data           4  stdout.o(.data)
    __stderr                                 0x20000004   Data           4  stderr.o(.data)
    __microlib_freelist                      0x20000008   Data           4  mvars.o(.data)
    __microlib_freelist_initialised          0x2000000c   Data           4  mvars.o(.data)
    SystemCoreClock                          0x20000010   Data           4  system_stm32f4xx.o(.data.SystemCoreClock)
    pxCurrentTCB                             0x2000027c   Data           4  tasks.o(.bss.pxCurrentTCB)
    __heap_base                              0x20002bd0   Data           0  startup_stm32f429xx.o(HEAP)
    __heap_limit                             0x20004bd0   Data           0  startup_stm32f429xx.o(HEAP)
    __initial_sp                             0x20004fd0   Data           0  startup_stm32f429xx.o(STACK)



==============================================================================

Memory Map of the image

  Image Entry point : 0x080001ad

  Load Region LR_IROM1 (Base: 0x08000000, Size: 0x0000a298, Max: 0x00200000, ABSOLUTE)

    Execution Region ER_IROM1 (Exec base: 0x08000000, Load base: 0x08000000, Size: 0x0000a1a8, Max: 0x00200000, ABSOLUTE)

    Exec Addr    Load Addr    Size         Type   Attr      Idx    E Section Name        Object

    0x08000000   0x08000000   0x000001ac   Data   RO         1185    RESET               startup_stm32f429xx.o
    0x080001ac   0x080001ac   0x00000000   Code   RO         1680  * .ARM.Collect$$$$00000000  mc_w.l(entry.o)
    0x080001ac   0x080001ac   0x00000004   Code   RO         1821    .ARM.Collect$$$$00000001  mc_w.l(entry2.o)
    0x080001b0   0x080001b0   0x00000004   Code   RO         1824    .ARM.Collect$$$$00000004  mc_w.l(entry5.o)
    0x080001b4   0x080001b4   0x00000000   Code   RO         1826    .ARM.Collect$$$$00000008  mc_w.l(entry7b.o)
    0x080001b4   0x080001b4   0x00000000   Code   RO         1828    .ARM.Collect$$$$0000000A  mc_w.l(entry8b.o)
    0x080001b4   0x080001b4   0x00000008   Code   RO         1829    .ARM.Collect$$$$0000000B  mc_w.l(entry9a.o)
    0x080001bc   0x080001bc   0x00000000   Code   RO         1831    .ARM.Collect$$$$0000000D  mc_w.l(entry10a.o)
    0x080001bc   0x080001bc   0x00000000   Code   RO         1833    .ARM.Collect$$$$0000000F  mc_w.l(entry11a.o)
    0x080001bc   0x080001bc   0x00000004   Code   RO         1822    .ARM.Collect$$$$00002712  mc_w.l(entry2.o)
    0x080001c0   0x080001c0   0x00000024   Code   RO         1186    .text               startup_stm32f429xx.o
    0x080001e4   0x080001e4   0x00000062   Code   RO         1691    .text               mc_w.l(uldiv.o)
    0x08000246   0x08000246   0x0000000c   Code   RO         1721    .text               mc_w.l(toupper.o)
    0x08000252   0x08000252   0x00000024   Code   RO         1725    .text               mc_w.l(memcpya.o)
    0x08000276   0x08000276   0x00000024   Code   RO         1727    .text               mc_w.l(memseta.o)
    0x0800029a   0x0800029a   0x0000000e   Code   RO         1729    .text               mc_w.l(strlen.o)
    0x080002a8   0x080002a8   0x0000001c   Code   RO         1731    .text               mc_w.l(strcmp.o)
    0x080002c4   0x080002c4   0x00000012   Code   RO         1733    .text               mc_w.l(strcpy.o)
    0x080002d6   0x080002d6   0x0000014e   Code   RO         1793    .text               mf_w.l(dadd.o)
    0x08000424   0x08000424   0x000000de   Code   RO         1795    .text               mf_w.l(ddiv.o)
    0x08000502   0x08000502   0x0000001a   Code   RO         1797    .text               mf_w.l(dfltui.o)
    0x0800051c   0x0800051c   0x0000003e   Code   RO         1799    .text               mf_w.l(setjmp.o)
    0x0800055a   0x0800055a   0x0000002c   Code   RO         1844    .text               mc_w.l(uidiv.o)
    0x08000586   0x08000586   0x0000001e   Code   RO         1846    .text               mc_w.l(llshl.o)
    0x080005a4   0x080005a4   0x00000020   Code   RO         1848    .text               mc_w.l(llushr.o)
    0x080005c4   0x080005c4   0x00000024   Code   RO         1850    .text               mc_w.l(llsshr.o)
    0x080005e8   0x080005e8   0x00000000   Code   RO         1856    .text               mc_w.l(iusefp.o)
    0x080005e8   0x080005e8   0x000000ba   Code   RO         1857    .text               mf_w.l(depilogue.o)
    0x080006a2   0x080006a2   0x000000e4   Code   RO         1859    .text               mf_w.l(dmul.o)
    0x08000786   0x08000786   0x00000030   Code   RO         1861    .text               mf_w.l(dfixul.o)
    0x080007b6   0x080007b6   0x00000002   PAD
    0x080007b8   0x080007b8   0x00000030   Code   RO         1863    .text               mf_w.l(cdrcmple.o)
    0x080007e8   0x080007e8   0x00000024   Code   RO         1876    .text               mc_w.l(init.o)
    0x0800080c   0x0800080c   0x00000020   Code   RO          101    .text.CU_add_suite  testdb.o
    0x0800082c   0x0800082c   0x000000c4   Code   RO           93    .text.CU_add_suite_with_setup_and_teardown  testdb.o
    0x080008f0   0x080008f0   0x000000d2   Code   RO          123    .text.CU_add_test   testdb.o
    0x080009c2   0x080009c2   0x00000002   PAD
    0x080009c4   0x080009c4   0x000000ee   Code   RO          168    .text.CU_assertImplementation  testrun.o
    0x08000ab2   0x08000ab2   0x00000002   PAD
    0x08000ab4   0x08000ab4   0x00000064   Code   RO           15    .text.CU_basic_run_tests  basic.o
    0x08000b18   0x08000b18   0x00000018   Code   RO           29    .text.CU_basic_set_mode  basic.o
    0x08000b30   0x08000b30   0x00000090   Code   RO           33    .text.CU_basic_show_failures  basic.o
    0x08000bc0   0x08000bc0   0x0000003a   Code   RO           81    .text.CU_cleanup_registry  testdb.o
    0x08000bfa   0x08000bfa   0x00000002   PAD
    0x08000bfc   0x08000bfc   0x00000018   Code   RO          238    .text.CU_clear_previous_results  testrun.o
    0x08000c14   0x08000c14   0x000000a4   Code   RO          285    .text.CU_compare_strings  util.o
    0x08000cb8   0x08000cb8   0x00000028   Code   RO           83    .text.CU_create_new_registry  testdb.o
    0x08000ce0   0x08000ce0   0x0000004a   Code   RO           87    .text.CU_destroy_existing_registry  testdb.o
    0x08000d2a   0x08000d2a   0x00000006   PAD
    0x08000d30   0x08000d30   0x00000088   Code   RO          220    .text.CU_get_elapsed_time  testrun.o
    0x08000db8   0x08000db8   0x0000000c   Code   RO           59    .text.CU_get_error  cuerror.o
    0x08000dc4   0x08000dc4   0x0000000c   Code   RO           65    .text.CU_get_error_action  cuerror.o
    0x08000dd0   0x08000dd0   0x0000000c   Code   RO          222    .text.CU_get_failure_list  testrun.o
    0x08000ddc   0x08000ddc   0x0000000c   Code   RO           89    .text.CU_get_registry  testdb.o
    0x08000de8   0x08000de8   0x00000eb4   Code   RO          252    .text.CU_get_run_results_string  testrun.o
    0x08001c9c   0x08001c9c   0x0000006c   Code   RO           79    .text.CU_initialize_registry  testdb.o
    0x08001d08   0x08001d08   0x0000000c   Code   RO          244    .text.CU_is_test_running  testrun.o
    0x08001d14   0x08001d14   0x0000002c   Code   RO          293    .text.CU_number_width  util.o
    0x08001d40   0x08001d40   0x0000005e   Code   RO          250    .text.CU_print_run_results  testrun.o
    0x08001d9e   0x08001d9e   0x00000002   PAD
    0x08001da0   0x08001da0   0x00000168   Code   RO          226    .text.CU_run_all_tests  testrun.o
    0x08001f08   0x08001f08   0x00000014   Code   RO          180    .text.CU_set_all_test_complete_handler  testrun.o
    0x08001f1c   0x08001f1c   0x0000005c   Code   RO           55    .text.CU_set_error  cuerror.o
    0x08001f78   0x08001f78   0x0000004a   Code   RO           91    .text.CU_set_registry  testdb.o
    0x08001fc2   0x08001fc2   0x00000002   PAD
    0x08001fc4   0x08001fc4   0x00000014   Code   RO          184    .text.CU_set_suite_cleanup_failure_handler  testrun.o
    0x08001fd8   0x08001fd8   0x00000014   Code   RO          182    .text.CU_set_suite_init_failure_handler  testrun.o
    0x08001fec   0x08001fec   0x00000014   Code   RO          176    .text.CU_set_test_complete_handler  testrun.o
    0x08002000   0x08002000   0x00000014   Code   RO          174    .text.CU_set_test_start_handler  testrun.o
    0x08002014   0x08002014   0x00000042   Code   RO          873    .text.ITM_SendChar  retarget_io.o
    0x08002056   0x08002056   0x0000000a   PAD
    0x08002060   0x08002060   0x00000064   Code   RO         1281    .text.PendSV_Handler  port.o
    0x080020c4   0x080020c4   0x0000000c   PAD
    0x080020d0   0x080020d0   0x00000024   Code   RO         1265    .text.SVC_Handler   port.o
    0x080020f4   0x080020f4   0x0000001e   Code   RO          668    .text.SysTick_Handler  cmsis_os2.o
    0x08002112   0x08002112   0x00000002   PAD
    0x08002114   0x08002114   0x00000012   Code   RO         1192    .text.SystemInit    system_stm32f4xx.o
    0x08002126   0x08002126   0x00000002   PAD
    0x08002128   0x08002128   0x000000a0   Code   RO          477    .text._Z10TEST_Mutexv  test_06_mutex.o
    0x080021c8   0x080021c8   0x000001c0   Code   RO          544    .text._Z14taskOSAPI_TESTPv  test_osapi.o
    0x08002388   0x08002388   0x00000168   Code   RO          396    .text._Z15TEST_ThreadJoinv  test_02_thread_join.o
    0x080024f0   0x080024f0   0x00000068   Code   RO          312    .text._Z15TEST_ThreadNamev  test_00_thread_name.o
    0x08002558   0x08002558   0x000000a6   Code   RO          458    .text._Z16TEST_ThreadDelayv  test_05_thread_delay.o
    0x080025fe   0x080025fe   0x00000002   PAD
    0x08002600   0x08002600   0x00000162   Code   RO          507    .text._Z17TEST_MortalThreadv  test_08_mortal_thread.o
    0x08002762   0x08002762   0x00000002   PAD
    0x08002764   0x08002764   0x000000d4   Code   RO          492    .text._Z19TEST_RecursiveMutexv  test_07_recursive_mutex.o
    0x08002838   0x08002838   0x0000009a   Code   RO          375    .text._Z19TEST_ThreadCreationv  test_01_thread_creation.o
    0x080028d2   0x080028d2   0x00000002   PAD
    0x080028d4   0x080028d4   0x000000a6   Code   RO          438    .text._Z19TEST_ThreadPriorityv  test_04_thread_priority.o
    0x0800297a   0x0800297a   0x00000002   PAD
    0x0800297c   0x0800297c   0x00000174   Code   RO          553    .text._Z20TEST_ThreadStackSizev  test_14_thread_stack_size.o
    0x08002af0   0x08002af0   0x00000182   Code   RO          613    .text._Z22TEST_ThreadRunDetailedv  test_11_thread_run_detailed.o
    0x08002c72   0x08002c72   0x00000002   PAD
    0x08002c74   0x08002c74   0x0000022e   Code   RO          592    .text._Z24TEST_ThreadStateCheckingv  test_12_thread_state.o
    0x08002ea2   0x08002ea2   0x00000002   PAD
    0x08002ea4   0x08002ea4   0x00000194   Code   RO          417    .text._Z24TEST_ThreadSuspendResumev  test_03_thread_suspend_resume.o
    0x08003038   0x08003038   0x000001c2   Code   RO          634    .text._Z25TEST_ThreadPriorityChangev  test_10_thread_priority_change.o
    0x080031fa   0x080031fa   0x00000002   PAD
    0x080031fc   0x080031fc   0x000000ac   Code   RO          573    .text._Z26TEST_ThreadSuspendInactivev  test_13_thread_suspend_inactive.o
    0x080032a8   0x080032a8   0x00000008   Code   RO          357    .text._ZN11TestThread03jobEv  test_00_thread_name.o
    0x080032b0   0x080032b0   0x00000036   Code   RO          323    .text._ZN11TestThread0C2Ev  test_00_thread_name.o
    0x080032e6   0x080032e6   0x00000002   PAD
    0x080032e8   0x080032e8   0x00000018   Code   RO          331    .text._ZN11TestThread0D0Ev  test_00_thread_name.o
    0x08003300   0x08003300   0x00000014   Code   RO          327    .text._ZN11TestThread0D2Ev  test_00_thread_name.o
    0x08003314   0x08003314   0x00000014   Code   RO          391    .text._ZN11TestThread13jobEv  test_01_thread_creation.o
    0x08003328   0x08003328   0x00000034   Code   RO          385    .text._ZN11TestThread1C2Ev  test_01_thread_creation.o
    0x0800335c   0x0800335c   0x00000018   Code   RO          389    .text._ZN11TestThread1D0Ev  test_01_thread_creation.o
    0x08003374   0x08003374   0x00000014   Code   RO          387    .text._ZN11TestThread1D2Ev  test_01_thread_creation.o
    0x08003388   0x08003388   0x00000070   Code   RO          413    .text._ZN11TestThread23jobEv  test_02_thread_join.o
    0x080033f8   0x080033f8   0x0000003c   Code   RO          407    .text._ZN11TestThread2C2Ev  test_02_thread_join.o
    0x08003434   0x08003434   0x00000018   Code   RO          411    .text._ZN11TestThread2D0Ev  test_02_thread_join.o
    0x0800344c   0x0800344c   0x00000014   Code   RO          409    .text._ZN11TestThread2D2Ev  test_02_thread_join.o
    0x08003460   0x08003460   0x00000042   Code   RO          434    .text._ZN11TestThread33jobEv  test_03_thread_suspend_resume.o
    0x080034a2   0x080034a2   0x00000002   PAD
    0x080034a4   0x080034a4   0x0000003c   Code   RO          428    .text._ZN11TestThread3C2Ev  test_03_thread_suspend_resume.o
    0x080034e0   0x080034e0   0x00000018   Code   RO          432    .text._ZN11TestThread3D0Ev  test_03_thread_suspend_resume.o
    0x080034f8   0x080034f8   0x00000014   Code   RO          430    .text._ZN11TestThread3D2Ev  test_03_thread_suspend_resume.o
    0x0800350c   0x0800350c   0x0000002a   Code   RO          454    .text._ZN11TestThread43jobEv  test_04_thread_priority.o
    0x08003536   0x08003536   0x00000002   PAD
    0x08003538   0x08003538   0x0000003c   Code   RO          448    .text._ZN11TestThread4C2Ev  test_04_thread_priority.o
    0x08003574   0x08003574   0x00000018   Code   RO          452    .text._ZN11TestThread4D0Ev  test_04_thread_priority.o
    0x0800358c   0x0800358c   0x00000014   Code   RO          450    .text._ZN11TestThread4D2Ev  test_04_thread_priority.o
    0x080035a0   0x080035a0   0x00000016   Code   RO          473    .text._ZN11TestThread53jobEv  test_05_thread_delay.o
    0x080035b6   0x080035b6   0x00000002   PAD
    0x080035b8   0x080035b8   0x0000003c   Code   RO          467    .text._ZN11TestThread5C2Ev  test_05_thread_delay.o
    0x080035f4   0x080035f4   0x00000018   Code   RO          471    .text._ZN11TestThread5D0Ev  test_05_thread_delay.o
    0x0800360c   0x0800360c   0x00000014   Code   RO          469    .text._ZN11TestThread5D2Ev  test_05_thread_delay.o
    0x08003620   0x08003620   0x00000036   Code   RO          630    .text._ZN12TestThread113jobEv  test_11_thread_run_detailed.o
    0x08003656   0x08003656   0x00000002   PAD
    0x08003658   0x08003658   0x00000034   Code   RO          624    .text._ZN12TestThread11C2Ev  test_11_thread_run_detailed.o
    0x0800368c   0x0800368c   0x00000018   Code   RO          628    .text._ZN12TestThread11D0Ev  test_11_thread_run_detailed.o
    0x080036a4   0x080036a4   0x00000014   Code   RO          626    .text._ZN12TestThread11D2Ev  test_11_thread_run_detailed.o
    0x080036b8   0x080036b8   0x0000003a   Code   RO          609    .text._ZN12TestThread123jobEv  test_12_thread_state.o
    0x080036f2   0x080036f2   0x00000002   PAD
    0x080036f4   0x080036f4   0x00000034   Code   RO          603    .text._ZN12TestThread12C2Ev  test_12_thread_state.o
    0x08003728   0x08003728   0x00000018   Code   RO          607    .text._ZN12TestThread12D0Ev  test_12_thread_state.o
    0x08003740   0x08003740   0x00000014   Code   RO          605    .text._ZN12TestThread12D2Ev  test_12_thread_state.o
    0x08003754   0x08003754   0x00000008   Code   RO          588    .text._ZN12TestThread133jobEv  test_13_thread_suspend_inactive.o
    0x0800375c   0x0800375c   0x00000034   Code   RO          582    .text._ZN12TestThread13C2Ev  test_13_thread_suspend_inactive.o
    0x08003790   0x08003790   0x00000018   Code   RO          586    .text._ZN12TestThread13D0Ev  test_13_thread_suspend_inactive.o
    0x080037a8   0x080037a8   0x00000014   Code   RO          584    .text._ZN12TestThread13D2Ev  test_13_thread_suspend_inactive.o
    0x080037bc   0x080037bc   0x0000002a   Code   RO          569    .text._ZN12TestThread143jobEv  test_14_thread_stack_size.o
    0x080037e6   0x080037e6   0x00000002   PAD
    0x080037e8   0x080037e8   0x00000034   Code   RO          563    .text._ZN12TestThread14C2Ev  test_14_thread_stack_size.o
    0x0800381c   0x0800381c   0x00000018   Code   RO          567    .text._ZN12TestThread14D0Ev  test_14_thread_stack_size.o
    0x08003834   0x08003834   0x00000014   Code   RO          565    .text._ZN12TestThread14D2Ev  test_14_thread_stack_size.o
    0x08003848   0x08003848   0x00000068   Code   RO          658    .text._ZN13TestThread10A3jobEv  test_10_thread_priority_change.o
    0x080038b0   0x080038b0   0x0000003c   Code   RO          648    .text._ZN13TestThread10AC2Ev  test_10_thread_priority_change.o
    0x080038ec   0x080038ec   0x00000018   Code   RO          656    .text._ZN13TestThread10AD0Ev  test_10_thread_priority_change.o
    0x08003904   0x08003904   0x00000014   Code   RO          654    .text._ZN13TestThread10AD2Ev  test_10_thread_priority_change.o
    0x08003918   0x08003918   0x00000068   Code   RO          662    .text._ZN13TestThread10B3jobEv  test_10_thread_priority_change.o
    0x08003980   0x08003980   0x0000003c   Code   RO          650    .text._ZN13TestThread10BC2Ev  test_10_thread_priority_change.o
    0x080039bc   0x080039bc   0x00000018   Code   RO          660    .text._ZN13TestThread10BD0Ev  test_10_thread_priority_change.o
    0x080039d4   0x080039d4   0x00000014   Code   RO          652    .text._ZN13TestThread10BD2Ev  test_10_thread_priority_change.o
    0x080039e8   0x080039e8   0x00000014   Code   RO          535    .text._ZN14MyMortalThread3endEv  test_08_mortal_thread.o
    0x080039fc   0x080039fc   0x00000020   Code   RO          533    .text._ZN14MyMortalThread4loopEv  test_08_mortal_thread.o
    0x08003a1c   0x08003a1c   0x00000014   Code   RO          531    .text._ZN14MyMortalThread5beginEv  test_08_mortal_thread.o
    0x08003a30   0x08003a30   0x0000002e   Code   RO          519    .text._ZN14MyMortalThreadC2Ev  test_08_mortal_thread.o
    0x08003a5e   0x08003a5e   0x00000002   PAD
    0x08003a60   0x08003a60   0x00000018   Code   RO          527    .text._ZN14MyMortalThreadD0Ev  test_08_mortal_thread.o
    0x08003a78   0x08003a78   0x00000014   Code   RO          523    .text._ZN14MyMortalThreadD2Ev  test_08_mortal_thread.o
    0x08003a8c   0x08003a8c   0x00000032   Code   RO          529    .text._ZN5osapi12MortalThread3jobEv  test_08_mortal_thread.o
    0x08003abe   0x08003abe   0x00000002   PAD
    0x08003ac0   0x08003ac0   0x0000000e   Code   RO          521    .text._ZN5osapi12MortalThread4killEv  test_08_mortal_thread.o
    0x08003ace   0x08003ace   0x00000002   PAD
    0x08003ad0   0x08003ad0   0x00000038   Code   RO          525    .text._ZN5osapi12MortalThreadC2EijPKc  test_08_mortal_thread.o
    0x08003b08   0x08003b08   0x00000006   Code   RO          539    .text._ZN5osapi12MortalThreadD0Ev  test_08_mortal_thread.o
    0x08003b0e   0x08003b0e   0x00000002   PAD
    0x08003b10   0x08003b10   0x00000020   Code   RO          537    .text._ZN5osapi12MortalThreadD2Ev  test_08_mortal_thread.o
    0x08003b30   0x08003b30   0x00000008   Code   RO          304    .text._ZN5osapi13getSystemTimeEv  osapi_freertos.o
    0x08003b38   0x08003b38   0x0000003c   Code   RO          502    .text._ZN5osapi14RecursiveMutex4lockEj  test_07_recursive_mutex.o
    0x08003b74   0x08003b74   0x0000002a   Code   RO          504    .text._ZN5osapi14RecursiveMutex6unlockEv  test_07_recursive_mutex.o
    0x08003b9e   0x08003b9e   0x00000002   PAD
    0x08003ba0   0x08003ba0   0x00000016   Code   RO          359    .text._ZN5osapi15ThreadInterfaceC2Ev  test_00_thread_name.o
    0x08003bb6   0x08003bb6   0x00000002   PAD
    0x08003bb8   0x08003bb8   0x00000006   Code   RO          367    .text._ZN5osapi15ThreadInterfaceD0Ev  test_00_thread_name.o
    0x08003bbe   0x08003bbe   0x00000002   PAD
    0x08003bc0   0x08003bc0   0x0000000a   Code   RO          365    .text._ZN5osapi15ThreadInterfaceD2Ev  test_00_thread_name.o
    0x08003bca   0x08003bca   0x00000002   PAD
    0x08003bcc   0x08003bcc   0x0000002e   Code   RO          487    .text._ZN5osapi5Mutex4lockEj  test_06_mutex.o
    0x08003bfa   0x08003bfa   0x00000002   PAD
    0x08003bfc   0x08003bfc   0x0000000e   Code   RO          489    .text._ZN5osapi5Mutex6unlockEv  test_06_mutex.o
    0x08003c0a   0x08003c0a   0x00000002   PAD
    0x08003c0c   0x08003c0c   0x00000012   Code   RO          339    .text._ZN5osapi6Thread10isJoinableEv  test_00_thread_name.o
    0x08003c1e   0x08003c1e   0x00000002   PAD
    0x08003c20   0x08003c20   0x00000012   Code   RO          347    .text._ZN5osapi6Thread11getPriorityEv  test_00_thread_name.o
    0x08003c32   0x08003c32   0x00000002   PAD
    0x08003c34   0x08003c34   0x00000038   Code   RO          345    .text._ZN5osapi6Thread11setPriorityEi  test_00_thread_name.o
    0x08003c6c   0x08003c6c   0x0000003c   Code   RO          369    .text._ZN5osapi6Thread14threadFunctionEPv  test_00_thread_name.o
    0x08003ca8   0x08003ca8   0x00000032   Code   RO          353    .text._ZN5osapi6Thread16getUsedStackSizeEv  test_00_thread_name.o
    0x08003cda   0x08003cda   0x00000002   PAD
    0x08003cdc   0x08003cdc   0x0000000c   Code   RO          351    .text._ZN5osapi6Thread17getTotalStackSizeEv  test_00_thread_name.o
    0x08003ce8   0x08003ce8   0x0000005e   Code   RO          333    .text._ZN5osapi6Thread3runEv  test_00_thread_name.o
    0x08003d46   0x08003d46   0x00000002   PAD
    0x08003d48   0x08003d48   0x00000046   Code   RO          337    .text._ZN5osapi6Thread4joinEj  test_00_thread_name.o
    0x08003d8e   0x08003d8e   0x00000002   PAD
    0x08003d90   0x08003d90   0x00000012   Code   RO          355    .text._ZN5osapi6Thread5sleepEj  test_00_thread_name.o
    0x08003da2   0x08003da2   0x00000002   PAD
    0x08003da4   0x08003da4   0x00000036   Code   RO          343    .text._ZN5osapi6Thread6resumeEv  test_00_thread_name.o
    0x08003dda   0x08003dda   0x00000002   PAD
    0x08003ddc   0x08003ddc   0x0000000c   Code   RO          325    .text._ZN5osapi6Thread7getNameEv  test_00_thread_name.o
    0x08003de8   0x08003de8   0x00000046   Code   RO          341    .text._ZN5osapi6Thread7suspendEv  test_00_thread_name.o
    0x08003e2e   0x08003e2e   0x00000002   PAD
    0x08003e30   0x08003e30   0x00000098   Code   RO          349    .text._ZN5osapi6Thread8getStateEv  test_00_thread_name.o
    0x08003ec8   0x08003ec8   0x00000068   Code   RO          335    .text._ZN5osapi6Thread9isRunningEv  test_00_thread_name.o
    0x08003f30   0x08003f30   0x00000068   Code   RO          329    .text._ZN5osapi6ThreadC2EijNS_8JoinableEPKc  test_00_thread_name.o
    0x08003f98   0x08003f98   0x00000006   Code   RO          363    .text._ZN5osapi6ThreadD0Ev  test_00_thread_name.o
    0x08003f9e   0x08003f9e   0x00000002   PAD
    0x08003fa0   0x08003fa0   0x00000014   Code   RO          361    .text._ZN5osapi6ThreadD2Ev  test_00_thread_name.o
    0x08003fb4   0x08003fb4   0x00000004   Code   RO         1640    .text._ZdlPv        libcpp_w.l(new.cpp.o)
    0x08003fb8   0x08003fb8   0x000000bc   Code   RO          885    .text.__aeabi_assert  retarget_io.o
    0x08004074   0x08004074   0x00000028   Code   RO         1675    .text.__cxa_pure_virtual  libcppabi_w.l(cxa_virtual.cpp.o)
    0x0800409c   0x0800409c   0x00000004   Code   RO          887    .text.abort         retarget_io.o
    0x080040a0   0x080040a0   0x00000004   Code   RO         1802    .text.abort_message  libcppabi_w.l(abort_message.cpp.o)
    0x080040a4   0x080040a4   0x0000014e   Code   RO          170    .text.add_failure   testrun.o
    0x080041f2   0x080041f2   0x00000002   PAD
    0x080041f4   0x080041f4   0x0000002e   Code   RO           39    .text.basic_all_tests_complete_message_handler  basic.o
    0x08004222   0x08004222   0x00000002   PAD
    0x08004224   0x08004224   0x000000ae   Code   RO           17    .text.basic_initialize  basic.o
    0x080042d2   0x080042d2   0x00000002   PAD
    0x080042d4   0x080042d4   0x00000042   Code   RO           19    .text.basic_run_all_tests  basic.o
    0x08004316   0x08004316   0x00000002   PAD
    0x08004318   0x08004318   0x00000076   Code   RO           43    .text.basic_suite_cleanup_failure_message_handler  basic.o
    0x0800438e   0x0800438e   0x00000002   PAD
    0x08004390   0x08004390   0x00000076   Code   RO           41    .text.basic_suite_init_failure_message_handler  basic.o
    0x08004406   0x08004406   0x00000002   PAD
    0x08004408   0x08004408   0x000001ae   Code   RO           37    .text.basic_test_complete_message_handler  basic.o
    0x080045b6   0x080045b6   0x00000002   PAD
    0x080045b8   0x080045b8   0x00000126   Code   RO           35    .text.basic_test_start_message_handler  basic.o
    0x080046de   0x080046de   0x00000002   PAD
    0x080046e0   0x080046e0   0x0000005a   Code   RO          254    .text.cleanup_failure_list  testrun.o
    0x0800473a   0x0800473a   0x00000002   PAD
    0x0800473c   0x0800473c   0x00000076   Code   RO          155    .text.cleanup_suite  testdb.o
    0x080047b2   0x080047b2   0x00000002   PAD
    0x080047b4   0x080047b4   0x00000042   Code   RO          157    .text.cleanup_test  testdb.o
    0x080047f6   0x080047f6   0x00000002   PAD
    0x080047f8   0x080047f8   0x00000064   Code   RO          153    .text.cleanup_test_registry  testdb.o
    0x0800485c   0x0800485c   0x00000096   Code   RO          228    .text.clear_previous_results  testrun.o
    0x080048f2   0x080048f2   0x00000002   PAD
    0x080048f4   0x080048f4   0x000000a6   Code   RO           95    .text.create_suite  testdb.o
    0x0800499a   0x0800499a   0x00000002   PAD
    0x0800499c   0x0800499c   0x00000088   Code   RO          125    .text.create_test   testdb.o
    0x08004a24   0x08004a24   0x000000f4   Code   RO         1429    .text.eTaskGetState  tasks.o
    0x08004b18   0x08004b18   0x00000008   Code   RO            2    .text.exit          main.o
    0x08004b20   0x08004b20   0x00000030   Code   RO          877    .text.fputc         retarget_io.o
    0x08004b50   0x08004b50   0x0000005c   Code   RO           57    .text.get_error_desc  cuerror.o
    0x08004bac   0x08004bac   0x000000de   Code   RO           99    .text.insert_suite  testdb.o
    0x08004c8a   0x08004c8a   0x00000002   PAD
    0x08004c8c   0x08004c8c   0x0000011c   Code   RO          129    .text.insert_test   testdb.o
    0x08004da8   0x08004da8   0x0000003e   Code   RO            4    .text.main          main.o
    0x08004de6   0x08004de6   0x00000002   PAD
    0x08004de8   0x08004de8   0x000000d4   Code   RO         1423    .text.prvAddCurrentTaskToDelayedList  tasks.o
    0x08004ebc   0x08004ebc   0x00000122   Code   RO         1409    .text.prvAddNewTaskToReadyList  tasks.o
    0x08004fde   0x08004fde   0x00000002   PAD
    0x08004fe0   0x08004fe0   0x0000007e   Code   RO         1561    .text.prvCheckForValidListAndQueue  timers.o
    0x0800505e   0x0800505e   0x00000002   PAD
    0x08005060   0x08005060   0x0000005a   Code   RO         1527    .text.prvCheckTasksWaitingTermination  tasks.o
    0x080050ba   0x080050ba   0x00000002   PAD
    0x080050bc   0x080050bc   0x00000042   Code   RO         1366    .text.prvCopyDataFromQueue  queue.o
    0x080050fe   0x080050fe   0x00000002   PAD
    0x08005100   0x08005100   0x000000cc   Code   RO         1354    .text.prvCopyDataToQueue  queue.o
    0x080051cc   0x080051cc   0x0000003c   Code   RO         1415    .text.prvDeleteTCB  tasks.o
    0x08005208   0x08005208   0x00000026   Code   RO         1370    .text.prvGetDisinheritPriorityAfterTimeout  queue.o
    0x0800522e   0x0800522e   0x00000002   PAD
    0x08005230   0x08005230   0x00000040   Code   RO         1599    .text.prvGetNextExpireTime  timers.o
    0x08005270   0x08005270   0x000000bc   Code   RO         1295    .text.prvHeapInit   heap_4.o
    0x0800532c   0x0800532c   0x00000038   Code   RO         1449    .text.prvIdleTask   tasks.o
    0x08005364   0x08005364   0x00000048   Code   RO         1328    .text.prvInitialiseNewQueue  queue.o
    0x080053ac   0x080053ac   0x00000102   Code   RO         1407    .text.prvInitialiseNewTask  tasks.o
    0x080054ae   0x080054ae   0x00000002   PAD
    0x080054b0   0x080054b0   0x0000008e   Code   RO         1525    .text.prvInitialiseTaskLists  tasks.o
    0x0800553e   0x0800553e   0x00000002   PAD
    0x08005540   0x08005540   0x000000c6   Code   RO         1297    .text.prvInsertBlockIntoFreeList  heap_4.o
    0x08005606   0x08005606   0x00000002   PAD
    0x08005608   0x08005608   0x00000086   Code   RO         1611    .text.prvInsertTimerInActiveList  timers.o
    0x0800568e   0x0800568e   0x00000002   PAD
    0x08005690   0x08005690   0x00000028   Code   RO         1368    .text.prvIsQueueEmpty  queue.o
    0x080056b8   0x080056b8   0x0000002e   Code   RO         1356    .text.prvIsQueueFull  queue.o
    0x080056e6   0x080056e6   0x00000002   PAD
    0x080056e8   0x080056e8   0x00000028   Code   RO         1273    .text.prvPortStartFirstTask  port.o
    0x08005710   0x08005710   0x00000072   Code   RO         1607    .text.prvProcessExpiredTimer  timers.o
    0x08005782   0x08005782   0x00000002   PAD
    0x08005784   0x08005784   0x0000013a   Code   RO         1603    .text.prvProcessReceivedCommands  timers.o
    0x080058be   0x080058be   0x00000002   PAD
    0x080058c0   0x080058c0   0x0000009a   Code   RO         1601    .text.prvProcessTimerOrBlockTask  timers.o
    0x0800595a   0x0800595a   0x00000002   PAD
    0x0800595c   0x0800595c   0x0000003c   Code   RO         1417    .text.prvResetNextTaskUnblockTime  tasks.o
    0x08005998   0x08005998   0x00000044   Code   RO         1605    .text.prvSampleTimeNow  timers.o
    0x080059dc   0x080059dc   0x000000b8   Code   RO         1609    .text.prvSwitchTimerLists  timers.o
    0x08005a94   0x08005a94   0x00000030   Code   RO         1493    .text.prvTaskCheckFreeStackSpace  tasks.o
    0x08005ac4   0x08005ac4   0x00000026   Code   RO         1263    .text.prvTaskExitError  port.o
    0x08005aea   0x08005aea   0x00000002   PAD
    0x08005aec   0x08005aec   0x0000004e   Code   RO         1443    .text.prvTaskIsTaskSuspended  tasks.o
    0x08005b3a   0x08005b3a   0x00000002   PAD
    0x08005b3c   0x08005b3c   0x0000001e   Code   RO         1563    .text.prvTimerTask  timers.o
    0x08005b5a   0x08005b5a   0x00000002   PAD
    0x08005b5c   0x08005b5c   0x000000ae   Code   RO         1358    .text.prvUnlockQueue  queue.o
    0x08005c0a   0x08005c0a   0x00000002   PAD
    0x08005c0c   0x08005c0c   0x000001b2   Code   RO         1293    .text.pvPortMalloc  heap_4.o
    0x08005dbe   0x08005dbe   0x00000002   PAD
    0x08005dc0   0x08005dc0   0x0000002c   Code   RO         1509    .text.pvTaskIncrementMutexHeldCount  tasks.o
    0x08005dec   0x08005dec   0x0000005e   Code   RO         1261    .text.pxPortInitialiseStack  port.o
    0x08005e4a   0x08005e4a   0x00000002   PAD
    0x08005e4c   0x08005e4c   0x0000035e   Code   RO          230    .text.run_single_suite  testrun.o
    0x080061aa   0x080061aa   0x00000002   PAD
    0x080061ac   0x080061ac   0x0000024e   Code   RO          236    .text.run_single_test  testrun.o
    0x080063fa   0x080063fa   0x00000002   PAD
    0x080063fc   0x080063fc   0x00000010   Code   RO          879    .text.stdout_putchar  retarget_io.o
    0x0800640c   0x0800640c   0x0000008a   Code   RO           97    .text.suite_exists  testdb.o
    0x08006496   0x08006496   0x00000002   PAD
    0x08006498   0x08006498   0x0000008a   Code   RO          127    .text.test_exists   testdb.o
    0x08006522   0x08006522   0x00000002   PAD
    0x08006524   0x08006524   0x00000048   Code   RO         1252    .text.uxListRemove  list.o
    0x0800656c   0x0800656c   0x0000000c   Code   RO         1459    .text.uxTaskGetNumberOfTasks  tasks.o
    0x08006578   0x08006578   0x00000038   Code   RO         1495    .text.uxTaskGetStackHighWaterMark  tasks.o
    0x080065b0   0x080065b0   0x00000038   Code   RO         1431    .text.uxTaskPriorityGet  tasks.o
    0x080065e8   0x080065e8   0x0000002a   Code   RO          826    .text.vApplicationGetIdleTaskMemory  cmsis_os2.o
    0x08006612   0x08006612   0x00000002   PAD
    0x08006614   0x08006614   0x0000002a   Code   RO          828    .text.vApplicationGetTimerTaskMemory  cmsis_os2.o
    0x0800663e   0x0800663e   0x00000002   PAD
    0x08006640   0x08006640   0x0000000a   Code   RO          824    .text.vApplicationStackOverflowHook  cmsis_os2.o
    0x0800664a   0x0800664a   0x00000002   PAD
    0x0800664c   0x0800664c   0x0000002e   Code   RO         1244    .text.vListInitialise  list.o
    0x0800667a   0x0800667a   0x00000002   PAD
    0x0800667c   0x0800667c   0x0000000e   Code   RO         1246    .text.vListInitialiseItem  list.o
    0x0800668a   0x0800668a   0x00000002   PAD
    0x0800668c   0x0800668c   0x0000006a   Code   RO         1250    .text.vListInsert   list.o
    0x080066f6   0x080066f6   0x00000002   PAD
    0x080066f8   0x080066f8   0x0000003a   Code   RO         1248    .text.vListInsertEnd  list.o
    0x08006732   0x08006732   0x00000002   PAD
    0x08006734   0x08006734   0x00000014   Code   RO         1271    .text.vPortEnableVFP  port.o
    0x08006748   0x08006748   0x00000030   Code   RO         1277    .text.vPortEnterCritical  port.o
    0x08006778   0x08006778   0x00000026   Code   RO         1279    .text.vPortExitCritical  port.o
    0x0800679e   0x0800679e   0x00000002   PAD
    0x080067a0   0x080067a0   0x00000084   Code   RO         1299    .text.vPortFree     heap_4.o
    0x08006824   0x08006824   0x00000044   Code   RO         1269    .text.vPortSetupTimerInterrupt  port.o
    0x08006868   0x08006868   0x00000064   Code   RO         1396    .text.vQueueWaitForMessageRestricted  queue.o
    0x080068cc   0x080068cc   0x0000004a   Code   RO         1427    .text.vTaskDelay    tasks.o
    0x08006916   0x08006916   0x00000002   PAD
    0x08006918   0x08006918   0x000000ea   Code   RO         1413    .text.vTaskDelete   tasks.o
    0x08006a02   0x08006a02   0x00000002   PAD
    0x08006a04   0x08006a04   0x00000024   Code   RO         1481    .text.vTaskInternalSetTimeOutState  tasks.o
    0x08006a28   0x08006a28   0x0000000e   Code   RO         1485    .text.vTaskMissedYield  tasks.o
    0x08006a36   0x08006a36   0x00000002   PAD
    0x08006a38   0x08006a38   0x00000026   Code   RO         1469    .text.vTaskPlaceOnEventList  tasks.o
    0x08006a5e   0x08006a5e   0x00000002   PAD
    0x08006a60   0x08006a60   0x00000036   Code   RO         1473    .text.vTaskPlaceOnEventListRestricted  tasks.o
    0x08006a96   0x08006a96   0x00000002   PAD
    0x08006a98   0x08006a98   0x000000ec   Code   RO         1505    .text.vTaskPriorityDisinheritAfterTimeout  tasks.o
    0x08006b84   0x08006b84   0x0000017e   Code   RO         1435    .text.vTaskPrioritySet  tasks.o
    0x08006d02   0x08006d02   0x00000002   PAD
    0x08006d04   0x08006d04   0x000000ba   Code   RO         1441    .text.vTaskResume   tasks.o
    0x08006dbe   0x08006dbe   0x00000002   PAD
    0x08006dc0   0x08006dc0   0x000000cc   Code   RO         1447    .text.vTaskStartScheduler  tasks.o
    0x08006e8c   0x08006e8c   0x00000124   Code   RO         1437    .text.vTaskSuspend  tasks.o
    0x08006fb0   0x08006fb0   0x00000010   Code   RO         1421    .text.vTaskSuspendAll  tasks.o
    0x08006fc0   0x08006fc0   0x00000104   Code   RO         1439    .text.vTaskSwitchContext  tasks.o
    0x080070c4   0x080070c4   0x00000054   Code   RO         1267    .text.xPortStartScheduler  port.o
    0x08007118   0x08007118   0x0000003c   Code   RO         1283    .text.xPortSysTickHandler  port.o
    0x08007154   0x08007154   0x00000058   Code   RO         1330    .text.xQueueGenericCreate  queue.o
    0x080071ac   0x080071ac   0x0000004a   Code   RO         1326    .text.xQueueGenericCreateStatic  queue.o
    0x080071f6   0x080071f6   0x00000002   PAD
    0x080071f8   0x080071f8   0x0000009e   Code   RO         1324    .text.xQueueGenericReset  queue.o
    0x08007296   0x08007296   0x00000002   PAD
    0x08007298   0x08007298   0x0000016a   Code   RO         1344    .text.xQueueGenericSend  queue.o
    0x08007402   0x08007402   0x00000002   PAD
    0x08007404   0x08007404   0x000000be   Code   RO         1360    .text.xQueueGenericSendFromISR  queue.o
    0x080074c2   0x080074c2   0x00000002   PAD
    0x080074c4   0x080074c4   0x00000152   Code   RO         1364    .text.xQueueReceive  queue.o
    0x08007616   0x08007616   0x00000002   PAD
    0x08007618   0x08007618   0x0000019e   Code   RO         1348    .text.xQueueSemaphoreTake  queue.o
    0x080077b6   0x080077b6   0x00000002   PAD
    0x080077b8   0x080077b8   0x0000009a   Code   RO         1483    .text.xTaskCheckForTimeOut  tasks.o
    0x08007852   0x08007852   0x00000002   PAD
    0x08007854   0x08007854   0x0000009e   Code   RO         1411    .text.xTaskCreate   tasks.o
    0x080078f2   0x080078f2   0x00000002   PAD
    0x080078f4   0x080078f4   0x00000072   Code   RO         1405    .text.xTaskCreateStatic  tasks.o
    0x08007966   0x08007966   0x00000002   PAD
    0x08007968   0x08007968   0x00000038   Code   RO         1499    .text.xTaskGetSchedulerState  tasks.o
    0x080079a0   0x080079a0   0x00000014   Code   RO         1455    .text.xTaskGetTickCount  tasks.o
    0x080079b4   0x080079b4   0x0000019e   Code   RO         1453    .text.xTaskIncrementTick  tasks.o
    0x08007b52   0x08007b52   0x00000002   PAD
    0x08007b54   0x08007b54   0x000000a6   Code   RO         1503    .text.xTaskPriorityDisinherit  tasks.o
    0x08007bfa   0x08007bfa   0x00000002   PAD
    0x08007bfc   0x08007bfc   0x0000010e   Code   RO         1501    .text.xTaskPriorityInherit  tasks.o
    0x08007d0a   0x08007d0a   0x00000002   PAD
    0x08007d0c   0x08007d0c   0x000000b2   Code   RO         1475    .text.xTaskRemoveFromEventList  tasks.o
    0x08007dbe   0x08007dbe   0x00000002   PAD
    0x08007dc0   0x08007dc0   0x00000162   Code   RO         1425    .text.xTaskResumeAll  tasks.o
    0x08007f22   0x08007f22   0x00000002   PAD
    0x08007f24   0x08007f24   0x00000078   Code   RO         1559    .text.xTimerCreateTimerTask  timers.o
    0x08007f9c   0x08007f9c   0x00000094   Code   RO         1571    .text.xTimerGenericCommand  timers.o
    0x08008030   0x08008030   0x0000001c   Code   RO         1737    i.__0fprintf        mc_w.l(printfa.o)
    0x0800804c   0x0800804c   0x00000020   Code   RO         1738    i.__0printf         mc_w.l(printfa.o)
    0x0800806c   0x0800806c   0x00000034   Code   RO         1739    i.__0snprintf       mc_w.l(printfa.o)
    0x080080a0   0x080080a0   0x000000a0   Code   RO         1777    i.__aligned_malloc  mc_w.l(malloca.o)
    0x08008140   0x08008140   0x00000050   Code   RO         1778    i.__free$memalign   mc_w.l(malloca.o)
    0x08008190   0x08008190   0x00000006   Code   RO         1779    i.__malloc$memalign  mc_w.l(malloca.o)
    0x08008196   0x08008196   0x0000000e   Code   RO         1879    i.__scatterload_copy  mc_w.l(handlers.o)
    0x080081a4   0x080081a4   0x00000002   Code   RO         1880    i.__scatterload_null  mc_w.l(handlers.o)
    0x080081a6   0x080081a6   0x0000000e   Code   RO         1881    i.__scatterload_zeroinit  mc_w.l(handlers.o)
    0x080081b4   0x080081b4   0x00000184   Code   RO         1745    i._fp_digits        mc_w.l(printfa.o)
    0x08008338   0x08008338   0x000006dc   Code   RO         1746    i._printf_core      mc_w.l(printfa.o)
    0x08008a14   0x08008a14   0x00000024   Code   RO         1747    i._printf_post_padding  mc_w.l(printfa.o)
    0x08008a38   0x08008a38   0x0000002e   Code   RO         1748    i._printf_pre_padding  mc_w.l(printfa.o)
    0x08008a66   0x08008a66   0x00000016   Code   RO         1749    i._snputc           mc_w.l(printfa.o)
    0x08008a7c   0x08008a7c   0x00000018   Code   RO         1683    i.fputs             mc_w.l(fputs.o)
    0x08008a94   0x08008a94   0x00000048   Data   RO          371    .rodata._ZTV11TestThread0  test_00_thread_name.o
    0x08008adc   0x08008adc   0x00000048   Data   RO          393    .rodata._ZTV11TestThread1  test_01_thread_creation.o
    0x08008b24   0x08008b24   0x00000048   Data   RO          415    .rodata._ZTV11TestThread2  test_02_thread_join.o
    0x08008b6c   0x08008b6c   0x00000048   Data   RO          436    .rodata._ZTV11TestThread3  test_03_thread_suspend_resume.o
    0x08008bb4   0x08008bb4   0x00000048   Data   RO          456    .rodata._ZTV11TestThread4  test_04_thread_priority.o
    0x08008bfc   0x08008bfc   0x00000048   Data   RO          475    .rodata._ZTV11TestThread5  test_05_thread_delay.o
    0x08008c44   0x08008c44   0x00000048   Data   RO          632    .rodata._ZTV12TestThread11  test_11_thread_run_detailed.o
    0x08008c8c   0x08008c8c   0x00000048   Data   RO          611    .rodata._ZTV12TestThread12  test_12_thread_state.o
    0x08008cd4   0x08008cd4   0x00000048   Data   RO          590    .rodata._ZTV12TestThread13  test_13_thread_suspend_inactive.o
    0x08008d1c   0x08008d1c   0x00000048   Data   RO          571    .rodata._ZTV12TestThread14  test_14_thread_stack_size.o
    0x08008d64   0x08008d64   0x00000048   Data   RO          664    .rodata._ZTV13TestThread10A  test_10_thread_priority_change.o
    0x08008dac   0x08008dac   0x00000048   Data   RO          665    .rodata._ZTV13TestThread10B  test_10_thread_priority_change.o
    0x08008df4   0x08008df4   0x00000054   Data   RO          541    .rodata._ZTV14MyMortalThread  test_08_mortal_thread.o
    0x08008e48   0x08008e48   0x00000054   Data   RO          542    .rodata._ZTVN5osapi12MortalThreadE  test_08_mortal_thread.o
    0x08008e9c   0x08008e9c   0x00000048   Data   RO          373    .rodata._ZTVN5osapi15ThreadInterfaceE  test_00_thread_name.o
    0x08008ee4   0x08008ee4   0x00000048   Data   RO          372    .rodata._ZTVN5osapi6ThreadE  test_00_thread_name.o
    0x08008f2c   0x08008f2c   0x00000014   Data   RO            6    .rodata.str1.1      main.o
    0x08008f40   0x08008f40   0x000001d9   Data   RO           46    .rodata.str1.1      basic.o
    0x08009119   0x08009119   0x0000024a   Data   RO           68    .rodata.str1.1      cuerror.o
    0x08009363   0x08009363   0x000000ee   Data   RO          159    .rodata.str1.1      testdb.o
    0x08009451   0x08009451   0x000001ff   Data   RO          257    .rodata.str1.1      testrun.o
    0x08009650   0x08009650   0x0000003f   Data   RO          295    .rodata.str1.1      util.o
    0x0800968f   0x0800968f   0x00000082   Data   RO          314    .rodata.str1.1      test_00_thread_name.o
    0x08009711   0x08009711   0x0000007f   Data   RO          377    .rodata.str1.1      test_01_thread_creation.o
    0x08009790   0x08009790   0x000000b3   Data   RO          398    .rodata.str1.1      test_02_thread_join.o
    0x08009843   0x08009843   0x000000b7   Data   RO          419    .rodata.str1.1      test_03_thread_suspend_resume.o
    0x080098fa   0x080098fa   0x00000087   Data   RO          440    .rodata.str1.1      test_04_thread_priority.o
    0x08009981   0x08009981   0x0000007e   Data   RO          460    .rodata.str1.1      test_05_thread_delay.o
    0x080099ff   0x080099ff   0x00000078   Data   RO          479    .rodata.str1.1      test_06_mutex.o
    0x08009a77   0x08009a77   0x00000059   Data   RO          494    .rodata.str1.1      test_07_recursive_mutex.o
    0x08009ad0   0x08009ad0   0x0000009e   Data   RO          509    .rodata.str1.1      test_08_mortal_thread.o
    0x08009b6e   0x08009b6e   0x000001a7   Data   RO          546    .rodata.str1.1      test_osapi.o
    0x08009d15   0x08009d15   0x000000da   Data   RO          555    .rodata.str1.1      test_14_thread_stack_size.o
    0x08009def   0x08009def   0x000000aa   Data   RO          575    .rodata.str1.1      test_13_thread_suspend_inactive.o
    0x08009e99   0x08009e99   0x000000d1   Data   RO          594    .rodata.str1.1      test_12_thread_state.o
    0x08009f6a   0x08009f6a   0x000000c4   Data   RO          615    .rodata.str1.1      test_11_thread_run_detailed.o
    0x0800a02e   0x0800a02e   0x00000121   Data   RO          636    .rodata.str1.1      test_10_thread_priority_change.o
    0x0800a14f   0x0800a14f   0x00000027   Data   RO          890    .rodata.str1.1      retarget_io.o
    0x0800a176   0x0800a176   0x00000005   Data   RO         1545    .rodata.str1.1      tasks.o
    0x0800a17b   0x0800a17b   0x00000008   Data   RO         1614    .rodata.str1.1      timers.o
    0x0800a183   0x0800a183   0x00000001   PAD
    0x0800a184   0x0800a184   0x00000004   Data   RO         1530    .rodata.uxTopUsedPriority  tasks.o
    0x0800a188   0x0800a188   0x00000020   Data   RO         1878    Region$$Table       anon$$obj.o


    Execution Region RW_IRAM1 (Exec base: 0x20000000, Load base: 0x0800a1a8, Size: 0x00004fd0, Max: 0x00030000, ABSOLUTE)

    Exec Addr    Load Addr    Size         Type   Attr      Idx    E Section Name        Object

    0x20000000   0x0800a1a8   0x00000004   Data   RW         1689    .data               mc_w.l(stdout.o)
    0x20000004   0x0800a1ac   0x00000004   Data   RW         1690    .data               mc_w.l(stderr.o)
    0x20000008   0x0800a1b0   0x00000004   Data   RW         1854    .data               mc_w.l(mvars.o)
    0x2000000c   0x0800a1b4   0x00000004   Data   RW         1855    .data               mc_w.l(mvars.o)
    0x20000010   0x0800a1b8   0x00000004   Data   RW         1196    .data.SystemCoreClock  system_stm32f4xx.o
    0x20000014   0x0800a1bc   0x00000004   Data   RW          637    .data._ZL21osapiInitialPriorityA  test_10_thread_priority_change.o
    0x20000018   0x0800a1c0   0x00000004   Data   RW          638    .data._ZL21osapiInitialPriorityB  test_10_thread_priority_change.o
    0x2000001c   0x0800a1c4   0x00000004   Data   RW          556    .data._ZL7runFlag   test_14_thread_stack_size.o
    0x20000020   0x0800a1c8   0x00000004   Data   RW          596    .data._ZL7runFlag   test_12_thread_state.o
    0x20000024   0x0800a1cc   0x00000004   Data   RW          617    .data._ZL7runFlag   test_11_thread_run_detailed.o
    0x20000028   0x0800a1d0   0x00000004   Data   RW          641    .data._ZL7runFlag   test_10_thread_priority_change.o
    0x2000002c   0x0800a1d4   0x00000004   Data   RW          315    .data._ZL8testName  test_00_thread_name.o
    0x20000030   0x0800a1d8   0x00000004   Data   RW          270    .data.f_failure_on_inactive  testrun.o
    0x20000034   0x0800a1dc   0x000000b4   Data   RW           70    .data.get_error_desc.ErrorDescription  cuerror.o
    0x200000e8   0x0800a290   0x00000004   Data   RW         1285    .data.uxCriticalNesting  port.o
    0x200000ec   0x0800a294   0x00000004   PAD
    0x200000f0        -       0x00000004   Zero   RW          512    .bss._ZL11testFlagEnd  test_08_mortal_thread.o
    0x200000f4        -       0x00000004   Zero   RW          511    .bss._ZL12testFlagLoop  test_08_mortal_thread.o
    0x200000f8        -       0x00000004   Zero   RW          510    .bss._ZL13testFlagBegin  test_08_mortal_thread.o
    0x200000fc        -       0x00000004   Zero   RW          639    .bss._ZL19priorityDifferenceA  test_10_thread_priority_change.o
    0x20000100        -       0x00000004   Zero   RW          640    .bss._ZL19priorityDifferenceB  test_10_thread_priority_change.o
    0x20000104        -       0x00000001   Zero   RW          480    .bss._ZL1m          test_06_mutex.o
    0x20000105   0x0800a294   0x00000003   PAD
    0x20000108        -       0x00000008   Zero   RW          495    .bss._ZL1m          test_07_recursive_mutex.o
    0x20000110        -       0x00000004   Zero   RW          400    .bss._ZL7runFlag    test_02_thread_join.o
    0x20000114        -       0x00000004   Zero   RW          421    .bss._ZL7runFlag    test_03_thread_suspend_resume.o
    0x20000118        -       0x00000004   Zero   RW          441    .bss._ZL7runFlag    test_04_thread_priority.o
    0x2000011c        -       0x00000001   Zero   RW          595    .bss._ZL8runState   test_12_thread_state.o
    0x2000011d   0x0800a294   0x00000003   PAD
    0x20000120        -       0x00000004   Zero   RW          378    .bss._ZL8testFlag   test_01_thread_creation.o
    0x20000124        -       0x00000004   Zero   RW          399    .bss._ZL8testFlag   test_02_thread_join.o
    0x20000128        -       0x00000004   Zero   RW          420    .bss._ZL8testFlag   test_03_thread_suspend_resume.o
    0x2000012c        -       0x00000004   Zero   RW          616    .bss._ZL8testFlag   test_11_thread_run_detailed.o
    0x20000130        -       0x00000004   Zero   RW          268    .bss.f_bTestIsRunning  testrun.o
    0x20000134        -       0x00000004   Zero   RW          260    .bss.f_failure_list  testrun.o
    0x20000138        -       0x00000004   Zero   RW          271    .bss.f_last_failure  testrun.o
    0x2000013c        -       0x00000004   Zero   RW          265    .bss.f_pAllTestsCompleteMessageHandler  testrun.o
    0x20000140        -       0x00000004   Zero   RW          256    .bss.f_pCurSuite    testrun.o
    0x20000144        -       0x00000004   Zero   RW          258    .bss.f_pCurTest     testrun.o
    0x20000148        -       0x00000004   Zero   RW           47    .bss.f_pRunningSuite  basic.o
    0x2000014c        -       0x00000004   Zero   RW          267    .bss.f_pSuiteCleanupFailureMessageHandler  testrun.o
    0x20000150        -       0x00000004   Zero   RW          264    .bss.f_pSuiteCompleteMessageHandler  testrun.o
    0x20000154        -       0x00000004   Zero   RW          266    .bss.f_pSuiteInitFailureMessageHandler  testrun.o
    0x20000158        -       0x00000004   Zero   RW          261    .bss.f_pSuiteStartMessageHandler  testrun.o
    0x2000015c        -       0x00000004   Zero   RW          263    .bss.f_pTestCompleteMessageHandler  testrun.o
    0x20000160        -       0x00000004   Zero   RW          160    .bss.f_pTestRegistry  testdb.o
    0x20000164        -       0x00000004   Zero   RW          262    .bss.f_pTestStartMessageHandler  testrun.o
    0x20000168        -       0x00000001   Zero   RW           45    .bss.f_run_mode     basic.o
    0x20000169   0x0800a294   0x00000007   PAD
    0x20000170        -       0x00000060   Zero   RW          259    .bss.f_run_summary  testrun.o
    0x200001d0        -       0x00000004   Zero   RW          269    .bss.f_start_time   testrun.o
    0x200001d4        -       0x00000001   Zero   RW           67    .bss.g_error_action  cuerror.o
    0x200001d5        -       0x00000001   Zero   RW           69    .bss.g_error_number  cuerror.o
    0x200001d6        -       0x00000050   Zero   RW         1622    .bss.prvCheckForValidListAndQueue.ucStaticTimerQueueStorage  timers.o
    0x20000226   0x0800a294   0x00000002   PAD
    0x20000228        -       0x00000050   Zero   RW         1621    .bss.prvCheckForValidListAndQueue.xStaticTimerQueue  timers.o
    0x20000278        -       0x00000004   Zero   RW         1618    .bss.prvSampleTimeNow.xLastTime  timers.o
    0x2000027c        -       0x00000004   Zero   RW         1529    .bss.pxCurrentTCB   tasks.o
    0x20000280        -       0x00000004   Zero   RW         1616    .bss.pxCurrentTimerList  timers.o
    0x20000284        -       0x00000004   Zero   RW         1537    .bss.pxDelayedTaskList  tasks.o
    0x20000288        -       0x00000004   Zero   RW         1309    .bss.pxEnd          heap_4.o
    0x2000028c        -       0x00000004   Zero   RW         1538    .bss.pxOverflowDelayedTaskList  tasks.o
    0x20000290        -       0x00000004   Zero   RW         1617    .bss.pxOverflowTimerList  timers.o
    0x20000294        -       0x00000460   Zero   RW         1540    .bss.pxReadyTasksLists  tasks.o
    0x200006f4        -       0x00002000   Zero   RW         1316    .bss.ucHeap         heap_4.o
    0x200026f4        -       0x00000004   Zero   RW         1534    .bss.uxCurrentNumberOfTasks  tasks.o
    0x200026f8        -       0x00000004   Zero   RW         1533    .bss.uxDeletedTasksWaitingCleanUp  tasks.o
    0x200026fc        -       0x00000004   Zero   RW         1542    .bss.uxSchedulerSuspended  tasks.o
    0x20002700        -       0x00000004   Zero   RW         1531    .bss.uxTaskNumber   tasks.o
    0x20002704        -       0x00000004   Zero   RW         1541    .bss.uxTopReadyPriority  tasks.o
    0x20002708        -       0x00000200   Zero   RW          835    .bss.vApplicationGetIdleTaskMemory.Idle_Stack  cmsis_os2.o
    0x20002908        -       0x0000005c   Zero   RW          834    .bss.vApplicationGetIdleTaskMemory.Idle_TCB  cmsis_os2.o
    0x20002964        -       0x00000140   Zero   RW          837    .bss.vApplicationGetTimerTaskMemory.Timer_Stack  cmsis_os2.o
    0x20002aa4        -       0x0000005c   Zero   RW          836    .bss.vApplicationGetTimerTaskMemory.Timer_TCB  cmsis_os2.o
    0x20002b00        -       0x00000014   Zero   RW         1619    .bss.xActiveTimerList1  timers.o
    0x20002b14        -       0x00000014   Zero   RW         1620    .bss.xActiveTimerList2  timers.o
    0x20002b28        -       0x00000004   Zero   RW         1310    .bss.xBlockAllocatedBit  heap_4.o
    0x20002b2c        -       0x00000014   Zero   RW         1550    .bss.xDelayedTaskList1  tasks.o
    0x20002b40        -       0x00000014   Zero   RW         1551    .bss.xDelayedTaskList2  tasks.o
    0x20002b54        -       0x00000004   Zero   RW         1311    .bss.xFreeBytesRemaining  heap_4.o
    0x20002b58        -       0x00000004   Zero   RW         1546    .bss.xIdleTaskHandle  tasks.o
    0x20002b5c        -       0x00000004   Zero   RW         1313    .bss.xMinimumEverFreeBytesRemaining  heap_4.o
    0x20002b60        -       0x00000004   Zero   RW         1547    .bss.xNextTaskUnblockTime  tasks.o
    0x20002b64        -       0x00000004   Zero   RW         1549    .bss.xNumOfOverflows  tasks.o
    0x20002b68        -       0x00000004   Zero   RW         1314    .bss.xNumberOfSuccessfulAllocations  heap_4.o
    0x20002b6c        -       0x00000004   Zero   RW         1315    .bss.xNumberOfSuccessfulFrees  heap_4.o
    0x20002b70        -       0x00000004   Zero   RW         1548    .bss.xPendedTicks   tasks.o
    0x20002b74        -       0x00000014   Zero   RW         1544    .bss.xPendingReadyList  tasks.o
    0x20002b88        -       0x00000004   Zero   RW         1535    .bss.xSchedulerRunning  tasks.o
    0x20002b8c        -       0x00000008   Zero   RW         1312    .bss.xStart         heap_4.o
    0x20002b94        -       0x00000014   Zero   RW         1539    .bss.xSuspendedTaskList  tasks.o
    0x20002ba8        -       0x00000014   Zero   RW         1532    .bss.xTasksWaitingTermination  tasks.o
    0x20002bbc        -       0x00000004   Zero   RW         1536    .bss.xTickCount     tasks.o
    0x20002bc0        -       0x00000004   Zero   RW         1613    .bss.xTimerQueue    timers.o
    0x20002bc4        -       0x00000004   Zero   RW         1615    .bss.xTimerTaskHandle  timers.o
    0x20002bc8        -       0x00000004   Zero   RW         1543    .bss.xYieldPending  tasks.o
    0x20002bcc   0x0800a294   0x00000004   PAD
    0x20002bd0        -       0x00002000   Zero   RW         1184    HEAP                startup_stm32f429xx.o
    0x20004bd0        -       0x00000400   Zero   RW         1183    STACK               startup_stm32f429xx.o


==============================================================================

Image component sizes


      Code (inc. data)   RO Data    RW Data    ZI Data      Debug   Object Name

      1514          0        473          0          5       6033   basic.o
       124          0          0          0       1016      33272   cmsis_os2.o
       208          0        586        180          2       2491   cuerror.o
       952          0          0          0       8224       4208   heap_4.o
       296          0          0          0          0       2339   list.o
        70          0         20          0          0       7386   main.o
         8          0          0          0          0       4514   osapi_freertos.o
       626         16          0          4          0       2836   port.o
      2364          0          0          0          0      14044   queue.o
       322          0         39          0          0       2333   retarget_io.o
        36          8        428          0       9216        904   startup_stm32f429xx.o
        18          0          0          4          0       2712   system_stm32f4xx.o
      5616          0          9          0       1280      22583   tasks.o
      1166          0        346          4          0      24838   test_00_thread_name.o
       270          0        199          0          4      24898   test_01_thread_creation.o
       576          0        251          0          8      25121   test_02_thread_join.o
       574          0        255          0          8      25099   test_03_thread_suspend_resume.o
       312          0        207          0          4      24926   test_04_thread_priority.o
       292          0        198          0          0      24879   test_05_thread_delay.o
       220          0        120          0          1      25712   test_06_mutex.o
       314          0         89          0          8      18555   test_07_recursive_mutex.o
       674          0        326          0         12      26489   test_08_mortal_thread.o
       866          0        433         12          8      26122   test_10_thread_priority_change.o
       536          0        268          4          4      25143   test_11_thread_run_detailed.o
       712          0        281          4          1      25185   test_12_thread_state.o
       276          0        242          0          0      24893   test_13_thread_suspend_inactive.o
       510          0        290          4          0      25047   test_14_thread_stack_size.o
       448          0        423          0          0      17809   test_osapi.o
      2172          0        238          0          4      12232   testdb.o
      6766         16        511          4        148      13552   testrun.o
      1456         10          8          0        220      10473   timers.o
       208          0         63          0          0       2864   util.o

    ----------------------------------------------------------------------
     30744         62       6336        220      20196     509492   Object Totals
         0          0         32          0          0          0   (incl. Generated)
       242         12          1          0         23          0   (incl. Padding)

    ----------------------------------------------------------------------

      Code (inc. data)   RO Data    RW Data    ZI Data      Debug   Library Member Name

         4          0          0          0          0        380   new.cpp.o
         4          0          0          0          0         36   abort_message.cpp.o
        40         32          0          0          0         52   cxa_virtual.cpp.o
         0          0          0          0          0          0   entry.o
         0          0          0          0          0          0   entry10a.o
         0          0          0          0          0          0   entry11a.o
         8          4          0          0          0          0   entry2.o
         4          0          0          0          0          0   entry5.o
         0          0          0          0          0          0   entry7b.o
         0          0          0          0          0          0   entry8b.o
         8          4          0          0          0          0   entry9a.o
        24          0          0          0          0         80   fputs.o
        30          0          0          0          0          0   handlers.o
        36          8          0          0          0         68   init.o
         0          0          0          0          0          0   iusefp.o
        30          0          0          0          0         68   llshl.o
        36          0          0          0          0         68   llsshr.o
        32          0          0          0          0         68   llushr.o
       246         22          0          0          0        232   malloca.o
        36          0          0          0          0         68   memcpya.o
        36          0          0          0          0        108   memseta.o
         0          0          0          8          0          0   mvars.o
      2360        100          0          0          0        692   printfa.o
         0          0          0          4          0          0   stderr.o
         0          0          0          4          0          0   stdout.o
        28          0          0          0          0         76   strcmp.o
        18          0          0          0          0         68   strcpy.o
        14          0          0          0          0         68   strlen.o
        12          0          0          0          0         68   toupper.o
        44          0          0          0          0         80   uidiv.o
        98          0          0          0          0         92   uldiv.o
        48          0          0          0          0         68   cdrcmple.o
       334          0          0          0          0        148   dadd.o
       222          0          0          0          0        100   ddiv.o
       186          0          0          0          0        176   depilogue.o
        48          0          0          0          0         68   dfixul.o
        26          0          0          0          0         76   dfltui.o
       228          0          0          0          0         96   dmul.o
        62          0          0          0          0         92   setjmp.o

    ----------------------------------------------------------------------
      4304        170          0         16          0       3196   Library Totals
         2          0          0          0          0          0   (incl. Padding)

    ----------------------------------------------------------------------

      Code (inc. data)   RO Data    RW Data    ZI Data      Debug   Library Name

         4          0          0          0          0        380   libcpp_w.l
        44         32          0          0          0         88   libcppabi_w.l
      3100        138          0         16          0       1904   mc_w.l
      1154          0          0          0          0        824   mf_w.l

    ----------------------------------------------------------------------
      4304        170          0         16          0       3196   Library Totals

    ----------------------------------------------------------------------

==============================================================================


      Code (inc. data)   RO Data    RW Data    ZI Data      Debug   

     35048        232       6336        236      20196     510776   Grand Totals
     35048        232       6336        236      20196     510776   ELF Image Totals
     35048        232       6336        236          0          0   ROM Totals

==============================================================================

    Total RO  Size (Code + RO Data)                41384 (  40.41kB)
    Total RW  Size (RW Data + ZI Data)             20432 (  19.95kB)
    Total ROM Size (Code + RO Data + RW Data)      41620 (  40.64kB)

==============================================================================

